INFO flwr 2024-03-13 17:31:06,443 | app.py:146 | Starting Flower simulation, config: ServerConfig(num_rounds=100, round_timeout=None)
2024-03-13 17:31:09,126	INFO worker.py:1724 -- Started a local Ray instance.
INFO flwr 2024-03-13 17:31:18,374 | app.py:180 | Flower VCE: Ray initialized with resources: {'GPU': 1.0, 'object_store_memory': 153358231142.0, 'node:__internal_head__': 1.0, 'accelerator_type:A10': 1.0, 'node:10.131.34.76': 1.0, 'CPU': 96.0, 'memory': 347835872666.0}
INFO flwr 2024-03-13 17:31:18,374 | server.py:86 | Initializing global parameters
INFO flwr 2024-03-13 17:31:18,374 | server.py:269 | Using initial parameters provided by strategy
INFO flwr 2024-03-13 17:31:18,374 | server.py:88 | Evaluating initial parameters
INFO flwr 2024-03-13 17:31:23,420 | server.py:91 | initial parameters (loss, other metrics): 182.39436650276184, {'accuracy': 0.1075}
INFO flwr 2024-03-13 17:31:23,420 | server.py:101 | FL starting
DEBUG flwr 2024-03-13 17:31:23,420 | server.py:218 | fit_round 1: strategy sampled 15 clients (out of 50)
DEBUG flwr 2024-03-13 17:34:44,854 | server.py:232 | fit_round 1 received 15 results and 0 failures
WARNING flwr 2024-03-13 17:35:27,263 | bd_strategy.py:524 | No fit_metrics_aggregation_fn provided
INFO flwr 2024-03-13 17:35:31,413 | server.py:119 | fit progress: (1, 180.59801387786865, {'accuracy': 0.1842}, 247.99291412497405)
DEBUG flwr 2024-03-13 17:35:31,413 | server.py:168 | evaluate_round 1: strategy sampled 50 clients (out of 50)
DEBUG flwr 2024-03-13 17:36:20,459 | server.py:182 | evaluate_round 1 received 50 results and 0 failures
DEBUG flwr 2024-03-13 17:36:20,593 | server.py:218 | fit_round 2: strategy sampled 15 clients (out of 50)
DEBUG flwr 2024-03-13 17:39:22,353 | server.py:232 | fit_round 2 received 15 results and 0 failures
INFO flwr 2024-03-13 17:40:16,874 | server.py:119 | fit progress: (2, 183.74291157722473, {'accuracy': 0.1729}, 533.4539213919779)
DEBUG flwr 2024-03-13 17:40:16,874 | server.py:168 | evaluate_round 2: strategy sampled 50 clients (out of 50)
DEBUG flwr 2024-03-13 17:41:05,445 | server.py:182 | evaluate_round 2 received 50 results and 0 failures
DEBUG flwr 2024-03-13 17:41:05,578 | server.py:218 | fit_round 3: strategy sampled 15 clients (out of 50)
DEBUG flwr 2024-03-13 17:44:25,680 | server.py:232 | fit_round 3 received 15 results and 0 failures
INFO flwr 2024-03-13 17:45:15,213 | server.py:119 | fit progress: (3, 171.2720056772232, {'accuracy': 0.2413}, 831.7933177510276)
DEBUG flwr 2024-03-13 17:45:15,214 | server.py:168 | evaluate_round 3: strategy sampled 50 clients (out of 50)
DEBUG flwr 2024-03-13 17:46:03,327 | server.py:182 | evaluate_round 3 received 50 results and 0 failures
DEBUG flwr 2024-03-13 17:46:03,468 | server.py:218 | fit_round 4: strategy sampled 15 clients (out of 50)
DEBUG flwr 2024-03-13 17:48:50,061 | server.py:232 | fit_round 4 received 15 results and 0 failures
INFO flwr 2024-03-13 17:49:41,713 | server.py:119 | fit progress: (4, 155.91233599185944, {'accuracy': 0.2923}, 1098.2924661659636)
DEBUG flwr 2024-03-13 17:49:41,713 | server.py:168 | evaluate_round 4: strategy sampled 50 clients (out of 50)
DEBUG flwr 2024-03-13 17:50:29,872 | server.py:182 | evaluate_round 4 received 50 results and 0 failures
DEBUG flwr 2024-03-13 17:50:30,006 | server.py:218 | fit_round 5: strategy sampled 15 clients (out of 50)
DEBUG flwr 2024-03-13 17:53:39,723 | server.py:232 | fit_round 5 received 15 results and 0 failures
INFO flwr 2024-03-13 17:54:23,706 | server.py:119 | fit progress: (5, 157.16504573822021, {'accuracy': 0.3016}, 1380.285765941022)
DEBUG flwr 2024-03-13 17:54:23,706 | server.py:168 | evaluate_round 5: strategy sampled 50 clients (out of 50)
DEBUG flwr 2024-03-13 17:55:12,363 | server.py:182 | evaluate_round 5 received 50 results and 0 failures
DEBUG flwr 2024-03-13 17:55:12,499 | server.py:218 | fit_round 6: strategy sampled 15 clients (out of 50)
DEBUG flwr 2024-03-13 17:58:43,898 | server.py:232 | fit_round 6 received 15 results and 0 failures
INFO flwr 2024-03-13 17:59:29,622 | server.py:119 | fit progress: (6, 150.60978877544403, {'accuracy': 0.3228}, 1686.2021451300243)
DEBUG flwr 2024-03-13 17:59:29,622 | server.py:168 | evaluate_round 6: strategy sampled 50 clients (out of 50)
DEBUG flwr 2024-03-13 18:00:17,368 | server.py:182 | evaluate_round 6 received 50 results and 0 failures
DEBUG flwr 2024-03-13 18:00:17,509 | server.py:218 | fit_round 7: strategy sampled 15 clients (out of 50)
DEBUG flwr 2024-03-13 18:03:07,779 | server.py:232 | fit_round 7 received 15 results and 0 failures
INFO flwr 2024-03-13 18:03:45,463 | server.py:119 | fit progress: (7, 146.62924575805664, {'accuracy': 0.34}, 1942.0433091779705)
DEBUG flwr 2024-03-13 18:03:45,464 | server.py:168 | evaluate_round 7: strategy sampled 50 clients (out of 50)
DEBUG flwr 2024-03-13 18:04:32,985 | server.py:182 | evaluate_round 7 received 50 results and 0 failures
DEBUG flwr 2024-03-13 18:04:33,141 | server.py:218 | fit_round 8: strategy sampled 15 clients (out of 50)
DEBUG flwr 2024-03-13 18:07:21,977 | server.py:232 | fit_round 8 received 15 results and 0 failures
INFO flwr 2024-03-13 18:08:00,507 | server.py:119 | fit progress: (8, 158.58333444595337, {'accuracy': 0.3342}, 2197.0868424630025)
DEBUG flwr 2024-03-13 18:08:00,507 | server.py:168 | evaluate_round 8: strategy sampled 50 clients (out of 50)
DEBUG flwr 2024-03-13 18:08:48,053 | server.py:182 | evaluate_round 8 received 50 results and 0 failures
DEBUG flwr 2024-03-13 18:08:48,188 | server.py:218 | fit_round 9: strategy sampled 15 clients (out of 50)
DEBUG flwr 2024-03-13 18:11:35,788 | server.py:232 | fit_round 9 received 15 results and 0 failures
INFO flwr 2024-03-13 18:12:17,081 | server.py:119 | fit progress: (9, 164.27403318881989, {'accuracy': 0.3377}, 2453.6612263419665)
DEBUG flwr 2024-03-13 18:12:17,082 | server.py:168 | evaluate_round 9: strategy sampled 50 clients (out of 50)
DEBUG flwr 2024-03-13 18:13:05,437 | server.py:182 | evaluate_round 9 received 50 results and 0 failures
DEBUG flwr 2024-03-13 18:13:05,578 | server.py:218 | fit_round 10: strategy sampled 15 clients (out of 50)
DEBUG flwr 2024-03-13 18:16:15,385 | server.py:232 | fit_round 10 received 15 results and 0 failures
INFO flwr 2024-03-13 18:17:02,802 | server.py:119 | fit progress: (10, 188.05635356903076, {'accuracy': 0.3072}, 2739.381557038985)
DEBUG flwr 2024-03-13 18:17:02,802 | server.py:168 | evaluate_round 10: strategy sampled 50 clients (out of 50)
DEBUG flwr 2024-03-13 18:17:51,308 | server.py:182 | evaluate_round 10 received 50 results and 0 failures
DEBUG flwr 2024-03-13 18:17:51,448 | server.py:218 | fit_round 11: strategy sampled 15 clients (out of 50)
DEBUG flwr 2024-03-13 18:21:05,716 | server.py:232 | fit_round 11 received 15 results and 0 failures
INFO flwr 2024-03-13 18:21:53,571 | server.py:119 | fit progress: (11, 157.4175544977188, {'accuracy': 0.3517}, 3030.150524682016)
DEBUG flwr 2024-03-13 18:21:53,571 | server.py:168 | evaluate_round 11: strategy sampled 50 clients (out of 50)
DEBUG flwr 2024-03-13 18:22:42,020 | server.py:182 | evaluate_round 11 received 50 results and 0 failures
DEBUG flwr 2024-03-13 18:22:42,155 | server.py:218 | fit_round 12: strategy sampled 15 clients (out of 50)
DEBUG flwr 2024-03-13 18:25:40,446 | server.py:232 | fit_round 12 received 15 results and 0 failures
INFO flwr 2024-03-13 18:26:26,129 | server.py:119 | fit progress: (12, 187.64631474018097, {'accuracy': 0.3049}, 3302.7089769589948)
DEBUG flwr 2024-03-13 18:26:26,129 | server.py:168 | evaluate_round 12: strategy sampled 50 clients (out of 50)
DEBUG flwr 2024-03-13 18:27:17,777 | server.py:182 | evaluate_round 12 received 50 results and 0 failures
DEBUG flwr 2024-03-13 18:27:17,917 | server.py:218 | fit_round 13: strategy sampled 15 clients (out of 50)
DEBUG flwr 2024-03-13 18:30:44,463 | server.py:232 | fit_round 13 received 15 results and 0 failures
INFO flwr 2024-03-13 18:31:31,737 | server.py:119 | fit progress: (13, 176.12413787841797, {'accuracy': 0.3185}, 3608.3173833639594)
DEBUG flwr 2024-03-13 18:31:31,738 | server.py:168 | evaluate_round 13: strategy sampled 50 clients (out of 50)
DEBUG flwr 2024-03-13 18:32:19,467 | server.py:182 | evaluate_round 13 received 50 results and 0 failures
DEBUG flwr 2024-03-13 18:32:19,601 | server.py:218 | fit_round 14: strategy sampled 15 clients (out of 50)
DEBUG flwr 2024-03-13 18:35:40,860 | server.py:232 | fit_round 14 received 15 results and 0 failures
INFO flwr 2024-03-13 18:36:32,462 | server.py:119 | fit progress: (14, 177.4117271900177, {'accuracy': 0.3341}, 3909.042207711027)
DEBUG flwr 2024-03-13 18:36:32,462 | server.py:168 | evaluate_round 14: strategy sampled 50 clients (out of 50)
DEBUG flwr 2024-03-13 18:37:21,460 | server.py:182 | evaluate_round 14 received 50 results and 0 failures
DEBUG flwr 2024-03-13 18:37:21,590 | server.py:218 | fit_round 15: strategy sampled 15 clients (out of 50)
DEBUG flwr 2024-03-13 18:40:45,314 | server.py:232 | fit_round 15 received 15 results and 0 failures
INFO flwr 2024-03-13 18:41:36,888 | server.py:119 | fit progress: (15, 167.86259400844574, {'accuracy': 0.3656}, 4213.467415355961)
DEBUG flwr 2024-03-13 18:41:36,888 | server.py:168 | evaluate_round 15: strategy sampled 50 clients (out of 50)
DEBUG flwr 2024-03-13 18:42:24,587 | server.py:182 | evaluate_round 15 received 50 results and 0 failures
DEBUG flwr 2024-03-13 18:42:24,726 | server.py:218 | fit_round 16: strategy sampled 15 clients (out of 50)
DEBUG flwr 2024-03-13 18:45:25,303 | server.py:232 | fit_round 16 received 15 results and 0 failures
INFO flwr 2024-03-13 18:46:05,085 | server.py:119 | fit progress: (16, 170.3752851486206, {'accuracy': 0.3571}, 4481.664664453012)
DEBUG flwr 2024-03-13 18:46:05,085 | server.py:168 | evaluate_round 16: strategy sampled 50 clients (out of 50)
DEBUG flwr 2024-03-13 18:46:53,497 | server.py:182 | evaluate_round 16 received 50 results and 0 failures
DEBUG flwr 2024-03-13 18:46:53,636 | server.py:218 | fit_round 17: strategy sampled 15 clients (out of 50)
DEBUG flwr 2024-03-13 18:50:10,419 | server.py:232 | fit_round 17 received 15 results and 0 failures
INFO flwr 2024-03-13 18:50:48,531 | server.py:119 | fit progress: (17, 193.04439771175385, {'accuracy': 0.3358}, 4765.110899991007)
DEBUG flwr 2024-03-13 18:50:48,531 | server.py:168 | evaluate_round 17: strategy sampled 50 clients (out of 50)
DEBUG flwr 2024-03-13 18:51:36,827 | server.py:182 | evaluate_round 17 received 50 results and 0 failures
DEBUG flwr 2024-03-13 18:51:36,963 | server.py:218 | fit_round 18: strategy sampled 15 clients (out of 50)
DEBUG flwr 2024-03-13 18:54:42,861 | server.py:232 | fit_round 18 received 15 results and 0 failures
INFO flwr 2024-03-13 18:55:21,571 | server.py:119 | fit progress: (18, 225.28072500228882, {'accuracy': 0.3119}, 5038.150871007005)
DEBUG flwr 2024-03-13 18:55:21,571 | server.py:168 | evaluate_round 18: strategy sampled 50 clients (out of 50)
DEBUG flwr 2024-03-13 18:56:10,515 | server.py:182 | evaluate_round 18 received 50 results and 0 failures
DEBUG flwr 2024-03-13 18:56:10,646 | server.py:218 | fit_round 19: strategy sampled 15 clients (out of 50)
DEBUG flwr 2024-03-13 18:59:13,122 | server.py:232 | fit_round 19 received 15 results and 0 failures
INFO flwr 2024-03-13 18:59:49,250 | server.py:119 | fit progress: (19, 229.1392161846161, {'accuracy': 0.3276}, 5305.829683604999)
DEBUG flwr 2024-03-13 18:59:49,250 | server.py:168 | evaluate_round 19: strategy sampled 50 clients (out of 50)
DEBUG flwr 2024-03-13 19:00:36,827 | server.py:182 | evaluate_round 19 received 50 results and 0 failures
DEBUG flwr 2024-03-13 19:00:36,957 | server.py:218 | fit_round 20: strategy sampled 15 clients (out of 50)
DEBUG flwr 2024-03-13 19:03:41,916 | server.py:232 | fit_round 20 received 15 results and 0 failures
INFO flwr 2024-03-13 19:04:25,682 | server.py:119 | fit progress: (20, 237.02192211151123, {'accuracy': 0.301}, 5582.261570026982)
DEBUG flwr 2024-03-13 19:04:25,682 | server.py:168 | evaluate_round 20: strategy sampled 50 clients (out of 50)
DEBUG flwr 2024-03-13 19:05:13,625 | server.py:182 | evaluate_round 20 received 50 results and 0 failures
DEBUG flwr 2024-03-13 19:05:13,761 | server.py:218 | fit_round 21: strategy sampled 15 clients (out of 50)
DEBUG flwr 2024-03-13 19:07:56,108 | server.py:232 | fit_round 21 received 15 results and 0 failures
INFO flwr 2024-03-13 19:08:35,654 | server.py:119 | fit progress: (21, 222.04639315605164, {'accuracy': 0.3197}, 5832.234107663971)
DEBUG flwr 2024-03-13 19:08:35,654 | server.py:168 | evaluate_round 21: strategy sampled 50 clients (out of 50)
DEBUG flwr 2024-03-13 19:09:24,314 | server.py:182 | evaluate_round 21 received 50 results and 0 failures
DEBUG flwr 2024-03-13 19:09:24,446 | server.py:218 | fit_round 22: strategy sampled 15 clients (out of 50)
DEBUG flwr 2024-03-13 19:12:46,986 | server.py:232 | fit_round 22 received 15 results and 0 failures
INFO flwr 2024-03-13 19:14:05,754 | server.py:119 | fit progress: (22, 243.42469811439514, {'accuracy': 0.3047}, 6162.334002892952)
DEBUG flwr 2024-03-13 19:14:05,755 | server.py:168 | evaluate_round 22: strategy sampled 50 clients (out of 50)
DEBUG flwr 2024-03-13 19:14:53,419 | server.py:182 | evaluate_round 22 received 50 results and 0 failures
DEBUG flwr 2024-03-13 19:14:53,550 | server.py:218 | fit_round 23: strategy sampled 15 clients (out of 50)
DEBUG flwr 2024-03-13 19:17:49,863 | server.py:232 | fit_round 23 received 15 results and 0 failures
INFO flwr 2024-03-13 19:18:27,691 | server.py:119 | fit progress: (23, 206.14537572860718, {'accuracy': 0.3393}, 6424.271031217999)
DEBUG flwr 2024-03-13 19:18:27,691 | server.py:168 | evaluate_round 23: strategy sampled 50 clients (out of 50)
DEBUG flwr 2024-03-13 19:19:16,533 | server.py:182 | evaluate_round 23 received 50 results and 0 failures
DEBUG flwr 2024-03-13 19:19:16,664 | server.py:218 | fit_round 24: strategy sampled 15 clients (out of 50)
DEBUG flwr 2024-03-13 19:23:20,061 | server.py:232 | fit_round 24 received 15 results and 0 failures
INFO flwr 2024-03-13 19:23:58,185 | server.py:119 | fit progress: (24, 195.27222967147827, {'accuracy': 0.3474}, 6754.764782759012)
DEBUG flwr 2024-03-13 19:23:58,185 | server.py:168 | evaluate_round 24: strategy sampled 50 clients (out of 50)
DEBUG flwr 2024-03-13 19:24:46,554 | server.py:182 | evaluate_round 24 received 50 results and 0 failures
DEBUG flwr 2024-03-13 19:24:46,682 | server.py:218 | fit_round 25: strategy sampled 15 clients (out of 50)
DEBUG flwr 2024-03-13 19:28:08,307 | server.py:232 | fit_round 25 received 15 results and 0 failures
INFO flwr 2024-03-13 19:28:50,655 | server.py:119 | fit progress: (25, 219.9899001121521, {'accuracy': 0.3289}, 7047.234930407954)
DEBUG flwr 2024-03-13 19:28:50,655 | server.py:168 | evaluate_round 25: strategy sampled 50 clients (out of 50)
DEBUG flwr 2024-03-13 19:29:38,707 | server.py:182 | evaluate_round 25 received 50 results and 0 failures
DEBUG flwr 2024-03-13 19:29:38,972 | server.py:218 | fit_round 26: strategy sampled 15 clients (out of 50)
DEBUG flwr 2024-03-13 19:33:02,894 | server.py:232 | fit_round 26 received 15 results and 0 failures
INFO flwr 2024-03-13 19:33:47,920 | server.py:119 | fit progress: (26, 261.9062864780426, {'accuracy': 0.325}, 7344.499874399975)
DEBUG flwr 2024-03-13 19:33:47,920 | server.py:168 | evaluate_round 26: strategy sampled 50 clients (out of 50)
DEBUG flwr 2024-03-13 19:34:36,818 | server.py:182 | evaluate_round 26 received 50 results and 0 failures
DEBUG flwr 2024-03-13 19:34:36,949 | server.py:218 | fit_round 27: strategy sampled 15 clients (out of 50)
DEBUG flwr 2024-03-13 19:38:07,519 | server.py:232 | fit_round 27 received 15 results and 0 failures
INFO flwr 2024-03-13 19:38:46,075 | server.py:119 | fit progress: (27, 296.6334228515625, {'accuracy': 0.2953}, 7642.655276941019)
DEBUG flwr 2024-03-13 19:38:46,076 | server.py:168 | evaluate_round 27: strategy sampled 50 clients (out of 50)
DEBUG flwr 2024-03-13 19:39:35,432 | server.py:182 | evaluate_round 27 received 50 results and 0 failures
DEBUG flwr 2024-03-13 19:39:35,692 | server.py:218 | fit_round 28: strategy sampled 15 clients (out of 50)
DEBUG flwr 2024-03-13 19:42:44,623 | server.py:232 | fit_round 28 received 15 results and 0 failures
INFO flwr 2024-03-13 19:43:24,791 | server.py:119 | fit progress: (28, 258.04423570632935, {'accuracy': 0.3123}, 7921.370998066966)
DEBUG flwr 2024-03-13 19:43:24,791 | server.py:168 | evaluate_round 28: strategy sampled 50 clients (out of 50)
DEBUG flwr 2024-03-13 19:44:12,597 | server.py:182 | evaluate_round 28 received 50 results and 0 failures
DEBUG flwr 2024-03-13 19:44:12,727 | server.py:218 | fit_round 29: strategy sampled 15 clients (out of 50)
DEBUG flwr 2024-03-13 19:47:12,688 | server.py:232 | fit_round 29 received 15 results and 0 failures
INFO flwr 2024-03-13 19:47:47,995 | server.py:119 | fit progress: (29, 217.69724440574646, {'accuracy': 0.3333}, 8184.574736371054)
DEBUG flwr 2024-03-13 19:47:47,995 | server.py:168 | evaluate_round 29: strategy sampled 50 clients (out of 50)
DEBUG flwr 2024-03-13 19:48:37,759 | server.py:182 | evaluate_round 29 received 50 results and 0 failures
DEBUG flwr 2024-03-13 19:48:37,889 | server.py:218 | fit_round 30: strategy sampled 15 clients (out of 50)
DEBUG flwr 2024-03-13 19:52:01,133 | server.py:232 | fit_round 30 received 15 results and 0 failures
INFO flwr 2024-03-13 19:52:39,480 | server.py:119 | fit progress: (30, 222.115385055542, {'accuracy': 0.3316}, 8476.059914986952)
DEBUG flwr 2024-03-13 19:52:39,480 | server.py:168 | evaluate_round 30: strategy sampled 50 clients (out of 50)
DEBUG flwr 2024-03-13 19:53:27,507 | server.py:182 | evaluate_round 30 received 50 results and 0 failures
DEBUG flwr 2024-03-13 19:53:27,636 | server.py:218 | fit_round 31: strategy sampled 15 clients (out of 50)
DEBUG flwr 2024-03-13 19:56:26,482 | server.py:232 | fit_round 31 received 15 results and 0 failures
INFO flwr 2024-03-13 19:57:10,962 | server.py:119 | fit progress: (31, 236.6886646747589, {'accuracy': 0.3322}, 8747.542064836016)
DEBUG flwr 2024-03-13 19:57:10,962 | server.py:168 | evaluate_round 31: strategy sampled 50 clients (out of 50)
DEBUG flwr 2024-03-13 19:57:59,508 | server.py:182 | evaluate_round 31 received 50 results and 0 failures
DEBUG flwr 2024-03-13 19:57:59,639 | server.py:218 | fit_round 32: strategy sampled 15 clients (out of 50)
DEBUG flwr 2024-03-13 20:00:55,128 | server.py:232 | fit_round 32 received 15 results and 0 failures
INFO flwr 2024-03-13 20:01:35,232 | server.py:119 | fit progress: (32, 271.89818835258484, {'accuracy': 0.3235}, 9011.81176844996)
DEBUG flwr 2024-03-13 20:01:35,232 | server.py:168 | evaluate_round 32: strategy sampled 50 clients (out of 50)
DEBUG flwr 2024-03-13 20:02:23,663 | server.py:182 | evaluate_round 32 received 50 results and 0 failures
DEBUG flwr 2024-03-13 20:02:23,798 | server.py:218 | fit_round 33: strategy sampled 15 clients (out of 50)
DEBUG flwr 2024-03-13 20:05:34,527 | server.py:232 | fit_round 33 received 15 results and 0 failures
INFO flwr 2024-03-13 20:06:15,719 | server.py:119 | fit progress: (33, 281.12036418914795, {'accuracy': 0.3231}, 9292.29878520302)
DEBUG flwr 2024-03-13 20:06:15,719 | server.py:168 | evaluate_round 33: strategy sampled 50 clients (out of 50)
DEBUG flwr 2024-03-13 20:07:04,000 | server.py:182 | evaluate_round 33 received 50 results and 0 failures
DEBUG flwr 2024-03-13 20:07:04,130 | server.py:218 | fit_round 34: strategy sampled 15 clients (out of 50)
DEBUG flwr 2024-03-13 20:10:14,342 | server.py:232 | fit_round 34 received 15 results and 0 failures
INFO flwr 2024-03-13 20:10:51,020 | server.py:119 | fit progress: (34, 285.64606976509094, {'accuracy': 0.3273}, 9567.59980067797)
DEBUG flwr 2024-03-13 20:10:51,020 | server.py:168 | evaluate_round 34: strategy sampled 50 clients (out of 50)
DEBUG flwr 2024-03-13 20:11:39,391 | server.py:182 | evaluate_round 34 received 50 results and 0 failures
DEBUG flwr 2024-03-13 20:11:39,538 | server.py:218 | fit_round 35: strategy sampled 15 clients (out of 50)
DEBUG flwr 2024-03-13 20:14:36,761 | server.py:232 | fit_round 35 received 15 results and 0 failures
INFO flwr 2024-03-13 20:15:13,333 | server.py:119 | fit progress: (35, 281.859751701355, {'accuracy': 0.3053}, 9829.912947739009)
DEBUG flwr 2024-03-13 20:15:13,333 | server.py:168 | evaluate_round 35: strategy sampled 50 clients (out of 50)
DEBUG flwr 2024-03-13 20:16:02,708 | server.py:182 | evaluate_round 35 received 50 results and 0 failures
DEBUG flwr 2024-03-13 20:16:02,838 | server.py:218 | fit_round 36: strategy sampled 15 clients (out of 50)
DEBUG flwr 2024-03-13 20:19:19,266 | server.py:232 | fit_round 36 received 15 results and 0 failures
INFO flwr 2024-03-13 20:19:58,842 | server.py:119 | fit progress: (36, 270.43807435035706, {'accuracy': 0.3199}, 10115.421722981962)
DEBUG flwr 2024-03-13 20:19:58,842 | server.py:168 | evaluate_round 36: strategy sampled 50 clients (out of 50)
DEBUG flwr 2024-03-13 20:20:47,432 | server.py:182 | evaluate_round 36 received 50 results and 0 failures
DEBUG flwr 2024-03-13 20:20:47,570 | server.py:218 | fit_round 37: strategy sampled 15 clients (out of 50)
DEBUG flwr 2024-03-13 20:23:51,754 | server.py:232 | fit_round 37 received 15 results and 0 failures
INFO flwr 2024-03-13 20:24:32,788 | server.py:119 | fit progress: (37, 271.7554998397827, {'accuracy': 0.3177}, 10389.368108741939)
DEBUG flwr 2024-03-13 20:24:32,788 | server.py:168 | evaluate_round 37: strategy sampled 50 clients (out of 50)
DEBUG flwr 2024-03-13 20:25:21,404 | server.py:182 | evaluate_round 37 received 50 results and 0 failures
DEBUG flwr 2024-03-13 20:25:21,541 | server.py:218 | fit_round 38: strategy sampled 15 clients (out of 50)
DEBUG flwr 2024-03-13 20:28:06,473 | server.py:232 | fit_round 38 received 15 results and 0 failures
INFO flwr 2024-03-13 20:28:41,122 | server.py:119 | fit progress: (38, 268.74016523361206, {'accuracy': 0.3218}, 10637.702342847944)
DEBUG flwr 2024-03-13 20:28:41,123 | server.py:168 | evaluate_round 38: strategy sampled 50 clients (out of 50)
DEBUG flwr 2024-03-13 20:29:27,992 | server.py:182 | evaluate_round 38 received 50 results and 0 failures
DEBUG flwr 2024-03-13 20:29:28,131 | server.py:218 | fit_round 39: strategy sampled 15 clients (out of 50)
DEBUG flwr 2024-03-13 20:33:03,946 | server.py:232 | fit_round 39 received 15 results and 0 failures
INFO flwr 2024-03-13 20:33:38,901 | server.py:119 | fit progress: (39, 255.89761996269226, {'accuracy': 0.3161}, 10935.480588327977)
DEBUG flwr 2024-03-13 20:33:38,901 | server.py:168 | evaluate_round 39: strategy sampled 50 clients (out of 50)
DEBUG flwr 2024-03-13 20:34:26,221 | server.py:182 | evaluate_round 39 received 50 results and 0 failures
DEBUG flwr 2024-03-13 20:34:26,396 | server.py:218 | fit_round 40: strategy sampled 15 clients (out of 50)
DEBUG flwr 2024-03-13 20:37:46,993 | server.py:232 | fit_round 40 received 15 results and 0 failures
INFO flwr 2024-03-13 20:38:28,996 | server.py:119 | fit progress: (40, 279.7640779018402, {'accuracy': 0.3015}, 11225.576210230007)
DEBUG flwr 2024-03-13 20:38:28,996 | server.py:168 | evaluate_round 40: strategy sampled 50 clients (out of 50)
DEBUG flwr 2024-03-13 20:39:17,230 | server.py:182 | evaluate_round 40 received 50 results and 0 failures
DEBUG flwr 2024-03-13 20:39:17,366 | server.py:218 | fit_round 41: strategy sampled 15 clients (out of 50)
DEBUG flwr 2024-03-13 20:42:07,868 | server.py:232 | fit_round 41 received 15 results and 0 failures
INFO flwr 2024-03-13 20:42:42,874 | server.py:119 | fit progress: (41, 283.024493932724, {'accuracy': 0.3213}, 11479.454296753975)
DEBUG flwr 2024-03-13 20:42:42,875 | server.py:168 | evaluate_round 41: strategy sampled 50 clients (out of 50)
DEBUG flwr 2024-03-13 20:43:29,212 | server.py:182 | evaluate_round 41 received 50 results and 0 failures
DEBUG flwr 2024-03-13 20:43:29,353 | server.py:218 | fit_round 42: strategy sampled 15 clients (out of 50)
DEBUG flwr 2024-03-13 20:46:36,698 | server.py:232 | fit_round 42 received 15 results and 0 failures
INFO flwr 2024-03-13 20:47:13,068 | server.py:119 | fit progress: (42, 298.13952469825745, {'accuracy': 0.3169}, 11749.648362856009)
DEBUG flwr 2024-03-13 20:47:13,069 | server.py:168 | evaluate_round 42: strategy sampled 50 clients (out of 50)
DEBUG flwr 2024-03-13 20:48:00,276 | server.py:182 | evaluate_round 42 received 50 results and 0 failures
DEBUG flwr 2024-03-13 20:48:00,406 | server.py:218 | fit_round 43: strategy sampled 15 clients (out of 50)
DEBUG flwr 2024-03-13 20:51:03,962 | server.py:232 | fit_round 43 received 15 results and 0 failures
INFO flwr 2024-03-13 20:51:40,749 | server.py:119 | fit progress: (43, 302.7738904953003, {'accuracy': 0.3111}, 12017.328999251942)
DEBUG flwr 2024-03-13 20:51:40,750 | server.py:168 | evaluate_round 43: strategy sampled 50 clients (out of 50)
DEBUG flwr 2024-03-13 20:52:27,246 | server.py:182 | evaluate_round 43 received 50 results and 0 failures
DEBUG flwr 2024-03-13 20:52:27,385 | server.py:218 | fit_round 44: strategy sampled 15 clients (out of 50)
DEBUG flwr 2024-03-13 20:55:21,202 | server.py:232 | fit_round 44 received 15 results and 0 failures
INFO flwr 2024-03-13 20:56:05,393 | server.py:119 | fit progress: (44, 317.05682373046875, {'accuracy': 0.3184}, 12281.97334025905)
DEBUG flwr 2024-03-13 20:56:05,394 | server.py:168 | evaluate_round 44: strategy sampled 50 clients (out of 50)
DEBUG flwr 2024-03-13 20:56:53,012 | server.py:182 | evaluate_round 44 received 50 results and 0 failures
DEBUG flwr 2024-03-13 20:56:53,156 | server.py:218 | fit_round 45: strategy sampled 15 clients (out of 50)
DEBUG flwr 2024-03-13 20:59:57,571 | server.py:232 | fit_round 45 received 15 results and 0 failures
INFO flwr 2024-03-13 21:00:38,472 | server.py:119 | fit progress: (45, 330.5741219520569, {'accuracy': 0.3191}, 12555.051938832039)
DEBUG flwr 2024-03-13 21:00:38,472 | server.py:168 | evaluate_round 45: strategy sampled 50 clients (out of 50)
DEBUG flwr 2024-03-13 21:01:25,177 | server.py:182 | evaluate_round 45 received 50 results and 0 failures
DEBUG flwr 2024-03-13 21:01:25,343 | server.py:218 | fit_round 46: strategy sampled 15 clients (out of 50)
DEBUG flwr 2024-03-13 21:04:29,102 | server.py:232 | fit_round 46 received 15 results and 0 failures
INFO flwr 2024-03-13 21:05:04,913 | server.py:119 | fit progress: (46, 313.9739990234375, {'accuracy': 0.321}, 12821.493233677)
DEBUG flwr 2024-03-13 21:05:04,914 | server.py:168 | evaluate_round 46: strategy sampled 50 clients (out of 50)
DEBUG flwr 2024-03-13 21:05:52,571 | server.py:182 | evaluate_round 46 received 50 results and 0 failures
DEBUG flwr 2024-03-13 21:05:52,752 | server.py:218 | fit_round 47: strategy sampled 15 clients (out of 50)
DEBUG flwr 2024-03-13 21:08:52,183 | server.py:232 | fit_round 47 received 15 results and 0 failures
INFO flwr 2024-03-13 21:09:29,414 | server.py:119 | fit progress: (47, 313.3052592277527, {'accuracy': 0.321}, 13085.994084608974)
DEBUG flwr 2024-03-13 21:09:29,414 | server.py:168 | evaluate_round 47: strategy sampled 50 clients (out of 50)
DEBUG flwr 2024-03-13 21:10:16,848 | server.py:182 | evaluate_round 47 received 50 results and 0 failures
DEBUG flwr 2024-03-13 21:10:16,975 | server.py:218 | fit_round 48: strategy sampled 15 clients (out of 50)
DEBUG flwr 2024-03-13 21:13:19,616 | server.py:232 | fit_round 48 received 15 results and 0 failures
INFO flwr 2024-03-13 21:14:00,716 | server.py:119 | fit progress: (48, 315.898788690567, {'accuracy': 0.3193}, 13357.295447189943)
DEBUG flwr 2024-03-13 21:14:00,716 | server.py:168 | evaluate_round 48: strategy sampled 50 clients (out of 50)
DEBUG flwr 2024-03-13 21:14:48,217 | server.py:182 | evaluate_round 48 received 50 results and 0 failures
DEBUG flwr 2024-03-13 21:14:48,363 | server.py:218 | fit_round 49: strategy sampled 15 clients (out of 50)
DEBUG flwr 2024-03-13 21:17:53,734 | server.py:232 | fit_round 49 received 15 results and 0 failures
INFO flwr 2024-03-13 21:18:34,021 | server.py:119 | fit progress: (49, 291.5182144641876, {'accuracy': 0.3079}, 13630.600683092023)
DEBUG flwr 2024-03-13 21:18:34,021 | server.py:168 | evaluate_round 49: strategy sampled 50 clients (out of 50)
DEBUG flwr 2024-03-13 21:19:20,431 | server.py:182 | evaluate_round 49 received 50 results and 0 failures
DEBUG flwr 2024-03-13 21:19:20,593 | server.py:218 | fit_round 50: strategy sampled 15 clients (out of 50)
DEBUG flwr 2024-03-13 21:22:07,259 | server.py:232 | fit_round 50 received 15 results and 0 failures
INFO flwr 2024-03-13 21:22:45,653 | server.py:119 | fit progress: (50, 297.82703852653503, {'accuracy': 0.3167}, 13882.232475219993)
DEBUG flwr 2024-03-13 21:22:45,653 | server.py:168 | evaluate_round 50: strategy sampled 50 clients (out of 50)
DEBUG flwr 2024-03-13 21:23:32,709 | server.py:182 | evaluate_round 50 received 50 results and 0 failures
DEBUG flwr 2024-03-13 21:23:32,852 | server.py:218 | fit_round 51: strategy sampled 15 clients (out of 50)
DEBUG flwr 2024-03-13 21:26:27,907 | server.py:232 | fit_round 51 received 15 results and 0 failures
INFO flwr 2024-03-13 21:27:06,850 | server.py:119 | fit progress: (51, 307.5503890514374, {'accuracy': 0.317}, 14143.429878755938)
DEBUG flwr 2024-03-13 21:27:06,850 | server.py:168 | evaluate_round 51: strategy sampled 50 clients (out of 50)
DEBUG flwr 2024-03-13 21:27:53,507 | server.py:182 | evaluate_round 51 received 50 results and 0 failures
DEBUG flwr 2024-03-13 21:27:53,677 | server.py:218 | fit_round 52: strategy sampled 15 clients (out of 50)
DEBUG flwr 2024-03-13 21:31:04,812 | server.py:232 | fit_round 52 received 15 results and 0 failures
INFO flwr 2024-03-13 21:31:44,241 | server.py:119 | fit progress: (52, 320.9159321784973, {'accuracy': 0.3125}, 14420.820902914042)
DEBUG flwr 2024-03-13 21:31:44,241 | server.py:168 | evaluate_round 52: strategy sampled 50 clients (out of 50)
DEBUG flwr 2024-03-13 21:32:31,533 | server.py:182 | evaluate_round 52 received 50 results and 0 failures
DEBUG flwr 2024-03-13 21:32:31,673 | server.py:218 | fit_round 53: strategy sampled 15 clients (out of 50)
DEBUG flwr 2024-03-13 21:35:41,589 | server.py:232 | fit_round 53 received 15 results and 0 failures
INFO flwr 2024-03-13 21:36:23,795 | server.py:119 | fit progress: (53, 317.9024701118469, {'accuracy': 0.3124}, 14700.375194838038)
DEBUG flwr 2024-03-13 21:36:23,795 | server.py:168 | evaluate_round 53: strategy sampled 50 clients (out of 50)
DEBUG flwr 2024-03-13 21:37:10,894 | server.py:182 | evaluate_round 53 received 50 results and 0 failures
DEBUG flwr 2024-03-13 21:37:11,180 | server.py:218 | fit_round 54: strategy sampled 15 clients (out of 50)
DEBUG flwr 2024-03-13 21:39:49,340 | server.py:232 | fit_round 54 received 15 results and 0 failures
INFO flwr 2024-03-13 21:40:30,794 | server.py:119 | fit progress: (54, 328.94316363334656, {'accuracy': 0.32}, 14947.374110440956)
DEBUG flwr 2024-03-13 21:40:30,794 | server.py:168 | evaluate_round 54: strategy sampled 50 clients (out of 50)
DEBUG flwr 2024-03-13 21:41:18,304 | server.py:182 | evaluate_round 54 received 50 results and 0 failures
DEBUG flwr 2024-03-13 21:41:18,434 | server.py:218 | fit_round 55: strategy sampled 15 clients (out of 50)
DEBUG flwr 2024-03-13 21:44:39,962 | server.py:232 | fit_round 55 received 15 results and 0 failures
INFO flwr 2024-03-13 21:45:21,161 | server.py:119 | fit progress: (55, 318.3131422996521, {'accuracy': 0.3231}, 15237.740842891042)
DEBUG flwr 2024-03-13 21:45:21,161 | server.py:168 | evaluate_round 55: strategy sampled 50 clients (out of 50)
DEBUG flwr 2024-03-13 21:46:08,373 | server.py:182 | evaluate_round 55 received 50 results and 0 failures
DEBUG flwr 2024-03-13 21:46:08,697 | server.py:218 | fit_round 56: strategy sampled 15 clients (out of 50)
DEBUG flwr 2024-03-13 21:49:03,037 | server.py:232 | fit_round 56 received 15 results and 0 failures
INFO flwr 2024-03-13 21:49:42,693 | server.py:119 | fit progress: (56, 315.6606011390686, {'accuracy': 0.3186}, 15499.273311543046)
DEBUG flwr 2024-03-13 21:49:42,694 | server.py:168 | evaluate_round 56: strategy sampled 50 clients (out of 50)
DEBUG flwr 2024-03-13 21:50:29,913 | server.py:182 | evaluate_round 56 received 50 results and 0 failures
DEBUG flwr 2024-03-13 21:50:30,055 | server.py:218 | fit_round 57: strategy sampled 15 clients (out of 50)
DEBUG flwr 2024-03-13 21:54:14,267 | server.py:232 | fit_round 57 received 15 results and 0 failures
INFO flwr 2024-03-13 21:54:54,759 | server.py:119 | fit progress: (57, 332.7038588523865, {'accuracy': 0.3211}, 15811.339291829965)
DEBUG flwr 2024-03-13 21:54:54,760 | server.py:168 | evaluate_round 57: strategy sampled 50 clients (out of 50)
DEBUG flwr 2024-03-13 21:55:41,177 | server.py:182 | evaluate_round 57 received 50 results and 0 failures
DEBUG flwr 2024-03-13 21:55:41,320 | server.py:218 | fit_round 58: strategy sampled 15 clients (out of 50)
DEBUG flwr 2024-03-13 21:58:50,858 | server.py:232 | fit_round 58 received 15 results and 0 failures
INFO flwr 2024-03-13 21:59:29,700 | server.py:119 | fit progress: (58, 323.7545704841614, {'accuracy': 0.3186}, 16086.279543012031)
DEBUG flwr 2024-03-13 21:59:29,700 | server.py:168 | evaluate_round 58: strategy sampled 50 clients (out of 50)
DEBUG flwr 2024-03-13 22:00:17,641 | server.py:182 | evaluate_round 58 received 50 results and 0 failures
DEBUG flwr 2024-03-13 22:00:17,789 | server.py:218 | fit_round 59: strategy sampled 15 clients (out of 50)
DEBUG flwr 2024-03-13 22:03:15,334 | server.py:232 | fit_round 59 received 15 results and 0 failures
INFO flwr 2024-03-13 22:03:55,745 | server.py:119 | fit progress: (59, 326.26378893852234, {'accuracy': 0.3216}, 16352.325364739983)
DEBUG flwr 2024-03-13 22:03:55,746 | server.py:168 | evaluate_round 59: strategy sampled 50 clients (out of 50)
DEBUG flwr 2024-03-13 22:04:42,733 | server.py:182 | evaluate_round 59 received 50 results and 0 failures
DEBUG flwr 2024-03-13 22:04:42,875 | server.py:218 | fit_round 60: strategy sampled 15 clients (out of 50)
DEBUG flwr 2024-03-13 22:07:40,270 | server.py:232 | fit_round 60 received 15 results and 0 failures
INFO flwr 2024-03-13 22:08:21,170 | server.py:119 | fit progress: (60, 297.77769017219543, {'accuracy': 0.313}, 16617.750217605964)
DEBUG flwr 2024-03-13 22:08:21,171 | server.py:168 | evaluate_round 60: strategy sampled 50 clients (out of 50)
DEBUG flwr 2024-03-13 22:09:08,335 | server.py:182 | evaluate_round 60 received 50 results and 0 failures
DEBUG flwr 2024-03-13 22:09:08,486 | server.py:218 | fit_round 61: strategy sampled 15 clients (out of 50)
DEBUG flwr 2024-03-13 22:11:56,143 | server.py:232 | fit_round 61 received 15 results and 0 failures
INFO flwr 2024-03-13 22:12:37,845 | server.py:119 | fit progress: (61, 263.011381149292, {'accuracy': 0.3215}, 16874.42498240003)
DEBUG flwr 2024-03-13 22:12:37,845 | server.py:168 | evaluate_round 61: strategy sampled 50 clients (out of 50)
DEBUG flwr 2024-03-13 22:13:24,114 | server.py:182 | evaluate_round 61 received 50 results and 0 failures
DEBUG flwr 2024-03-13 22:13:24,271 | server.py:218 | fit_round 62: strategy sampled 15 clients (out of 50)
DEBUG flwr 2024-03-13 22:16:27,375 | server.py:232 | fit_round 62 received 15 results and 0 failures
INFO flwr 2024-03-13 22:17:08,100 | server.py:119 | fit progress: (62, 293.1677145957947, {'accuracy': 0.3114}, 17144.680001041037)
DEBUG flwr 2024-03-13 22:17:08,100 | server.py:168 | evaluate_round 62: strategy sampled 50 clients (out of 50)
DEBUG flwr 2024-03-13 22:17:55,058 | server.py:182 | evaluate_round 62 received 50 results and 0 failures
DEBUG flwr 2024-03-13 22:17:55,207 | server.py:218 | fit_round 63: strategy sampled 15 clients (out of 50)
DEBUG flwr 2024-03-13 22:21:07,852 | server.py:232 | fit_round 63 received 15 results and 0 failures
INFO flwr 2024-03-13 22:21:52,756 | server.py:119 | fit progress: (63, 304.47721099853516, {'accuracy': 0.326}, 17429.335657057003)
DEBUG flwr 2024-03-13 22:21:52,756 | server.py:168 | evaluate_round 63: strategy sampled 50 clients (out of 50)
DEBUG flwr 2024-03-13 22:22:38,825 | server.py:182 | evaluate_round 63 received 50 results and 0 failures
DEBUG flwr 2024-03-13 22:22:38,966 | server.py:218 | fit_round 64: strategy sampled 15 clients (out of 50)
DEBUG flwr 2024-03-13 22:25:51,516 | server.py:232 | fit_round 64 received 15 results and 0 failures
INFO flwr 2024-03-13 22:26:29,929 | server.py:119 | fit progress: (64, 317.5774085521698, {'accuracy': 0.3221}, 17706.508722166996)
DEBUG flwr 2024-03-13 22:26:29,929 | server.py:168 | evaluate_round 64: strategy sampled 50 clients (out of 50)
DEBUG flwr 2024-03-13 22:27:18,088 | server.py:182 | evaluate_round 64 received 50 results and 0 failures
DEBUG flwr 2024-03-13 22:27:18,371 | server.py:218 | fit_round 65: strategy sampled 15 clients (out of 50)
DEBUG flwr 2024-03-13 22:30:30,964 | server.py:232 | fit_round 65 received 15 results and 0 failures
INFO flwr 2024-03-13 22:31:14,869 | server.py:119 | fit progress: (65, 301.1509234905243, {'accuracy': 0.3179}, 17991.448758214014)
DEBUG flwr 2024-03-13 22:31:14,869 | server.py:168 | evaluate_round 65: strategy sampled 50 clients (out of 50)
DEBUG flwr 2024-03-13 22:32:01,331 | server.py:182 | evaluate_round 65 received 50 results and 0 failures
DEBUG flwr 2024-03-13 22:32:01,485 | server.py:218 | fit_round 66: strategy sampled 15 clients (out of 50)
DEBUG flwr 2024-03-13 22:35:07,509 | server.py:232 | fit_round 66 received 15 results and 0 failures
INFO flwr 2024-03-13 22:35:46,124 | server.py:119 | fit progress: (66, 306.87841415405273, {'accuracy': 0.3208}, 18262.703468994005)
DEBUG flwr 2024-03-13 22:35:46,124 | server.py:168 | evaluate_round 66: strategy sampled 50 clients (out of 50)
DEBUG flwr 2024-03-13 22:36:33,105 | server.py:182 | evaluate_round 66 received 50 results and 0 failures
DEBUG flwr 2024-03-13 22:36:33,250 | server.py:218 | fit_round 67: strategy sampled 15 clients (out of 50)
DEBUG flwr 2024-03-13 22:39:34,104 | server.py:232 | fit_round 67 received 15 results and 0 failures
INFO flwr 2024-03-13 22:40:10,660 | server.py:119 | fit progress: (67, 311.1694185733795, {'accuracy': 0.324}, 18527.23956089595)
DEBUG flwr 2024-03-13 22:40:10,660 | server.py:168 | evaluate_round 67: strategy sampled 50 clients (out of 50)
DEBUG flwr 2024-03-13 22:40:58,423 | server.py:182 | evaluate_round 67 received 50 results and 0 failures
DEBUG flwr 2024-03-13 22:40:58,574 | server.py:218 | fit_round 68: strategy sampled 15 clients (out of 50)
DEBUG flwr 2024-03-13 22:43:44,390 | server.py:232 | fit_round 68 received 15 results and 0 failures
INFO flwr 2024-03-13 22:44:16,868 | server.py:119 | fit progress: (68, 288.34548830986023, {'accuracy': 0.3181}, 18773.44790228596)
DEBUG flwr 2024-03-13 22:44:16,868 | server.py:168 | evaluate_round 68: strategy sampled 50 clients (out of 50)
DEBUG flwr 2024-03-13 22:45:03,931 | server.py:182 | evaluate_round 68 received 50 results and 0 failures
DEBUG flwr 2024-03-13 22:45:04,073 | server.py:218 | fit_round 69: strategy sampled 15 clients (out of 50)
DEBUG flwr 2024-03-13 22:48:06,185 | server.py:232 | fit_round 69 received 15 results and 0 failures
INFO flwr 2024-03-13 22:48:46,511 | server.py:119 | fit progress: (69, 295.0816054344177, {'accuracy': 0.3215}, 19043.091388853034)
DEBUG flwr 2024-03-13 22:48:46,512 | server.py:168 | evaluate_round 69: strategy sampled 50 clients (out of 50)
DEBUG flwr 2024-03-13 22:49:34,033 | server.py:182 | evaluate_round 69 received 50 results and 0 failures
DEBUG flwr 2024-03-13 22:49:34,172 | server.py:218 | fit_round 70: strategy sampled 15 clients (out of 50)
DEBUG flwr 2024-03-13 22:52:17,378 | server.py:232 | fit_round 70 received 15 results and 0 failures
INFO flwr 2024-03-13 22:52:53,880 | server.py:119 | fit progress: (70, 268.03434777259827, {'accuracy': 0.3264}, 19290.46042757097)
DEBUG flwr 2024-03-13 22:52:53,881 | server.py:168 | evaluate_round 70: strategy sampled 50 clients (out of 50)
DEBUG flwr 2024-03-13 22:53:40,607 | server.py:182 | evaluate_round 70 received 50 results and 0 failures
DEBUG flwr 2024-03-13 22:53:40,750 | server.py:218 | fit_round 71: strategy sampled 15 clients (out of 50)
DEBUG flwr 2024-03-13 22:56:57,287 | server.py:232 | fit_round 71 received 15 results and 0 failures
INFO flwr 2024-03-13 22:57:38,013 | server.py:119 | fit progress: (71, 271.5290696620941, {'accuracy': 0.3137}, 19574.59252048796)
DEBUG flwr 2024-03-13 22:57:38,013 | server.py:168 | evaluate_round 71: strategy sampled 50 clients (out of 50)
DEBUG flwr 2024-03-13 22:58:24,137 | server.py:182 | evaluate_round 71 received 50 results and 0 failures
DEBUG flwr 2024-03-13 22:58:24,289 | server.py:218 | fit_round 72: strategy sampled 15 clients (out of 50)
DEBUG flwr 2024-03-13 23:01:45,363 | server.py:232 | fit_round 72 received 15 results and 0 failures
INFO flwr 2024-03-13 23:02:23,799 | server.py:119 | fit progress: (72, 251.37433886528015, {'accuracy': 0.321}, 19860.378977390006)
DEBUG flwr 2024-03-13 23:02:23,799 | server.py:168 | evaluate_round 72: strategy sampled 50 clients (out of 50)
DEBUG flwr 2024-03-13 23:03:10,139 | server.py:182 | evaluate_round 72 received 50 results and 0 failures
DEBUG flwr 2024-03-13 23:03:10,290 | server.py:218 | fit_round 73: strategy sampled 15 clients (out of 50)
DEBUG flwr 2024-03-13 23:06:05,960 | server.py:232 | fit_round 73 received 15 results and 0 failures
INFO flwr 2024-03-13 23:06:39,227 | server.py:119 | fit progress: (73, 241.71619319915771, {'accuracy': 0.3316}, 20115.807070333976)
DEBUG flwr 2024-03-13 23:06:39,227 | server.py:168 | evaluate_round 73: strategy sampled 50 clients (out of 50)
DEBUG flwr 2024-03-13 23:07:25,853 | server.py:182 | evaluate_round 73 received 50 results and 0 failures
DEBUG flwr 2024-03-13 23:07:26,001 | server.py:218 | fit_round 74: strategy sampled 15 clients (out of 50)
DEBUG flwr 2024-03-13 23:10:43,715 | server.py:232 | fit_round 74 received 15 results and 0 failures
INFO flwr 2024-03-13 23:11:26,157 | server.py:119 | fit progress: (74, 245.9841125011444, {'accuracy': 0.3224}, 20402.737141779042)
DEBUG flwr 2024-03-13 23:11:26,157 | server.py:168 | evaluate_round 74: strategy sampled 50 clients (out of 50)
DEBUG flwr 2024-03-13 23:12:12,849 | server.py:182 | evaluate_round 74 received 50 results and 0 failures
DEBUG flwr 2024-03-13 23:12:12,979 | server.py:218 | fit_round 75: strategy sampled 15 clients (out of 50)
DEBUG flwr 2024-03-13 23:15:40,809 | server.py:232 | fit_round 75 received 15 results and 0 failures
INFO flwr 2024-03-13 23:16:22,266 | server.py:119 | fit progress: (75, 241.19357919692993, {'accuracy': 0.3284}, 20698.84592569596)
DEBUG flwr 2024-03-13 23:16:22,266 | server.py:168 | evaluate_round 75: strategy sampled 50 clients (out of 50)
DEBUG flwr 2024-03-13 23:17:09,707 | server.py:182 | evaluate_round 75 received 50 results and 0 failures
DEBUG flwr 2024-03-13 23:17:09,854 | server.py:218 | fit_round 76: strategy sampled 15 clients (out of 50)
DEBUG flwr 2024-03-13 23:20:10,676 | server.py:232 | fit_round 76 received 15 results and 0 failures
INFO flwr 2024-03-13 23:20:50,610 | server.py:119 | fit progress: (76, 253.25244975090027, {'accuracy': 0.3243}, 20967.190415184945)
DEBUG flwr 2024-03-13 23:20:50,611 | server.py:168 | evaluate_round 76: strategy sampled 50 clients (out of 50)
DEBUG flwr 2024-03-13 23:21:38,740 | server.py:182 | evaluate_round 76 received 50 results and 0 failures
DEBUG flwr 2024-03-13 23:21:38,876 | server.py:218 | fit_round 77: strategy sampled 15 clients (out of 50)
DEBUG flwr 2024-03-13 23:24:55,783 | server.py:232 | fit_round 77 received 15 results and 0 failures
INFO flwr 2024-03-13 23:25:33,527 | server.py:119 | fit progress: (77, 254.65831184387207, {'accuracy': 0.3253}, 21250.107137275976)
DEBUG flwr 2024-03-13 23:25:33,527 | server.py:168 | evaluate_round 77: strategy sampled 50 clients (out of 50)
DEBUG flwr 2024-03-13 23:26:21,218 | server.py:182 | evaluate_round 77 received 50 results and 0 failures
DEBUG flwr 2024-03-13 23:26:21,520 | server.py:218 | fit_round 78: strategy sampled 15 clients (out of 50)
DEBUG flwr 2024-03-13 23:29:23,001 | server.py:232 | fit_round 78 received 15 results and 0 failures
INFO flwr 2024-03-13 23:30:01,417 | server.py:119 | fit progress: (78, 265.9188725948334, {'accuracy': 0.3255}, 21517.996849367046)
DEBUG flwr 2024-03-13 23:30:01,417 | server.py:168 | evaluate_round 78: strategy sampled 50 clients (out of 50)
DEBUG flwr 2024-03-13 23:30:48,070 | server.py:182 | evaluate_round 78 received 50 results and 0 failures
DEBUG flwr 2024-03-13 23:30:48,231 | server.py:218 | fit_round 79: strategy sampled 15 clients (out of 50)
DEBUG flwr 2024-03-13 23:34:17,198 | server.py:232 | fit_round 79 received 15 results and 0 failures
INFO flwr 2024-03-13 23:34:52,715 | server.py:119 | fit progress: (79, 286.3505685329437, {'accuracy': 0.3262}, 21809.294538385002)
DEBUG flwr 2024-03-13 23:34:52,715 | server.py:168 | evaluate_round 79: strategy sampled 50 clients (out of 50)
DEBUG flwr 2024-03-13 23:35:38,624 | server.py:182 | evaluate_round 79 received 50 results and 0 failures
DEBUG flwr 2024-03-13 23:35:38,766 | server.py:218 | fit_round 80: strategy sampled 15 clients (out of 50)
DEBUG flwr 2024-03-13 23:38:30,329 | server.py:232 | fit_round 80 received 15 results and 0 failures
INFO flwr 2024-03-13 23:39:10,942 | server.py:119 | fit progress: (80, 309.418066740036, {'accuracy': 0.3252}, 22067.522364821984)
DEBUG flwr 2024-03-13 23:39:10,943 | server.py:168 | evaluate_round 80: strategy sampled 50 clients (out of 50)
DEBUG flwr 2024-03-13 23:39:58,048 | server.py:182 | evaluate_round 80 received 50 results and 0 failures
DEBUG flwr 2024-03-13 23:39:58,204 | server.py:218 | fit_round 81: strategy sampled 15 clients (out of 50)
DEBUG flwr 2024-03-13 23:43:03,312 | server.py:232 | fit_round 81 received 15 results and 0 failures
INFO flwr 2024-03-13 23:43:42,625 | server.py:119 | fit progress: (81, 320.3921287059784, {'accuracy': 0.3247}, 22339.20512861805)
DEBUG flwr 2024-03-13 23:43:42,625 | server.py:168 | evaluate_round 81: strategy sampled 50 clients (out of 50)
DEBUG flwr 2024-03-13 23:44:28,858 | server.py:182 | evaluate_round 81 received 50 results and 0 failures
DEBUG flwr 2024-03-13 23:44:29,011 | server.py:218 | fit_round 82: strategy sampled 15 clients (out of 50)
DEBUG flwr 2024-03-13 23:48:05,479 | server.py:232 | fit_round 82 received 15 results and 0 failures
INFO flwr 2024-03-13 23:48:46,211 | server.py:119 | fit progress: (82, 315.90491485595703, {'accuracy': 0.3228}, 22642.79075336503)
DEBUG flwr 2024-03-13 23:48:46,211 | server.py:168 | evaluate_round 82: strategy sampled 50 clients (out of 50)
DEBUG flwr 2024-03-13 23:49:33,640 | server.py:182 | evaluate_round 82 received 50 results and 0 failures
DEBUG flwr 2024-03-13 23:49:33,824 | server.py:218 | fit_round 83: strategy sampled 15 clients (out of 50)
DEBUG flwr 2024-03-13 23:53:01,730 | server.py:232 | fit_round 83 received 15 results and 0 failures
INFO flwr 2024-03-13 23:53:35,499 | server.py:119 | fit progress: (83, 309.3436460494995, {'accuracy': 0.3215}, 22932.07863346697)
DEBUG flwr 2024-03-13 23:53:35,499 | server.py:168 | evaluate_round 83: strategy sampled 50 clients (out of 50)
DEBUG flwr 2024-03-13 23:54:22,492 | server.py:182 | evaluate_round 83 received 50 results and 0 failures
DEBUG flwr 2024-03-13 23:54:22,635 | server.py:218 | fit_round 84: strategy sampled 15 clients (out of 50)
DEBUG flwr 2024-03-13 23:57:13,111 | server.py:232 | fit_round 84 received 15 results and 0 failures
INFO flwr 2024-03-13 23:57:48,217 | server.py:119 | fit progress: (84, 278.8861138820648, {'accuracy': 0.3241}, 23184.79729463195)
DEBUG flwr 2024-03-13 23:57:48,218 | server.py:168 | evaluate_round 84: strategy sampled 50 clients (out of 50)
DEBUG flwr 2024-03-13 23:58:35,479 | server.py:182 | evaluate_round 84 received 50 results and 0 failures
DEBUG flwr 2024-03-13 23:58:35,615 | server.py:218 | fit_round 85: strategy sampled 15 clients (out of 50)
DEBUG flwr 2024-03-14 00:01:09,009 | server.py:232 | fit_round 85 received 15 results and 0 failures
INFO flwr 2024-03-14 00:01:48,110 | server.py:119 | fit progress: (85, 277.05013966560364, {'accuracy': 0.3215}, 23424.689653693)
DEBUG flwr 2024-03-14 00:01:48,110 | server.py:168 | evaluate_round 85: strategy sampled 50 clients (out of 50)
DEBUG flwr 2024-03-14 00:02:35,002 | server.py:182 | evaluate_round 85 received 50 results and 0 failures
DEBUG flwr 2024-03-14 00:02:35,213 | server.py:218 | fit_round 86: strategy sampled 15 clients (out of 50)
DEBUG flwr 2024-03-14 00:06:05,310 | server.py:232 | fit_round 86 received 15 results and 0 failures
INFO flwr 2024-03-14 00:06:51,014 | server.py:119 | fit progress: (86, 293.84849739074707, {'accuracy': 0.3253}, 23727.594295207993)
DEBUG flwr 2024-03-14 00:06:51,015 | server.py:168 | evaluate_round 86: strategy sampled 50 clients (out of 50)
DEBUG flwr 2024-03-14 00:07:38,599 | server.py:182 | evaluate_round 86 received 50 results and 0 failures
DEBUG flwr 2024-03-14 00:07:38,751 | server.py:218 | fit_round 87: strategy sampled 15 clients (out of 50)
DEBUG flwr 2024-03-14 00:10:28,152 | server.py:232 | fit_round 87 received 15 results and 0 failures
INFO flwr 2024-03-14 00:11:05,121 | server.py:119 | fit progress: (87, 310.7314786911011, {'accuracy': 0.3279}, 23981.700744509)
DEBUG flwr 2024-03-14 00:11:05,121 | server.py:168 | evaluate_round 87: strategy sampled 50 clients (out of 50)
DEBUG flwr 2024-03-14 00:11:52,632 | server.py:182 | evaluate_round 87 received 50 results and 0 failures
DEBUG flwr 2024-03-14 00:11:52,776 | server.py:218 | fit_round 88: strategy sampled 15 clients (out of 50)
DEBUG flwr 2024-03-14 00:14:38,937 | server.py:232 | fit_round 88 received 15 results and 0 failures
INFO flwr 2024-03-14 00:15:18,911 | server.py:119 | fit progress: (88, 302.64070177078247, {'accuracy': 0.3285}, 24235.490790853975)
DEBUG flwr 2024-03-14 00:15:18,911 | server.py:168 | evaluate_round 88: strategy sampled 50 clients (out of 50)
DEBUG flwr 2024-03-14 00:16:06,504 | server.py:182 | evaluate_round 88 received 50 results and 0 failures
DEBUG flwr 2024-03-14 00:16:06,842 | server.py:218 | fit_round 89: strategy sampled 15 clients (out of 50)
DEBUG flwr 2024-03-14 00:18:50,409 | server.py:232 | fit_round 89 received 15 results and 0 failures
INFO flwr 2024-03-14 00:19:26,298 | server.py:119 | fit progress: (89, 316.8121621608734, {'accuracy': 0.328}, 24482.878422496025)
DEBUG flwr 2024-03-14 00:19:26,299 | server.py:168 | evaluate_round 89: strategy sampled 50 clients (out of 50)
DEBUG flwr 2024-03-14 00:20:13,845 | server.py:182 | evaluate_round 89 received 50 results and 0 failures
DEBUG flwr 2024-03-14 00:20:14,004 | server.py:218 | fit_round 90: strategy sampled 15 clients (out of 50)
DEBUG flwr 2024-03-14 00:23:22,311 | server.py:232 | fit_round 90 received 15 results and 0 failures
INFO flwr 2024-03-14 00:23:59,990 | server.py:119 | fit progress: (90, 329.4907166957855, {'accuracy': 0.3238}, 24756.570407308987)
DEBUG flwr 2024-03-14 00:23:59,991 | server.py:168 | evaluate_round 90: strategy sampled 50 clients (out of 50)
DEBUG flwr 2024-03-14 00:24:46,763 | server.py:182 | evaluate_round 90 received 50 results and 0 failures
DEBUG flwr 2024-03-14 00:24:46,891 | server.py:218 | fit_round 91: strategy sampled 15 clients (out of 50)
DEBUG flwr 2024-03-14 00:27:38,658 | server.py:232 | fit_round 91 received 15 results and 0 failures
INFO flwr 2024-03-14 00:28:12,903 | server.py:119 | fit progress: (91, 308.72630620002747, {'accuracy': 0.326}, 25009.483248685952)
DEBUG flwr 2024-03-14 00:28:12,904 | server.py:168 | evaluate_round 91: strategy sampled 50 clients (out of 50)
DEBUG flwr 2024-03-14 00:29:00,828 | server.py:182 | evaluate_round 91 received 50 results and 0 failures
DEBUG flwr 2024-03-14 00:29:01,065 | server.py:218 | fit_round 92: strategy sampled 15 clients (out of 50)
DEBUG flwr 2024-03-14 00:32:30,584 | server.py:232 | fit_round 92 received 15 results and 0 failures
INFO flwr 2024-03-14 00:33:08,669 | server.py:119 | fit progress: (92, 299.59115648269653, {'accuracy': 0.3263}, 25305.24858323799)
DEBUG flwr 2024-03-14 00:33:08,669 | server.py:168 | evaluate_round 92: strategy sampled 50 clients (out of 50)
DEBUG flwr 2024-03-14 00:33:55,292 | server.py:182 | evaluate_round 92 received 50 results and 0 failures
DEBUG flwr 2024-03-14 00:33:55,440 | server.py:218 | fit_round 93: strategy sampled 15 clients (out of 50)
DEBUG flwr 2024-03-14 00:37:04,651 | server.py:232 | fit_round 93 received 15 results and 0 failures
INFO flwr 2024-03-14 00:37:44,959 | server.py:119 | fit progress: (93, 278.06112337112427, {'accuracy': 0.3263}, 25581.538921804982)
DEBUG flwr 2024-03-14 00:37:44,959 | server.py:168 | evaluate_round 93: strategy sampled 50 clients (out of 50)
DEBUG flwr 2024-03-14 00:38:32,566 | server.py:182 | evaluate_round 93 received 50 results and 0 failures
DEBUG flwr 2024-03-14 00:38:32,717 | server.py:218 | fit_round 94: strategy sampled 15 clients (out of 50)
DEBUG flwr 2024-03-14 00:41:32,403 | server.py:232 | fit_round 94 received 15 results and 0 failures
INFO flwr 2024-03-14 00:42:09,216 | server.py:119 | fit progress: (94, 304.62090611457825, {'accuracy': 0.3277}, 25845.79601282894)
DEBUG flwr 2024-03-14 00:42:09,216 | server.py:168 | evaluate_round 94: strategy sampled 50 clients (out of 50)
DEBUG flwr 2024-03-14 00:42:56,572 | server.py:182 | evaluate_round 94 received 50 results and 0 failures
DEBUG flwr 2024-03-14 00:42:56,729 | server.py:218 | fit_round 95: strategy sampled 15 clients (out of 50)
DEBUG flwr 2024-03-14 00:45:55,416 | server.py:232 | fit_round 95 received 15 results and 0 failures
INFO flwr 2024-03-14 00:46:33,682 | server.py:119 | fit progress: (95, 306.64974784851074, {'accuracy': 0.3257}, 26110.261937365052)
DEBUG flwr 2024-03-14 00:46:33,682 | server.py:168 | evaluate_round 95: strategy sampled 50 clients (out of 50)
DEBUG flwr 2024-03-14 00:47:19,950 | server.py:182 | evaluate_round 95 received 50 results and 0 failures
DEBUG flwr 2024-03-14 00:47:20,081 | server.py:218 | fit_round 96: strategy sampled 15 clients (out of 50)
DEBUG flwr 2024-03-14 00:50:09,976 | server.py:232 | fit_round 96 received 15 results and 0 failures
INFO flwr 2024-03-14 00:50:46,096 | server.py:119 | fit progress: (96, 313.16196036338806, {'accuracy': 0.3247}, 26362.676401303965)
DEBUG flwr 2024-03-14 00:50:46,097 | server.py:168 | evaluate_round 96: strategy sampled 50 clients (out of 50)
DEBUG flwr 2024-03-14 00:51:33,210 | server.py:182 | evaluate_round 96 received 50 results and 0 failures
DEBUG flwr 2024-03-14 00:51:33,344 | server.py:218 | fit_round 97: strategy sampled 15 clients (out of 50)
DEBUG flwr 2024-03-14 00:54:33,804 | server.py:232 | fit_round 97 received 15 results and 0 failures
INFO flwr 2024-03-14 00:55:20,209 | server.py:119 | fit progress: (97, 321.2015025615692, {'accuracy': 0.3291}, 26636.78916578903)
DEBUG flwr 2024-03-14 00:55:20,210 | server.py:168 | evaluate_round 97: strategy sampled 50 clients (out of 50)
DEBUG flwr 2024-03-14 00:56:06,524 | server.py:182 | evaluate_round 97 received 50 results and 0 failures
DEBUG flwr 2024-03-14 00:56:06,668 | server.py:218 | fit_round 98: strategy sampled 15 clients (out of 50)
DEBUG flwr 2024-03-14 00:58:38,408 | server.py:232 | fit_round 98 received 15 results and 0 failures
INFO flwr 2024-03-14 00:59:17,646 | server.py:119 | fit progress: (98, 315.3827922344208, {'accuracy': 0.3277}, 26874.225482005975)
DEBUG flwr 2024-03-14 00:59:17,646 | server.py:168 | evaluate_round 98: strategy sampled 50 clients (out of 50)
DEBUG flwr 2024-03-14 01:00:03,738 | server.py:182 | evaluate_round 98 received 50 results and 0 failures
DEBUG flwr 2024-03-14 01:00:04,024 | server.py:218 | fit_round 99: strategy sampled 15 clients (out of 50)
DEBUG flwr 2024-03-14 01:03:43,509 | server.py:232 | fit_round 99 received 15 results and 0 failures
INFO flwr 2024-03-14 01:04:20,359 | server.py:119 | fit progress: (99, 313.664119720459, {'accuracy': 0.3284}, 27176.938995970995)
DEBUG flwr 2024-03-14 01:04:20,359 | server.py:168 | evaluate_round 99: strategy sampled 50 clients (out of 50)
DEBUG flwr 2024-03-14 01:05:06,911 | server.py:182 | evaluate_round 99 received 50 results and 0 failures
DEBUG flwr 2024-03-14 01:05:07,057 | server.py:218 | fit_round 100: strategy sampled 15 clients (out of 50)
DEBUG flwr 2024-03-14 01:08:04,304 | server.py:232 | fit_round 100 received 15 results and 0 failures
INFO flwr 2024-03-14 01:08:44,047 | server.py:119 | fit progress: (100, 323.2543878555298, {'accuracy': 0.3283}, 27440.627031250042)
DEBUG flwr 2024-03-14 01:08:44,047 | server.py:168 | evaluate_round 100: strategy sampled 50 clients (out of 50)
DEBUG flwr 2024-03-14 01:09:32,298 | server.py:182 | evaluate_round 100 received 50 results and 0 failures
INFO flwr 2024-03-14 01:09:32,457 | server.py:147 | FL finished in 27489.03645913594
INFO flwr 2024-03-14 01:09:32,461 | app.py:218 | app_fit: losses_distributed [(1, 11.508396945695962), (2, 11.705656261043211), (3, 10.860385337234598), (4, 8.849147869990421), (5, 8.574605088967543), (6, 7.353849415595715), (7, 6.402305903343054), (8, 5.818491057707713), (9, 4.981661890561764), (10, 6.651029488215079), (11, 4.3553177026601935), (12, 7.138655373683343), (13, 5.286120820503968), (14, 4.579243710407844), (15, 2.7029833793640137), (16, 2.386248718645122), (17, 2.3515701994702622), (18, 2.673715124259124), (19, 1.8880206509619146), (20, 2.9685941765437254), (21, 2.1810130086299537), (22, 3.140166080380614), (23, 1.817812270207985), (24, 1.7321774067508209), (25, 1.6566529973737292), (26, 4.891732316778366), (27, 5.872672340148185), (28, 4.615977837558252), (29, 4.1413400516542325), (30, 3.874838761154966), (31, 3.9940384665324564), (32, 4.650839043276227), (33, 4.720208673816488), (34, 5.003371226444212), (35, 5.328358186835266), (36, 4.37382303678756), (37, 4.724011328924133), (38, 4.381552178502442), (39, 4.08233967720789), (40, 4.842642920966967), (41, 4.584993833743305), (42, 5.0027647673668545), (43, 4.991351688336805), (44, 5.3946564600365345), (45, 5.612107241604791), (46, 5.226011691816959), (47, 5.332826135203198), (48, 5.1699570510816955), (49, 4.982507380230509), (50, 4.878750996366817), (51, 5.140560422620052), (52, 5.5144395885585125), (53, 5.276541021158806), (54, 5.601062508990023), (55, 5.20761633685689), (56, 5.104302002913712), (57, 5.5752806737766525), (58, 5.342886890363262), (59, 5.483975102277809), (60, 4.7633142296830755), (61, 3.92167421990826), (62, 4.668172553400453), (63, 4.767670825567007), (64, 5.170044584415786), (65, 4.828400467508416), (66, 4.780330225701881), (67, 4.951524016762949), (68, 4.487322974916413), (69, 4.544513574548918), (70, 3.9915581977482977), (71, 3.916078217911074), (72, 3.5659077716626633), (73, 3.4792266743838316), (74, 3.5003793411158832), (75, 3.5614046105744697), (76, 3.747964432488297), (77, 3.579686867516398), (78, 3.978559442477424), (79, 4.469798700669387), (80, 4.8896218298524845), (81, 5.127370948408147), (82, 5.091942917070273), (83, 4.981184403184824), (84, 4.3456735396393045), (85, 4.173683217472778), (86, 4.600489128026157), (87, 4.961520305022608), (88, 4.867212354232198), (89, 5.075349488517225), (90, 5.383333690875457), (91, 5.111252314323441), (92, 4.791181651035223), (93, 4.343697408842223), (94, 4.775829513048815), (95, 4.9458599186373355), (96, 5.047265159918195), (97, 5.172313465070574), (98, 5.111377539776591), (99, 4.9766384947624935), (100, 5.21864663878826)]
INFO flwr 2024-03-14 01:09:32,461 | app.py:219 | app_fit: metrics_distributed_fit {}
INFO flwr 2024-03-14 01:09:32,461 | app.py:220 | app_fit: metrics_distributed {'accuracy': [(1, 0.17980929203539825), (2, 0.18286769911504427), (3, 0.24954867256637167), (4, 0.35345384615384623), (5, 0.3827846153846154), (6, 0.49056153846153844), (7, 0.5517923076923077), (8, 0.5967807692307693), (9, 0.6616), (10, 0.5240153846153845), (11, 0.667673076923077), (12, 0.54855), (13, 0.6227961538461539), (14, 0.6652615384615385), (15, 0.7610351351351351), (16, 0.7944621621621621), (17, 0.7978675675675675), (18, 0.7578864864864865), (19, 0.8120324324324324), (20, 0.7409027027027026), (21, 0.7905567567567569), (22, 0.7398675675675674), (23, 0.8208864864864865), (24, 0.8265702702702702), (25, 0.8339108108108109), (26, 0.734512048192771), (27, 0.6791674698795179), (28, 0.7317710843373493), (29, 0.711578313253012), (30, 0.7316228915662651), (31, 0.7489927710843374), (32, 0.7508915662650603), (33, 0.7598301204819277), (34, 0.7577590361445784), (35, 0.7217240963855422), (36, 0.7556228915662652), (37, 0.7222530120481927), (38, 0.7539674698795181), (39, 0.7556518072289158), (40, 0.7372108433734941), (41, 0.7677481927710844), (42, 0.7702493975903615), (43, 0.7617433734939759), (44, 0.7695144578313253), (45, 0.772921686746988), (46, 0.7800337349397592), (47, 0.775810843373494), (48, 0.774712048192771), (49, 0.7470698795180724), (50, 0.7687819277108435), (51, 0.7697024096385543), (52, 0.7733638554216867), (53, 0.7700072289156628), (54, 0.7783361445783132), (55, 0.7832578313253011), (56, 0.7749301204819278), (57, 0.7754204819277108), (58, 0.7751650602409639), (59, 0.7774132530120482), (60, 0.778133734939759), (61, 0.7734554216867471), (62, 0.7635698795180722), (63, 0.7817987951807228), (64, 0.7757048192771084), (65, 0.7821240963855423), (66, 0.7841638554216868), (67, 0.7828445783132532), (68, 0.7874204819277109), (69, 0.7900192771084338), (70, 0.7898072289156628), (71, 0.7804024096385543), (72, 0.7891325301204818), (73, 0.7852240963855422), (74, 0.7762457831325302), (75, 0.7846554216867471), (76, 0.7808843373493977), (77, 0.7826795180722893), (78, 0.7920686746987952), (79, 0.7887807228915663), (80, 0.7903253012048193), (81, 0.7903843373493977), (82, 0.7877168674698797), (83, 0.7918722891566266), (84, 0.7820120481927713), (85, 0.7905084337349397), (86, 0.7897036144578315), (87, 0.7896036144578314), (88, 0.7909409638554217), (89, 0.7927228915662652), (90, 0.7937771084337351), (91, 0.78935421686747), (92, 0.7901518072289156), (93, 0.7886698795180724), (94, 0.7950084337349399), (95, 0.7945192771084338), (96, 0.7923710843373495), (97, 0.7944192771084339), (98, 0.7953204819277109), (99, 0.7967578313253013), (100, 0.7937120481927711)]}
INFO flwr 2024-03-14 01:09:32,462 | app.py:221 | app_fit: losses_centralized [(0, 182.39436650276184), (1, 180.59801387786865), (2, 183.74291157722473), (3, 171.2720056772232), (4, 155.91233599185944), (5, 157.16504573822021), (6, 150.60978877544403), (7, 146.62924575805664), (8, 158.58333444595337), (9, 164.27403318881989), (10, 188.05635356903076), (11, 157.4175544977188), (12, 187.64631474018097), (13, 176.12413787841797), (14, 177.4117271900177), (15, 167.86259400844574), (16, 170.3752851486206), (17, 193.04439771175385), (18, 225.28072500228882), (19, 229.1392161846161), (20, 237.02192211151123), (21, 222.04639315605164), (22, 243.42469811439514), (23, 206.14537572860718), (24, 195.27222967147827), (25, 219.9899001121521), (26, 261.9062864780426), (27, 296.6334228515625), (28, 258.04423570632935), (29, 217.69724440574646), (30, 222.115385055542), (31, 236.6886646747589), (32, 271.89818835258484), (33, 281.12036418914795), (34, 285.64606976509094), (35, 281.859751701355), (36, 270.43807435035706), (37, 271.7554998397827), (38, 268.74016523361206), (39, 255.89761996269226), (40, 279.7640779018402), (41, 283.024493932724), (42, 298.13952469825745), (43, 302.7738904953003), (44, 317.05682373046875), (45, 330.5741219520569), (46, 313.9739990234375), (47, 313.3052592277527), (48, 315.898788690567), (49, 291.5182144641876), (50, 297.82703852653503), (51, 307.5503890514374), (52, 320.9159321784973), (53, 317.9024701118469), (54, 328.94316363334656), (55, 318.3131422996521), (56, 315.6606011390686), (57, 332.7038588523865), (58, 323.7545704841614), (59, 326.26378893852234), (60, 297.77769017219543), (61, 263.011381149292), (62, 293.1677145957947), (63, 304.47721099853516), (64, 317.5774085521698), (65, 301.1509234905243), (66, 306.87841415405273), (67, 311.1694185733795), (68, 288.34548830986023), (69, 295.0816054344177), (70, 268.03434777259827), (71, 271.5290696620941), (72, 251.37433886528015), (73, 241.71619319915771), (74, 245.9841125011444), (75, 241.19357919692993), (76, 253.25244975090027), (77, 254.65831184387207), (78, 265.9188725948334), (79, 286.3505685329437), (80, 309.418066740036), (81, 320.3921287059784), (82, 315.90491485595703), (83, 309.3436460494995), (84, 278.8861138820648), (85, 277.05013966560364), (86, 293.84849739074707), (87, 310.7314786911011), (88, 302.64070177078247), (89, 316.8121621608734), (90, 329.4907166957855), (91, 308.72630620002747), (92, 299.59115648269653), (93, 278.06112337112427), (94, 304.62090611457825), (95, 306.64974784851074), (96, 313.16196036338806), (97, 321.2015025615692), (98, 315.3827922344208), (99, 313.664119720459), (100, 323.2543878555298)]
INFO flwr 2024-03-14 01:09:32,462 | app.py:222 | app_fit: metrics_centralized {'accuracy': [(0, 0.1075), (1, 0.1842), (2, 0.1729), (3, 0.2413), (4, 0.2923), (5, 0.3016), (6, 0.3228), (7, 0.34), (8, 0.3342), (9, 0.3377), (10, 0.3072), (11, 0.3517), (12, 0.3049), (13, 0.3185), (14, 0.3341), (15, 0.3656), (16, 0.3571), (17, 0.3358), (18, 0.3119), (19, 0.3276), (20, 0.301), (21, 0.3197), (22, 0.3047), (23, 0.3393), (24, 0.3474), (25, 0.3289), (26, 0.325), (27, 0.2953), (28, 0.3123), (29, 0.3333), (30, 0.3316), (31, 0.3322), (32, 0.3235), (33, 0.3231), (34, 0.3273), (35, 0.3053), (36, 0.3199), (37, 0.3177), (38, 0.3218), (39, 0.3161), (40, 0.3015), (41, 0.3213), (42, 0.3169), (43, 0.3111), (44, 0.3184), (45, 0.3191), (46, 0.321), (47, 0.321), (48, 0.3193), (49, 0.3079), (50, 0.3167), (51, 0.317), (52, 0.3125), (53, 0.3124), (54, 0.32), (55, 0.3231), (56, 0.3186), (57, 0.3211), (58, 0.3186), (59, 0.3216), (60, 0.313), (61, 0.3215), (62, 0.3114), (63, 0.326), (64, 0.3221), (65, 0.3179), (66, 0.3208), (67, 0.324), (68, 0.3181), (69, 0.3215), (70, 0.3264), (71, 0.3137), (72, 0.321), (73, 0.3316), (74, 0.3224), (75, 0.3284), (76, 0.3243), (77, 0.3253), (78, 0.3255), (79, 0.3262), (80, 0.3252), (81, 0.3247), (82, 0.3228), (83, 0.3215), (84, 0.3241), (85, 0.3215), (86, 0.3253), (87, 0.3279), (88, 0.3285), (89, 0.328), (90, 0.3238), (91, 0.326), (92, 0.3263), (93, 0.3263), (94, 0.3277), (95, 0.3257), (96, 0.3247), (97, 0.3291), (98, 0.3277), (99, 0.3284), (100, 0.3283)]}
