INFO flwr 2024-03-14 01:09:54,053 | app.py:146 | Starting Flower simulation, config: ServerConfig(num_rounds=100, round_timeout=None)
2024-03-14 01:09:57,493	INFO worker.py:1724 -- Started a local Ray instance.
INFO flwr 2024-03-14 01:10:07,641 | app.py:180 | Flower VCE: Ray initialized with resources: {'node:__internal_head__': 1.0, 'object_store_memory': 158322435686.0, 'node:10.131.34.77': 1.0, 'accelerator_type:A10': 1.0, 'GPU': 1.0, 'memory': 359419016602.0, 'CPU': 96.0}
INFO flwr 2024-03-14 01:10:07,642 | server.py:86 | Initializing global parameters
INFO flwr 2024-03-14 01:10:07,642 | server.py:269 | Using initial parameters provided by strategy
INFO flwr 2024-03-14 01:10:07,642 | server.py:88 | Evaluating initial parameters
INFO flwr 2024-03-14 01:10:14,818 | server.py:91 | initial parameters (loss, other metrics): 182.2908000946045, {'accuracy': 0.0943}
INFO flwr 2024-03-14 01:10:14,818 | server.py:101 | FL starting
DEBUG flwr 2024-03-14 01:10:14,819 | server.py:218 | fit_round 1: strategy sampled 15 clients (out of 50)
DEBUG flwr 2024-03-14 01:13:59,381 | server.py:232 | fit_round 1 received 15 results and 0 failures
WARNING flwr 2024-03-14 01:14:47,047 | bd_strategy.py:524 | No fit_metrics_aggregation_fn provided
INFO flwr 2024-03-14 01:14:50,691 | server.py:119 | fit progress: (1, 194.79697632789612, {'accuracy': 0.1476}, 275.8723731529899)
DEBUG flwr 2024-03-14 01:14:50,691 | server.py:168 | evaluate_round 1: strategy sampled 50 clients (out of 50)
DEBUG flwr 2024-03-14 01:15:55,427 | server.py:182 | evaluate_round 1 received 50 results and 0 failures
DEBUG flwr 2024-03-14 01:15:55,667 | server.py:218 | fit_round 2: strategy sampled 15 clients (out of 50)
DEBUG flwr 2024-03-14 01:19:41,196 | server.py:232 | fit_round 2 received 15 results and 0 failures
INFO flwr 2024-03-14 01:20:41,005 | server.py:119 | fit progress: (2, 167.85921788215637, {'accuracy': 0.2713}, 626.1864053730387)
DEBUG flwr 2024-03-14 01:20:41,006 | server.py:168 | evaluate_round 2: strategy sampled 50 clients (out of 50)
DEBUG flwr 2024-03-14 01:21:43,290 | server.py:182 | evaluate_round 2 received 50 results and 0 failures
DEBUG flwr 2024-03-14 01:21:43,437 | server.py:218 | fit_round 3: strategy sampled 15 clients (out of 50)
DEBUG flwr 2024-03-14 01:25:04,551 | server.py:232 | fit_round 3 received 15 results and 0 failures
INFO flwr 2024-03-14 01:25:53,777 | server.py:119 | fit progress: (3, 147.30326509475708, {'accuracy': 0.3717}, 938.9582037449582)
DEBUG flwr 2024-03-14 01:25:53,777 | server.py:168 | evaluate_round 3: strategy sampled 50 clients (out of 50)
DEBUG flwr 2024-03-14 01:27:01,578 | server.py:182 | evaluate_round 3 received 50 results and 0 failures
DEBUG flwr 2024-03-14 01:27:01,818 | server.py:218 | fit_round 4: strategy sampled 15 clients (out of 50)
DEBUG flwr 2024-03-14 01:30:41,763 | server.py:232 | fit_round 4 received 15 results and 0 failures
INFO flwr 2024-03-14 01:31:32,465 | server.py:119 | fit progress: (4, 140.67884361743927, {'accuracy': 0.42}, 1277.6467137980508)
DEBUG flwr 2024-03-14 01:31:32,466 | server.py:168 | evaluate_round 4: strategy sampled 50 clients (out of 50)
DEBUG flwr 2024-03-14 01:32:37,316 | server.py:182 | evaluate_round 4 received 50 results and 0 failures
DEBUG flwr 2024-03-14 01:32:37,525 | server.py:218 | fit_round 5: strategy sampled 15 clients (out of 50)
DEBUG flwr 2024-03-14 01:35:50,755 | server.py:232 | fit_round 5 received 15 results and 0 failures
INFO flwr 2024-03-14 01:36:44,136 | server.py:119 | fit progress: (5, 131.3384974002838, {'accuracy': 0.4559}, 1589.318059170968)
DEBUG flwr 2024-03-14 01:36:44,137 | server.py:168 | evaluate_round 5: strategy sampled 50 clients (out of 50)
DEBUG flwr 2024-03-14 01:37:46,732 | server.py:182 | evaluate_round 5 received 50 results and 0 failures
DEBUG flwr 2024-03-14 01:37:47,197 | server.py:218 | fit_round 6: strategy sampled 15 clients (out of 50)
DEBUG flwr 2024-03-14 01:41:27,727 | server.py:232 | fit_round 6 received 15 results and 0 failures
INFO flwr 2024-03-14 01:42:17,929 | server.py:119 | fit progress: (6, 129.68141055107117, {'accuracy': 0.4727}, 1923.1102920080302)
DEBUG flwr 2024-03-14 01:42:17,929 | server.py:168 | evaluate_round 6: strategy sampled 50 clients (out of 50)
DEBUG flwr 2024-03-14 01:43:18,833 | server.py:182 | evaluate_round 6 received 50 results and 0 failures
DEBUG flwr 2024-03-14 01:43:19,018 | server.py:218 | fit_round 7: strategy sampled 15 clients (out of 50)
DEBUG flwr 2024-03-14 01:46:53,987 | server.py:232 | fit_round 7 received 15 results and 0 failures
INFO flwr 2024-03-14 01:47:40,888 | server.py:119 | fit progress: (7, 127.25749486684799, {'accuracy': 0.4911}, 2246.0699280439876)
DEBUG flwr 2024-03-14 01:47:40,889 | server.py:168 | evaluate_round 7: strategy sampled 50 clients (out of 50)
DEBUG flwr 2024-03-14 01:48:45,038 | server.py:182 | evaluate_round 7 received 50 results and 0 failures
DEBUG flwr 2024-03-14 01:48:45,485 | server.py:218 | fit_round 8: strategy sampled 15 clients (out of 50)
DEBUG flwr 2024-03-14 01:52:20,957 | server.py:232 | fit_round 8 received 15 results and 0 failures
INFO flwr 2024-03-14 01:53:05,750 | server.py:119 | fit progress: (8, 125.49058675765991, {'accuracy': 0.5012}, 2570.9314512120327)
DEBUG flwr 2024-03-14 01:53:05,750 | server.py:168 | evaluate_round 8: strategy sampled 50 clients (out of 50)
DEBUG flwr 2024-03-14 01:54:09,561 | server.py:182 | evaluate_round 8 received 50 results and 0 failures
DEBUG flwr 2024-03-14 01:54:09,769 | server.py:218 | fit_round 9: strategy sampled 15 clients (out of 50)
DEBUG flwr 2024-03-14 01:57:41,816 | server.py:232 | fit_round 9 received 15 results and 0 failures
INFO flwr 2024-03-14 01:58:19,810 | server.py:119 | fit progress: (9, 125.28524088859558, {'accuracy': 0.5042}, 2884.991119210026)
DEBUG flwr 2024-03-14 01:58:19,810 | server.py:168 | evaluate_round 9: strategy sampled 50 clients (out of 50)
DEBUG flwr 2024-03-14 01:59:23,914 | server.py:182 | evaluate_round 9 received 50 results and 0 failures
DEBUG flwr 2024-03-14 01:59:24,393 | server.py:218 | fit_round 10: strategy sampled 15 clients (out of 50)
DEBUG flwr 2024-03-14 02:03:07,909 | server.py:232 | fit_round 10 received 15 results and 0 failures
INFO flwr 2024-03-14 02:03:39,324 | server.py:119 | fit progress: (10, 127.07334595918655, {'accuracy': 0.5195}, 3204.5053974239854)
DEBUG flwr 2024-03-14 02:03:39,324 | server.py:168 | evaluate_round 10: strategy sampled 50 clients (out of 50)
DEBUG flwr 2024-03-14 02:04:42,496 | server.py:182 | evaluate_round 10 received 50 results and 0 failures
DEBUG flwr 2024-03-14 02:04:42,644 | server.py:218 | fit_round 11: strategy sampled 15 clients (out of 50)
DEBUG flwr 2024-03-14 02:08:19,258 | server.py:232 | fit_round 11 received 15 results and 0 failures
INFO flwr 2024-03-14 02:08:54,045 | server.py:119 | fit progress: (11, 121.33339214324951, {'accuracy': 0.5277}, 3519.2269741380587)
DEBUG flwr 2024-03-14 02:08:54,046 | server.py:168 | evaluate_round 11: strategy sampled 50 clients (out of 50)
DEBUG flwr 2024-03-14 02:09:57,060 | server.py:182 | evaluate_round 11 received 50 results and 0 failures
DEBUG flwr 2024-03-14 02:09:57,419 | server.py:218 | fit_round 12: strategy sampled 15 clients (out of 50)
DEBUG flwr 2024-03-14 02:13:26,523 | server.py:232 | fit_round 12 received 15 results and 0 failures
INFO flwr 2024-03-14 02:14:02,288 | server.py:119 | fit progress: (12, 123.30144065618515, {'accuracy': 0.5358}, 3827.4691779969726)
DEBUG flwr 2024-03-14 02:14:02,288 | server.py:168 | evaluate_round 12: strategy sampled 50 clients (out of 50)
DEBUG flwr 2024-03-14 02:15:05,566 | server.py:182 | evaluate_round 12 received 50 results and 0 failures
DEBUG flwr 2024-03-14 02:15:05,715 | server.py:218 | fit_round 13: strategy sampled 15 clients (out of 50)
DEBUG flwr 2024-03-14 02:18:49,263 | server.py:232 | fit_round 13 received 15 results and 0 failures
INFO flwr 2024-03-14 02:19:24,905 | server.py:119 | fit progress: (13, 121.29403132200241, {'accuracy': 0.5396}, 4150.087052591029)
DEBUG flwr 2024-03-14 02:19:24,906 | server.py:168 | evaluate_round 13: strategy sampled 50 clients (out of 50)
DEBUG flwr 2024-03-14 02:20:29,651 | server.py:182 | evaluate_round 13 received 50 results and 0 failures
DEBUG flwr 2024-03-14 02:20:29,793 | server.py:218 | fit_round 14: strategy sampled 15 clients (out of 50)
DEBUG flwr 2024-03-14 02:24:11,652 | server.py:232 | fit_round 14 received 15 results and 0 failures
INFO flwr 2024-03-14 02:24:50,981 | server.py:119 | fit progress: (14, 121.78800439834595, {'accuracy': 0.5382}, 4476.162258498021)
DEBUG flwr 2024-03-14 02:24:50,981 | server.py:168 | evaluate_round 14: strategy sampled 50 clients (out of 50)
DEBUG flwr 2024-03-14 02:25:59,889 | server.py:182 | evaluate_round 14 received 50 results and 0 failures
DEBUG flwr 2024-03-14 02:26:00,122 | server.py:218 | fit_round 15: strategy sampled 15 clients (out of 50)
DEBUG flwr 2024-03-14 02:29:23,758 | server.py:232 | fit_round 15 received 15 results and 0 failures
INFO flwr 2024-03-14 02:30:00,790 | server.py:119 | fit progress: (15, 118.75804126262665, {'accuracy': 0.5428}, 4785.972064323025)
DEBUG flwr 2024-03-14 02:30:00,791 | server.py:168 | evaluate_round 15: strategy sampled 50 clients (out of 50)
DEBUG flwr 2024-03-14 02:31:05,201 | server.py:182 | evaluate_round 15 received 50 results and 0 failures
DEBUG flwr 2024-03-14 02:31:05,417 | server.py:218 | fit_round 16: strategy sampled 15 clients (out of 50)
DEBUG flwr 2024-03-14 02:34:41,981 | server.py:232 | fit_round 16 received 15 results and 0 failures
INFO flwr 2024-03-14 02:35:19,035 | server.py:119 | fit progress: (16, 120.36229920387268, {'accuracy': 0.545}, 5104.216981690028)
DEBUG flwr 2024-03-14 02:35:19,036 | server.py:168 | evaluate_round 16: strategy sampled 50 clients (out of 50)
DEBUG flwr 2024-03-14 02:36:22,274 | server.py:182 | evaluate_round 16 received 50 results and 0 failures
DEBUG flwr 2024-03-14 02:36:22,609 | server.py:218 | fit_round 17: strategy sampled 15 clients (out of 50)
DEBUG flwr 2024-03-14 02:39:41,639 | server.py:232 | fit_round 17 received 15 results and 0 failures
INFO flwr 2024-03-14 02:40:16,935 | server.py:119 | fit progress: (17, 117.88276022672653, {'accuracy': 0.5519}, 5402.117110669962)
DEBUG flwr 2024-03-14 02:40:16,936 | server.py:168 | evaluate_round 17: strategy sampled 50 clients (out of 50)
DEBUG flwr 2024-03-14 02:41:21,874 | server.py:182 | evaluate_round 17 received 50 results and 0 failures
DEBUG flwr 2024-03-14 02:41:22,032 | server.py:218 | fit_round 18: strategy sampled 15 clients (out of 50)
DEBUG flwr 2024-03-14 02:45:08,515 | server.py:232 | fit_round 18 received 15 results and 0 failures
INFO flwr 2024-03-14 02:45:55,357 | server.py:119 | fit progress: (18, 122.89838445186615, {'accuracy': 0.5513}, 5740.538334983983)
DEBUG flwr 2024-03-14 02:45:55,357 | server.py:168 | evaluate_round 18: strategy sampled 50 clients (out of 50)
DEBUG flwr 2024-03-14 02:46:59,283 | server.py:182 | evaluate_round 18 received 50 results and 0 failures
DEBUG flwr 2024-03-14 02:46:59,618 | server.py:218 | fit_round 19: strategy sampled 15 clients (out of 50)
DEBUG flwr 2024-03-14 02:50:26,285 | server.py:232 | fit_round 19 received 15 results and 0 failures
INFO flwr 2024-03-14 02:51:00,365 | server.py:119 | fit progress: (19, 122.05120098590851, {'accuracy': 0.5553}, 6045.546273016022)
DEBUG flwr 2024-03-14 02:51:00,365 | server.py:168 | evaluate_round 19: strategy sampled 50 clients (out of 50)
DEBUG flwr 2024-03-14 02:52:04,610 | server.py:182 | evaluate_round 19 received 50 results and 0 failures
DEBUG flwr 2024-03-14 02:52:04,770 | server.py:218 | fit_round 20: strategy sampled 15 clients (out of 50)
DEBUG flwr 2024-03-14 02:55:46,533 | server.py:232 | fit_round 20 received 15 results and 0 failures
INFO flwr 2024-03-14 02:56:18,857 | server.py:119 | fit progress: (20, 142.54123294353485, {'accuracy': 0.5069}, 6364.038563236012)
DEBUG flwr 2024-03-14 02:56:18,857 | server.py:168 | evaluate_round 20: strategy sampled 50 clients (out of 50)
DEBUG flwr 2024-03-14 02:57:23,127 | server.py:182 | evaluate_round 20 received 50 results and 0 failures
DEBUG flwr 2024-03-14 02:57:23,430 | server.py:218 | fit_round 21: strategy sampled 15 clients (out of 50)
DEBUG flwr 2024-03-14 03:00:56,041 | server.py:232 | fit_round 21 received 15 results and 0 failures
INFO flwr 2024-03-14 03:01:33,300 | server.py:119 | fit progress: (21, 149.32574439048767, {'accuracy': 0.4943}, 6678.481471920037)
DEBUG flwr 2024-03-14 03:01:33,300 | server.py:168 | evaluate_round 21: strategy sampled 50 clients (out of 50)
DEBUG flwr 2024-03-14 03:02:37,747 | server.py:182 | evaluate_round 21 received 50 results and 0 failures
DEBUG flwr 2024-03-14 03:02:37,937 | server.py:218 | fit_round 22: strategy sampled 15 clients (out of 50)
DEBUG flwr 2024-03-14 03:06:14,444 | server.py:232 | fit_round 22 received 15 results and 0 failures
INFO flwr 2024-03-14 03:06:53,900 | server.py:119 | fit progress: (22, 142.93781888484955, {'accuracy': 0.4988}, 6999.082026163)
DEBUG flwr 2024-03-14 03:06:53,901 | server.py:168 | evaluate_round 22: strategy sampled 50 clients (out of 50)
DEBUG flwr 2024-03-14 03:07:56,934 | server.py:182 | evaluate_round 22 received 50 results and 0 failures
DEBUG flwr 2024-03-14 03:07:57,269 | server.py:218 | fit_round 23: strategy sampled 15 clients (out of 50)
DEBUG flwr 2024-03-14 03:11:28,497 | server.py:232 | fit_round 23 received 15 results and 0 failures
INFO flwr 2024-03-14 03:12:00,500 | server.py:119 | fit progress: (23, 124.94466519355774, {'accuracy': 0.5353}, 7305.681831296999)
DEBUG flwr 2024-03-14 03:12:00,501 | server.py:168 | evaluate_round 23: strategy sampled 50 clients (out of 50)
DEBUG flwr 2024-03-14 03:13:04,214 | server.py:182 | evaluate_round 23 received 50 results and 0 failures
DEBUG flwr 2024-03-14 03:13:04,390 | server.py:218 | fit_round 24: strategy sampled 15 clients (out of 50)
DEBUG flwr 2024-03-14 03:16:42,060 | server.py:232 | fit_round 24 received 15 results and 0 failures
INFO flwr 2024-03-14 03:17:13,347 | server.py:119 | fit progress: (24, 134.5037881731987, {'accuracy': 0.5181}, 7618.528696684982)
DEBUG flwr 2024-03-14 03:17:13,347 | server.py:168 | evaluate_round 24: strategy sampled 50 clients (out of 50)
DEBUG flwr 2024-03-14 03:18:17,761 | server.py:182 | evaluate_round 24 received 50 results and 0 failures
DEBUG flwr 2024-03-14 03:18:17,950 | server.py:218 | fit_round 25: strategy sampled 15 clients (out of 50)
DEBUG flwr 2024-03-14 03:21:38,386 | server.py:232 | fit_round 25 received 15 results and 0 failures
INFO flwr 2024-03-14 03:22:22,639 | server.py:119 | fit progress: (25, 115.83670276403427, {'accuracy': 0.5598}, 7927.820895074052)
DEBUG flwr 2024-03-14 03:22:22,640 | server.py:168 | evaluate_round 25: strategy sampled 50 clients (out of 50)
DEBUG flwr 2024-03-14 03:23:27,157 | server.py:182 | evaluate_round 25 received 50 results and 0 failures
DEBUG flwr 2024-03-14 03:23:27,385 | server.py:218 | fit_round 26: strategy sampled 15 clients (out of 50)
DEBUG flwr 2024-03-14 03:27:10,130 | server.py:232 | fit_round 26 received 15 results and 0 failures
INFO flwr 2024-03-14 03:27:53,125 | server.py:119 | fit progress: (26, 130.68494760990143, {'accuracy': 0.5268}, 8258.306350823026)
DEBUG flwr 2024-03-14 03:27:53,125 | server.py:168 | evaluate_round 26: strategy sampled 50 clients (out of 50)
DEBUG flwr 2024-03-14 03:28:56,234 | server.py:182 | evaluate_round 26 received 50 results and 0 failures
DEBUG flwr 2024-03-14 03:28:56,565 | server.py:218 | fit_round 27: strategy sampled 15 clients (out of 50)
DEBUG flwr 2024-03-14 03:32:12,134 | server.py:232 | fit_round 27 received 15 results and 0 failures
INFO flwr 2024-03-14 03:32:51,346 | server.py:119 | fit progress: (27, 115.5976385474205, {'accuracy': 0.5635}, 8556.527329353034)
DEBUG flwr 2024-03-14 03:32:51,346 | server.py:168 | evaluate_round 27: strategy sampled 50 clients (out of 50)
DEBUG flwr 2024-03-14 03:33:54,757 | server.py:182 | evaluate_round 27 received 50 results and 0 failures
DEBUG flwr 2024-03-14 03:33:54,972 | server.py:218 | fit_round 28: strategy sampled 15 clients (out of 50)
DEBUG flwr 2024-03-14 03:37:39,560 | server.py:232 | fit_round 28 received 15 results and 0 failures
INFO flwr 2024-03-14 03:38:20,054 | server.py:119 | fit progress: (28, 114.89657580852509, {'accuracy': 0.5715}, 8885.235413818038)
DEBUG flwr 2024-03-14 03:38:20,054 | server.py:168 | evaluate_round 28: strategy sampled 50 clients (out of 50)
DEBUG flwr 2024-03-14 03:39:23,427 | server.py:182 | evaluate_round 28 received 50 results and 0 failures
DEBUG flwr 2024-03-14 03:39:23,569 | server.py:218 | fit_round 29: strategy sampled 15 clients (out of 50)
DEBUG flwr 2024-03-14 03:42:53,574 | server.py:232 | fit_round 29 received 15 results and 0 failures
INFO flwr 2024-03-14 03:43:36,623 | server.py:119 | fit progress: (29, 118.42043173313141, {'accuracy': 0.5718}, 9201.804926974)
DEBUG flwr 2024-03-14 03:43:36,624 | server.py:168 | evaluate_round 29: strategy sampled 50 clients (out of 50)
DEBUG flwr 2024-03-14 03:44:41,117 | server.py:182 | evaluate_round 29 received 50 results and 0 failures
DEBUG flwr 2024-03-14 03:44:41,262 | server.py:218 | fit_round 30: strategy sampled 15 clients (out of 50)
DEBUG flwr 2024-03-14 03:48:15,795 | server.py:232 | fit_round 30 received 15 results and 0 failures
INFO flwr 2024-03-14 03:49:01,299 | server.py:119 | fit progress: (30, 119.0375103354454, {'accuracy': 0.5781}, 9526.481017014012)
DEBUG flwr 2024-03-14 03:49:01,300 | server.py:168 | evaluate_round 30: strategy sampled 50 clients (out of 50)
DEBUG flwr 2024-03-14 03:50:06,226 | server.py:182 | evaluate_round 30 received 50 results and 0 failures
DEBUG flwr 2024-03-14 03:50:06,376 | server.py:218 | fit_round 31: strategy sampled 15 clients (out of 50)
DEBUG flwr 2024-03-14 03:53:59,691 | server.py:232 | fit_round 31 received 15 results and 0 failures
INFO flwr 2024-03-14 03:54:36,235 | server.py:119 | fit progress: (31, 123.7194436788559, {'accuracy': 0.5764}, 9861.416474987986)
DEBUG flwr 2024-03-14 03:54:36,236 | server.py:168 | evaluate_round 31: strategy sampled 50 clients (out of 50)
DEBUG flwr 2024-03-14 03:55:40,413 | server.py:182 | evaluate_round 31 received 50 results and 0 failures
DEBUG flwr 2024-03-14 03:55:40,576 | server.py:218 | fit_round 32: strategy sampled 15 clients (out of 50)
DEBUG flwr 2024-03-14 03:58:55,356 | server.py:232 | fit_round 32 received 15 results and 0 failures
INFO flwr 2024-03-14 03:59:37,958 | server.py:119 | fit progress: (32, 138.29701507091522, {'accuracy': 0.5549}, 10163.139758727979)
DEBUG flwr 2024-03-14 03:59:37,958 | server.py:168 | evaluate_round 32: strategy sampled 50 clients (out of 50)
DEBUG flwr 2024-03-14 04:00:42,175 | server.py:182 | evaluate_round 32 received 50 results and 0 failures
DEBUG flwr 2024-03-14 04:00:42,328 | server.py:218 | fit_round 33: strategy sampled 15 clients (out of 50)
DEBUG flwr 2024-03-14 04:04:30,486 | server.py:232 | fit_round 33 received 15 results and 0 failures
INFO flwr 2024-03-14 04:05:03,749 | server.py:119 | fit progress: (33, 123.50823509693146, {'accuracy': 0.5711}, 10488.930276346044)
DEBUG flwr 2024-03-14 04:05:03,749 | server.py:168 | evaluate_round 33: strategy sampled 50 clients (out of 50)
DEBUG flwr 2024-03-14 04:06:08,217 | server.py:182 | evaluate_round 33 received 50 results and 0 failures
DEBUG flwr 2024-03-14 04:06:08,393 | server.py:218 | fit_round 34: strategy sampled 15 clients (out of 50)
DEBUG flwr 2024-03-14 04:09:32,855 | server.py:232 | fit_round 34 received 15 results and 0 failures
INFO flwr 2024-03-14 04:10:06,414 | server.py:119 | fit progress: (34, 124.50218951702118, {'accuracy': 0.572}, 10791.595656575053)
DEBUG flwr 2024-03-14 04:10:06,414 | server.py:168 | evaluate_round 34: strategy sampled 50 clients (out of 50)
DEBUG flwr 2024-03-14 04:11:11,019 | server.py:182 | evaluate_round 34 received 50 results and 0 failures
DEBUG flwr 2024-03-14 04:11:11,161 | server.py:218 | fit_round 35: strategy sampled 15 clients (out of 50)
DEBUG flwr 2024-03-14 04:14:49,423 | server.py:232 | fit_round 35 received 15 results and 0 failures
INFO flwr 2024-03-14 04:15:25,401 | server.py:119 | fit progress: (35, 120.92883276939392, {'accuracy': 0.5821}, 11110.582341219066)
DEBUG flwr 2024-03-14 04:15:25,401 | server.py:168 | evaluate_round 35: strategy sampled 50 clients (out of 50)
DEBUG flwr 2024-03-14 04:16:29,630 | server.py:182 | evaluate_round 35 received 50 results and 0 failures
DEBUG flwr 2024-03-14 04:16:30,022 | server.py:218 | fit_round 36: strategy sampled 15 clients (out of 50)
DEBUG flwr 2024-03-14 04:19:59,130 | server.py:232 | fit_round 36 received 15 results and 0 failures
INFO flwr 2024-03-14 04:20:47,542 | server.py:119 | fit progress: (36, 120.14169239997864, {'accuracy': 0.5923}, 11432.723733861)
DEBUG flwr 2024-03-14 04:20:47,543 | server.py:168 | evaluate_round 36: strategy sampled 50 clients (out of 50)
DEBUG flwr 2024-03-14 04:21:51,104 | server.py:182 | evaluate_round 36 received 50 results and 0 failures
DEBUG flwr 2024-03-14 04:21:51,333 | server.py:218 | fit_round 37: strategy sampled 15 clients (out of 50)
DEBUG flwr 2024-03-14 04:25:31,247 | server.py:232 | fit_round 37 received 15 results and 0 failures
INFO flwr 2024-03-14 04:26:09,648 | server.py:119 | fit progress: (37, 122.40921866893768, {'accuracy': 0.5906}, 11754.829650265048)
DEBUG flwr 2024-03-14 04:26:09,648 | server.py:168 | evaluate_round 37: strategy sampled 50 clients (out of 50)
DEBUG flwr 2024-03-14 04:27:13,827 | server.py:182 | evaluate_round 37 received 50 results and 0 failures
DEBUG flwr 2024-03-14 04:27:14,246 | server.py:218 | fit_round 38: strategy sampled 15 clients (out of 50)
DEBUG flwr 2024-03-14 04:30:43,388 | server.py:232 | fit_round 38 received 15 results and 0 failures
INFO flwr 2024-03-14 04:31:25,379 | server.py:119 | fit progress: (38, 125.4802280664444, {'accuracy': 0.5803}, 12070.561010217993)
DEBUG flwr 2024-03-14 04:31:25,380 | server.py:168 | evaluate_round 38: strategy sampled 50 clients (out of 50)
DEBUG flwr 2024-03-14 04:32:28,704 | server.py:182 | evaluate_round 38 received 50 results and 0 failures
DEBUG flwr 2024-03-14 04:32:28,893 | server.py:218 | fit_round 39: strategy sampled 15 clients (out of 50)
DEBUG flwr 2024-03-14 04:36:17,663 | server.py:232 | fit_round 39 received 15 results and 0 failures
INFO flwr 2024-03-14 04:37:03,782 | server.py:119 | fit progress: (39, 123.99259126186371, {'accuracy': 0.5885}, 12408.963507713052)
DEBUG flwr 2024-03-14 04:37:03,782 | server.py:168 | evaluate_round 39: strategy sampled 50 clients (out of 50)
DEBUG flwr 2024-03-14 04:38:07,723 | server.py:182 | evaluate_round 39 received 50 results and 0 failures
DEBUG flwr 2024-03-14 04:38:08,133 | server.py:218 | fit_round 40: strategy sampled 15 clients (out of 50)
DEBUG flwr 2024-03-14 04:41:31,330 | server.py:232 | fit_round 40 received 15 results and 0 failures
INFO flwr 2024-03-14 04:42:20,554 | server.py:119 | fit progress: (40, 121.28550505638123, {'accuracy': 0.5947}, 12725.736054255045)
DEBUG flwr 2024-03-14 04:42:20,555 | server.py:168 | evaluate_round 40: strategy sampled 50 clients (out of 50)
DEBUG flwr 2024-03-14 04:43:24,330 | server.py:182 | evaluate_round 40 received 50 results and 0 failures
DEBUG flwr 2024-03-14 04:43:24,535 | server.py:218 | fit_round 41: strategy sampled 15 clients (out of 50)
DEBUG flwr 2024-03-14 04:46:57,185 | server.py:232 | fit_round 41 received 15 results and 0 failures
INFO flwr 2024-03-14 04:47:39,468 | server.py:119 | fit progress: (41, 121.09670305252075, {'accuracy': 0.5938}, 13044.649400233058)
DEBUG flwr 2024-03-14 04:47:39,468 | server.py:168 | evaluate_round 41: strategy sampled 50 clients (out of 50)
DEBUG flwr 2024-03-14 04:48:42,999 | server.py:182 | evaluate_round 41 received 50 results and 0 failures
DEBUG flwr 2024-03-14 04:48:43,471 | server.py:218 | fit_round 42: strategy sampled 15 clients (out of 50)
DEBUG flwr 2024-03-14 04:52:13,665 | server.py:232 | fit_round 42 received 15 results and 0 failures
INFO flwr 2024-03-14 04:52:51,227 | server.py:119 | fit progress: (42, 124.52578699588776, {'accuracy': 0.5822}, 13356.408831854002)
DEBUG flwr 2024-03-14 04:52:51,228 | server.py:168 | evaluate_round 42: strategy sampled 50 clients (out of 50)
DEBUG flwr 2024-03-14 04:53:55,656 | server.py:182 | evaluate_round 42 received 50 results and 0 failures
DEBUG flwr 2024-03-14 04:53:55,803 | server.py:218 | fit_round 43: strategy sampled 15 clients (out of 50)
DEBUG flwr 2024-03-14 04:57:23,615 | server.py:232 | fit_round 43 received 15 results and 0 failures
INFO flwr 2024-03-14 04:58:12,356 | server.py:119 | fit progress: (43, 125.78741300106049, {'accuracy': 0.5789}, 13677.53781647503)
DEBUG flwr 2024-03-14 04:58:12,356 | server.py:168 | evaluate_round 43: strategy sampled 50 clients (out of 50)
DEBUG flwr 2024-03-14 04:59:17,205 | server.py:182 | evaluate_round 43 received 50 results and 0 failures
DEBUG flwr 2024-03-14 04:59:17,472 | server.py:218 | fit_round 44: strategy sampled 15 clients (out of 50)
DEBUG flwr 2024-03-14 05:02:41,511 | server.py:232 | fit_round 44 received 15 results and 0 failures
INFO flwr 2024-03-14 05:03:23,179 | server.py:119 | fit progress: (44, 126.56236708164215, {'accuracy': 0.5839}, 13988.360692630056)
DEBUG flwr 2024-03-14 05:03:23,179 | server.py:168 | evaluate_round 44: strategy sampled 50 clients (out of 50)
DEBUG flwr 2024-03-14 05:04:27,456 | server.py:182 | evaluate_round 44 received 50 results and 0 failures
DEBUG flwr 2024-03-14 05:04:27,609 | server.py:218 | fit_round 45: strategy sampled 15 clients (out of 50)
DEBUG flwr 2024-03-14 05:07:57,584 | server.py:232 | fit_round 45 received 15 results and 0 failures
INFO flwr 2024-03-14 05:08:39,720 | server.py:119 | fit progress: (45, 125.16112279891968, {'accuracy': 0.5862}, 14304.901144503034)
DEBUG flwr 2024-03-14 05:08:39,720 | server.py:168 | evaluate_round 45: strategy sampled 50 clients (out of 50)
DEBUG flwr 2024-03-14 05:09:41,250 | server.py:182 | evaluate_round 45 received 50 results and 0 failures
DEBUG flwr 2024-03-14 05:09:41,559 | server.py:218 | fit_round 46: strategy sampled 15 clients (out of 50)
DEBUG flwr 2024-03-14 05:13:12,588 | server.py:232 | fit_round 46 received 15 results and 0 failures
INFO flwr 2024-03-14 05:13:56,120 | server.py:119 | fit progress: (46, 128.08406341075897, {'accuracy': 0.5883}, 14621.301664176048)
DEBUG flwr 2024-03-14 05:13:56,120 | server.py:168 | evaluate_round 46: strategy sampled 50 clients (out of 50)
DEBUG flwr 2024-03-14 05:15:00,352 | server.py:182 | evaluate_round 46 received 50 results and 0 failures
DEBUG flwr 2024-03-14 05:15:00,534 | server.py:218 | fit_round 47: strategy sampled 15 clients (out of 50)
DEBUG flwr 2024-03-14 05:18:47,510 | server.py:232 | fit_round 47 received 15 results and 0 failures
INFO flwr 2024-03-14 05:19:32,502 | server.py:119 | fit progress: (47, 129.58562409877777, {'accuracy': 0.5899}, 14957.683289384004)
DEBUG flwr 2024-03-14 05:19:32,502 | server.py:168 | evaluate_round 47: strategy sampled 50 clients (out of 50)
DEBUG flwr 2024-03-14 05:20:35,633 | server.py:182 | evaluate_round 47 received 50 results and 0 failures
DEBUG flwr 2024-03-14 05:20:35,776 | server.py:218 | fit_round 48: strategy sampled 15 clients (out of 50)
DEBUG flwr 2024-03-14 05:24:08,916 | server.py:232 | fit_round 48 received 15 results and 0 failures
INFO flwr 2024-03-14 05:24:50,771 | server.py:119 | fit progress: (48, 123.90597558021545, {'accuracy': 0.5918}, 15275.95232833107)
DEBUG flwr 2024-03-14 05:24:50,771 | server.py:168 | evaluate_round 48: strategy sampled 50 clients (out of 50)
DEBUG flwr 2024-03-14 05:26:01,692 | server.py:182 | evaluate_round 48 received 50 results and 0 failures
DEBUG flwr 2024-03-14 05:26:01,834 | server.py:218 | fit_round 49: strategy sampled 15 clients (out of 50)
DEBUG flwr 2024-03-14 05:29:44,322 | server.py:232 | fit_round 49 received 15 results and 0 failures
INFO flwr 2024-03-14 05:30:16,622 | server.py:119 | fit progress: (49, 124.0025886297226, {'accuracy': 0.5948}, 15601.803180139046)
DEBUG flwr 2024-03-14 05:30:16,622 | server.py:168 | evaluate_round 49: strategy sampled 50 clients (out of 50)
DEBUG flwr 2024-03-14 05:31:22,580 | server.py:182 | evaluate_round 49 received 50 results and 0 failures
DEBUG flwr 2024-03-14 05:31:22,736 | server.py:218 | fit_round 50: strategy sampled 15 clients (out of 50)
DEBUG flwr 2024-03-14 05:34:44,122 | server.py:232 | fit_round 50 received 15 results and 0 failures
INFO flwr 2024-03-14 05:35:15,524 | server.py:119 | fit progress: (50, 122.46761751174927, {'accuracy': 0.5955}, 15900.70516877505)
DEBUG flwr 2024-03-14 05:35:15,524 | server.py:168 | evaluate_round 50: strategy sampled 50 clients (out of 50)
DEBUG flwr 2024-03-14 05:36:19,144 | server.py:182 | evaluate_round 50 received 50 results and 0 failures
DEBUG flwr 2024-03-14 05:36:19,454 | server.py:218 | fit_round 51: strategy sampled 15 clients (out of 50)
DEBUG flwr 2024-03-14 05:40:03,174 | server.py:232 | fit_round 51 received 15 results and 0 failures
INFO flwr 2024-03-14 05:40:35,556 | server.py:119 | fit progress: (51, 126.60691022872925, {'accuracy': 0.5925}, 16220.737384499982)
DEBUG flwr 2024-03-14 05:40:35,556 | server.py:168 | evaluate_round 51: strategy sampled 50 clients (out of 50)
DEBUG flwr 2024-03-14 05:41:38,698 | server.py:182 | evaluate_round 51 received 50 results and 0 failures
DEBUG flwr 2024-03-14 05:41:38,846 | server.py:218 | fit_round 52: strategy sampled 15 clients (out of 50)
DEBUG flwr 2024-03-14 05:45:14,706 | server.py:232 | fit_round 52 received 15 results and 0 failures
INFO flwr 2024-03-14 05:45:47,150 | server.py:119 | fit progress: (52, 130.48788785934448, {'accuracy': 0.5936}, 16532.331366367056)
DEBUG flwr 2024-03-14 05:45:47,150 | server.py:168 | evaluate_round 52: strategy sampled 50 clients (out of 50)
DEBUG flwr 2024-03-14 05:46:50,418 | server.py:182 | evaluate_round 52 received 50 results and 0 failures
DEBUG flwr 2024-03-14 05:46:50,744 | server.py:218 | fit_round 53: strategy sampled 15 clients (out of 50)
DEBUG flwr 2024-03-14 05:50:29,153 | server.py:232 | fit_round 53 received 15 results and 0 failures
INFO flwr 2024-03-14 05:51:09,638 | server.py:119 | fit progress: (53, 130.47769010066986, {'accuracy': 0.5925}, 16854.81993302703)
DEBUG flwr 2024-03-14 05:51:09,639 | server.py:168 | evaluate_round 53: strategy sampled 50 clients (out of 50)
DEBUG flwr 2024-03-14 05:52:14,321 | server.py:182 | evaluate_round 53 received 50 results and 0 failures
DEBUG flwr 2024-03-14 05:52:14,471 | server.py:218 | fit_round 54: strategy sampled 15 clients (out of 50)
DEBUG flwr 2024-03-14 05:55:44,193 | server.py:232 | fit_round 54 received 15 results and 0 failures
INFO flwr 2024-03-14 05:56:16,895 | server.py:119 | fit progress: (54, 133.81180262565613, {'accuracy': 0.5947}, 17162.076367591042)
DEBUG flwr 2024-03-14 05:56:16,895 | server.py:168 | evaluate_round 54: strategy sampled 50 clients (out of 50)
DEBUG flwr 2024-03-14 05:57:19,329 | server.py:182 | evaluate_round 54 received 50 results and 0 failures
DEBUG flwr 2024-03-14 05:57:19,689 | server.py:218 | fit_round 55: strategy sampled 15 clients (out of 50)
DEBUG flwr 2024-03-14 06:00:59,280 | server.py:232 | fit_round 55 received 15 results and 0 failures
INFO flwr 2024-03-14 06:01:37,419 | server.py:119 | fit progress: (55, 128.93034029006958, {'accuracy': 0.5979}, 17482.600147853955)
DEBUG flwr 2024-03-14 06:01:37,419 | server.py:168 | evaluate_round 55: strategy sampled 50 clients (out of 50)
DEBUG flwr 2024-03-14 06:02:40,690 | server.py:182 | evaluate_round 55 received 50 results and 0 failures
DEBUG flwr 2024-03-14 06:02:40,835 | server.py:218 | fit_round 56: strategy sampled 15 clients (out of 50)
DEBUG flwr 2024-03-14 06:06:08,090 | server.py:232 | fit_round 56 received 15 results and 0 failures
INFO flwr 2024-03-14 06:06:42,626 | server.py:119 | fit progress: (56, 129.9660965204239, {'accuracy': 0.5913}, 17787.807953211013)
DEBUG flwr 2024-03-14 06:06:42,627 | server.py:168 | evaluate_round 56: strategy sampled 50 clients (out of 50)
DEBUG flwr 2024-03-14 06:07:45,368 | server.py:182 | evaluate_round 56 received 50 results and 0 failures
DEBUG flwr 2024-03-14 06:07:45,556 | server.py:218 | fit_round 57: strategy sampled 15 clients (out of 50)
DEBUG flwr 2024-03-14 06:11:19,738 | server.py:232 | fit_round 57 received 15 results and 0 failures
INFO flwr 2024-03-14 06:12:00,063 | server.py:119 | fit progress: (57, 128.27520394325256, {'accuracy': 0.6001}, 18105.24462061003)
DEBUG flwr 2024-03-14 06:12:00,063 | server.py:168 | evaluate_round 57: strategy sampled 50 clients (out of 50)
DEBUG flwr 2024-03-14 06:13:04,127 | server.py:182 | evaluate_round 57 received 50 results and 0 failures
DEBUG flwr 2024-03-14 06:13:04,262 | server.py:218 | fit_round 58: strategy sampled 15 clients (out of 50)
DEBUG flwr 2024-03-14 06:16:45,243 | server.py:232 | fit_round 58 received 15 results and 0 failures
INFO flwr 2024-03-14 06:17:21,669 | server.py:119 | fit progress: (58, 131.20862436294556, {'accuracy': 0.5989}, 18426.85023773706)
DEBUG flwr 2024-03-14 06:17:21,669 | server.py:168 | evaluate_round 58: strategy sampled 50 clients (out of 50)
DEBUG flwr 2024-03-14 06:18:25,195 | server.py:182 | evaluate_round 58 received 50 results and 0 failures
DEBUG flwr 2024-03-14 06:18:25,555 | server.py:218 | fit_round 59: strategy sampled 15 clients (out of 50)
DEBUG flwr 2024-03-14 06:21:50,707 | server.py:232 | fit_round 59 received 15 results and 0 failures
INFO flwr 2024-03-14 06:22:27,332 | server.py:119 | fit progress: (59, 129.02302527427673, {'accuracy': 0.5995}, 18732.513467704062)
DEBUG flwr 2024-03-14 06:22:27,332 | server.py:168 | evaluate_round 59: strategy sampled 50 clients (out of 50)
DEBUG flwr 2024-03-14 06:23:32,193 | server.py:182 | evaluate_round 59 received 50 results and 0 failures
DEBUG flwr 2024-03-14 06:23:32,337 | server.py:218 | fit_round 60: strategy sampled 15 clients (out of 50)
DEBUG flwr 2024-03-14 06:27:15,140 | server.py:232 | fit_round 60 received 15 results and 0 failures
INFO flwr 2024-03-14 06:27:52,609 | server.py:119 | fit progress: (60, 133.8524774312973, {'accuracy': 0.5952}, 19057.790547120967)
DEBUG flwr 2024-03-14 06:27:52,609 | server.py:168 | evaluate_round 60: strategy sampled 50 clients (out of 50)
DEBUG flwr 2024-03-14 06:28:57,131 | server.py:182 | evaluate_round 60 received 50 results and 0 failures
DEBUG flwr 2024-03-14 06:28:57,533 | server.py:218 | fit_round 61: strategy sampled 15 clients (out of 50)
DEBUG flwr 2024-03-14 06:32:21,891 | server.py:232 | fit_round 61 received 15 results and 0 failures
INFO flwr 2024-03-14 06:32:59,315 | server.py:119 | fit progress: (61, 131.75232768058777, {'accuracy': 0.6017}, 19364.49697547499)
DEBUG flwr 2024-03-14 06:32:59,316 | server.py:168 | evaluate_round 61: strategy sampled 50 clients (out of 50)
DEBUG flwr 2024-03-14 06:34:03,428 | server.py:182 | evaluate_round 61 received 50 results and 0 failures
DEBUG flwr 2024-03-14 06:34:03,608 | server.py:218 | fit_round 62: strategy sampled 15 clients (out of 50)
DEBUG flwr 2024-03-14 06:37:48,666 | server.py:232 | fit_round 62 received 15 results and 0 failures
INFO flwr 2024-03-14 06:38:21,264 | server.py:119 | fit progress: (62, 134.62238144874573, {'accuracy': 0.5975}, 19686.44553287106)
DEBUG flwr 2024-03-14 06:38:21,264 | server.py:168 | evaluate_round 62: strategy sampled 50 clients (out of 50)
DEBUG flwr 2024-03-14 06:39:24,605 | server.py:182 | evaluate_round 62 received 50 results and 0 failures
DEBUG flwr 2024-03-14 06:39:24,980 | server.py:218 | fit_round 63: strategy sampled 15 clients (out of 50)
DEBUG flwr 2024-03-14 06:42:55,018 | server.py:232 | fit_round 63 received 15 results and 0 failures
INFO flwr 2024-03-14 06:43:29,236 | server.py:119 | fit progress: (63, 140.36896789073944, {'accuracy': 0.5907}, 19994.417770778993)
DEBUG flwr 2024-03-14 06:43:29,236 | server.py:168 | evaluate_round 63: strategy sampled 50 clients (out of 50)
DEBUG flwr 2024-03-14 06:44:34,129 | server.py:182 | evaluate_round 63 received 50 results and 0 failures
DEBUG flwr 2024-03-14 06:44:34,277 | server.py:218 | fit_round 64: strategy sampled 15 clients (out of 50)
DEBUG flwr 2024-03-14 06:48:12,107 | server.py:232 | fit_round 64 received 15 results and 0 failures
INFO flwr 2024-03-14 06:48:45,079 | server.py:119 | fit progress: (64, 137.90620231628418, {'accuracy': 0.597}, 20310.260551184998)
DEBUG flwr 2024-03-14 06:48:45,079 | server.py:168 | evaluate_round 64: strategy sampled 50 clients (out of 50)
DEBUG flwr 2024-03-14 06:49:50,069 | server.py:182 | evaluate_round 64 received 50 results and 0 failures
DEBUG flwr 2024-03-14 06:49:50,275 | server.py:218 | fit_round 65: strategy sampled 15 clients (out of 50)
DEBUG flwr 2024-03-14 06:53:36,416 | server.py:232 | fit_round 65 received 15 results and 0 failures
INFO flwr 2024-03-14 06:54:07,086 | server.py:119 | fit progress: (65, 139.53819596767426, {'accuracy': 0.5982}, 20632.26764442306)
DEBUG flwr 2024-03-14 06:54:07,086 | server.py:168 | evaluate_round 65: strategy sampled 50 clients (out of 50)
DEBUG flwr 2024-03-14 06:55:11,167 | server.py:182 | evaluate_round 65 received 50 results and 0 failures
DEBUG flwr 2024-03-14 06:55:11,318 | server.py:218 | fit_round 66: strategy sampled 15 clients (out of 50)
DEBUG flwr 2024-03-14 06:58:37,789 | server.py:232 | fit_round 66 received 15 results and 0 failures
INFO flwr 2024-03-14 06:59:09,659 | server.py:119 | fit progress: (66, 141.8386310338974, {'accuracy': 0.5929}, 20934.840355274035)
DEBUG flwr 2024-03-14 06:59:09,659 | server.py:168 | evaluate_round 66: strategy sampled 50 clients (out of 50)
DEBUG flwr 2024-03-14 07:00:14,066 | server.py:182 | evaluate_round 66 received 50 results and 0 failures
DEBUG flwr 2024-03-14 07:00:14,229 | server.py:218 | fit_round 67: strategy sampled 15 clients (out of 50)
DEBUG flwr 2024-03-14 07:03:58,654 | server.py:232 | fit_round 67 received 15 results and 0 failures
INFO flwr 2024-03-14 07:04:29,611 | server.py:119 | fit progress: (67, 138.32426714897156, {'accuracy': 0.6046}, 21254.792754922993)
DEBUG flwr 2024-03-14 07:04:29,611 | server.py:168 | evaluate_round 67: strategy sampled 50 clients (out of 50)
DEBUG flwr 2024-03-14 07:05:33,107 | server.py:182 | evaluate_round 67 received 50 results and 0 failures
DEBUG flwr 2024-03-14 07:05:33,253 | server.py:218 | fit_round 68: strategy sampled 15 clients (out of 50)
DEBUG flwr 2024-03-14 07:08:59,478 | server.py:232 | fit_round 68 received 15 results and 0 failures
INFO flwr 2024-03-14 07:09:32,406 | server.py:119 | fit progress: (68, 140.2239044904709, {'accuracy': 0.6009}, 21557.587409269996)
DEBUG flwr 2024-03-14 07:09:32,406 | server.py:168 | evaluate_round 68: strategy sampled 50 clients (out of 50)
DEBUG flwr 2024-03-14 07:10:36,336 | server.py:182 | evaluate_round 68 received 50 results and 0 failures
DEBUG flwr 2024-03-14 07:10:36,539 | server.py:218 | fit_round 69: strategy sampled 15 clients (out of 50)
DEBUG flwr 2024-03-14 07:14:21,160 | server.py:232 | fit_round 69 received 15 results and 0 failures
INFO flwr 2024-03-14 07:14:58,321 | server.py:119 | fit progress: (69, 134.8376533985138, {'accuracy': 0.603}, 21883.502797527006)
DEBUG flwr 2024-03-14 07:14:58,322 | server.py:168 | evaluate_round 69: strategy sampled 50 clients (out of 50)
DEBUG flwr 2024-03-14 07:16:01,356 | server.py:182 | evaluate_round 69 received 50 results and 0 failures
DEBUG flwr 2024-03-14 07:16:01,503 | server.py:218 | fit_round 70: strategy sampled 15 clients (out of 50)
DEBUG flwr 2024-03-14 07:19:31,462 | server.py:232 | fit_round 70 received 15 results and 0 failures
INFO flwr 2024-03-14 07:20:08,851 | server.py:119 | fit progress: (70, 136.0432755947113, {'accuracy': 0.6011}, 22194.03269331297)
DEBUG flwr 2024-03-14 07:20:08,851 | server.py:168 | evaluate_round 70: strategy sampled 50 clients (out of 50)
DEBUG flwr 2024-03-14 07:21:13,389 | server.py:182 | evaluate_round 70 received 50 results and 0 failures
DEBUG flwr 2024-03-14 07:21:13,544 | server.py:218 | fit_round 71: strategy sampled 15 clients (out of 50)
DEBUG flwr 2024-03-14 07:24:53,290 | server.py:232 | fit_round 71 received 15 results and 0 failures
INFO flwr 2024-03-14 07:25:38,195 | server.py:119 | fit progress: (71, 136.66846776008606, {'accuracy': 0.606}, 22523.376452744007)
DEBUG flwr 2024-03-14 07:25:38,195 | server.py:168 | evaluate_round 71: strategy sampled 50 clients (out of 50)
DEBUG flwr 2024-03-14 07:26:42,308 | server.py:182 | evaluate_round 71 received 50 results and 0 failures
DEBUG flwr 2024-03-14 07:26:42,631 | server.py:218 | fit_round 72: strategy sampled 15 clients (out of 50)
DEBUG flwr 2024-03-14 07:30:09,205 | server.py:232 | fit_round 72 received 15 results and 0 failures
INFO flwr 2024-03-14 07:30:48,332 | server.py:119 | fit progress: (72, 142.4664660692215, {'accuracy': 0.5937}, 22833.514001603005)
DEBUG flwr 2024-03-14 07:30:48,333 | server.py:168 | evaluate_round 72: strategy sampled 50 clients (out of 50)
DEBUG flwr 2024-03-14 07:31:53,072 | server.py:182 | evaluate_round 72 received 50 results and 0 failures
DEBUG flwr 2024-03-14 07:31:53,211 | server.py:218 | fit_round 73: strategy sampled 15 clients (out of 50)
DEBUG flwr 2024-03-14 07:35:47,832 | server.py:232 | fit_round 73 received 15 results and 0 failures
INFO flwr 2024-03-14 07:36:33,983 | server.py:119 | fit progress: (73, 149.64080440998077, {'accuracy': 0.5845}, 23179.164646210964)
DEBUG flwr 2024-03-14 07:36:33,983 | server.py:168 | evaluate_round 73: strategy sampled 50 clients (out of 50)
DEBUG flwr 2024-03-14 07:37:37,960 | server.py:182 | evaluate_round 73 received 50 results and 0 failures
DEBUG flwr 2024-03-14 07:37:38,111 | server.py:218 | fit_round 74: strategy sampled 15 clients (out of 50)
DEBUG flwr 2024-03-14 07:41:17,615 | server.py:232 | fit_round 74 received 15 results and 0 failures
INFO flwr 2024-03-14 07:41:52,402 | server.py:119 | fit progress: (74, 138.06927621364594, {'accuracy': 0.5949}, 23497.583840330015)
DEBUG flwr 2024-03-14 07:41:52,403 | server.py:168 | evaluate_round 74: strategy sampled 50 clients (out of 50)
DEBUG flwr 2024-03-14 07:42:53,547 | server.py:182 | evaluate_round 74 received 50 results and 0 failures
DEBUG flwr 2024-03-14 07:42:53,700 | server.py:218 | fit_round 75: strategy sampled 15 clients (out of 50)
DEBUG flwr 2024-03-14 07:46:33,526 | server.py:232 | fit_round 75 received 15 results and 0 failures
INFO flwr 2024-03-14 07:47:14,542 | server.py:119 | fit progress: (75, 140.1171303987503, {'accuracy': 0.597}, 23819.723911999026)
DEBUG flwr 2024-03-14 07:47:14,543 | server.py:168 | evaluate_round 75: strategy sampled 50 clients (out of 50)
DEBUG flwr 2024-03-14 07:48:17,545 | server.py:182 | evaluate_round 75 received 50 results and 0 failures
DEBUG flwr 2024-03-14 07:48:17,959 | server.py:218 | fit_round 76: strategy sampled 15 clients (out of 50)
DEBUG flwr 2024-03-14 07:51:50,109 | server.py:232 | fit_round 76 received 15 results and 0 failures
INFO flwr 2024-03-14 07:52:38,475 | server.py:119 | fit progress: (76, 141.98598778247833, {'accuracy': 0.5971}, 24143.65700126998)
DEBUG flwr 2024-03-14 07:52:38,476 | server.py:168 | evaluate_round 76: strategy sampled 50 clients (out of 50)
DEBUG flwr 2024-03-14 07:53:42,516 | server.py:182 | evaluate_round 76 received 50 results and 0 failures
DEBUG flwr 2024-03-14 07:53:42,658 | server.py:218 | fit_round 77: strategy sampled 15 clients (out of 50)
DEBUG flwr 2024-03-14 07:57:26,531 | server.py:232 | fit_round 77 received 15 results and 0 failures
INFO flwr 2024-03-14 07:58:10,401 | server.py:119 | fit progress: (77, 142.16748452186584, {'accuracy': 0.5935}, 24475.582550412975)
DEBUG flwr 2024-03-14 07:58:10,401 | server.py:168 | evaluate_round 77: strategy sampled 50 clients (out of 50)
DEBUG flwr 2024-03-14 07:59:14,443 | server.py:182 | evaluate_round 77 received 50 results and 0 failures
DEBUG flwr 2024-03-14 07:59:14,583 | server.py:218 | fit_round 78: strategy sampled 15 clients (out of 50)
DEBUG flwr 2024-03-14 08:02:51,192 | server.py:232 | fit_round 78 received 15 results and 0 failures
INFO flwr 2024-03-14 08:03:40,442 | server.py:119 | fit progress: (78, 145.36047172546387, {'accuracy': 0.5943}, 24805.62392661604)
DEBUG flwr 2024-03-14 08:03:40,443 | server.py:168 | evaluate_round 78: strategy sampled 50 clients (out of 50)
DEBUG flwr 2024-03-14 08:04:44,688 | server.py:182 | evaluate_round 78 received 50 results and 0 failures
DEBUG flwr 2024-03-14 08:04:44,879 | server.py:218 | fit_round 79: strategy sampled 15 clients (out of 50)
DEBUG flwr 2024-03-14 08:08:32,459 | server.py:232 | fit_round 79 received 15 results and 0 failures
INFO flwr 2024-03-14 08:09:17,870 | server.py:119 | fit progress: (79, 145.50426864624023, {'accuracy': 0.5907}, 25143.05138800596)
DEBUG flwr 2024-03-14 08:09:17,870 | server.py:168 | evaluate_round 79: strategy sampled 50 clients (out of 50)
DEBUG flwr 2024-03-14 08:10:22,614 | server.py:182 | evaluate_round 79 received 50 results and 0 failures
DEBUG flwr 2024-03-14 08:10:22,773 | server.py:218 | fit_round 80: strategy sampled 15 clients (out of 50)
DEBUG flwr 2024-03-14 08:13:42,888 | server.py:232 | fit_round 80 received 15 results and 0 failures
INFO flwr 2024-03-14 08:14:24,346 | server.py:119 | fit progress: (80, 137.72736632823944, {'accuracy': 0.6027}, 25449.527293074992)
DEBUG flwr 2024-03-14 08:14:24,346 | server.py:168 | evaluate_round 80: strategy sampled 50 clients (out of 50)
DEBUG flwr 2024-03-14 08:15:27,731 | server.py:182 | evaluate_round 80 received 50 results and 0 failures
DEBUG flwr 2024-03-14 08:15:27,887 | server.py:218 | fit_round 81: strategy sampled 15 clients (out of 50)
DEBUG flwr 2024-03-14 08:19:01,843 | server.py:232 | fit_round 81 received 15 results and 0 failures
INFO flwr 2024-03-14 08:19:45,986 | server.py:119 | fit progress: (81, 141.33157968521118, {'accuracy': 0.595}, 25771.167517939)
DEBUG flwr 2024-03-14 08:19:45,986 | server.py:168 | evaluate_round 81: strategy sampled 50 clients (out of 50)
DEBUG flwr 2024-03-14 08:20:50,933 | server.py:182 | evaluate_round 81 received 50 results and 0 failures
DEBUG flwr 2024-03-14 08:20:51,088 | server.py:218 | fit_round 82: strategy sampled 15 clients (out of 50)
DEBUG flwr 2024-03-14 08:24:14,709 | server.py:232 | fit_round 82 received 15 results and 0 failures
INFO flwr 2024-03-14 08:24:56,368 | server.py:119 | fit progress: (82, 140.83766841888428, {'accuracy': 0.5995}, 26081.549936466967)
DEBUG flwr 2024-03-14 08:24:56,369 | server.py:168 | evaluate_round 82: strategy sampled 50 clients (out of 50)
DEBUG flwr 2024-03-14 08:26:00,518 | server.py:182 | evaluate_round 82 received 50 results and 0 failures
DEBUG flwr 2024-03-14 08:26:00,690 | server.py:218 | fit_round 83: strategy sampled 15 clients (out of 50)
DEBUG flwr 2024-03-14 08:29:41,587 | server.py:232 | fit_round 83 received 15 results and 0 failures
INFO flwr 2024-03-14 08:30:29,758 | server.py:119 | fit progress: (83, 144.136336684227, {'accuracy': 0.597}, 26414.93975610996)
DEBUG flwr 2024-03-14 08:30:29,758 | server.py:168 | evaluate_round 83: strategy sampled 50 clients (out of 50)
DEBUG flwr 2024-03-14 08:31:33,335 | server.py:182 | evaluate_round 83 received 50 results and 0 failures
DEBUG flwr 2024-03-14 08:31:33,500 | server.py:218 | fit_round 84: strategy sampled 15 clients (out of 50)
DEBUG flwr 2024-03-14 08:35:12,851 | server.py:232 | fit_round 84 received 15 results and 0 failures
INFO flwr 2024-03-14 08:35:55,162 | server.py:119 | fit progress: (84, 143.34397995471954, {'accuracy': 0.5998}, 26740.343494173954)
DEBUG flwr 2024-03-14 08:35:55,162 | server.py:168 | evaluate_round 84: strategy sampled 50 clients (out of 50)
DEBUG flwr 2024-03-14 08:36:56,978 | server.py:182 | evaluate_round 84 received 50 results and 0 failures
DEBUG flwr 2024-03-14 08:36:57,355 | server.py:218 | fit_round 85: strategy sampled 15 clients (out of 50)
DEBUG flwr 2024-03-14 08:40:25,114 | server.py:232 | fit_round 85 received 15 results and 0 failures
INFO flwr 2024-03-14 08:41:04,706 | server.py:119 | fit progress: (85, 141.32486629486084, {'accuracy': 0.6021}, 27049.887991023017)
DEBUG flwr 2024-03-14 08:41:04,707 | server.py:168 | evaluate_round 85: strategy sampled 50 clients (out of 50)
DEBUG flwr 2024-03-14 08:42:09,594 | server.py:182 | evaluate_round 85 received 50 results and 0 failures
DEBUG flwr 2024-03-14 08:42:09,797 | server.py:218 | fit_round 86: strategy sampled 15 clients (out of 50)
DEBUG flwr 2024-03-14 08:45:42,783 | server.py:232 | fit_round 86 received 15 results and 0 failures
INFO flwr 2024-03-14 08:46:23,050 | server.py:119 | fit progress: (86, 143.4372525215149, {'accuracy': 0.5992}, 27368.23210288305)
DEBUG flwr 2024-03-14 08:46:23,051 | server.py:168 | evaluate_round 86: strategy sampled 50 clients (out of 50)
DEBUG flwr 2024-03-14 08:47:27,663 | server.py:182 | evaluate_round 86 received 50 results and 0 failures
DEBUG flwr 2024-03-14 08:47:27,987 | server.py:218 | fit_round 87: strategy sampled 15 clients (out of 50)
DEBUG flwr 2024-03-14 08:50:55,325 | server.py:232 | fit_round 87 received 15 results and 0 failures
INFO flwr 2024-03-14 08:51:35,494 | server.py:119 | fit progress: (87, 144.56016755104065, {'accuracy': 0.5982}, 27680.67538410204)
DEBUG flwr 2024-03-14 08:51:35,494 | server.py:168 | evaluate_round 87: strategy sampled 50 clients (out of 50)
DEBUG flwr 2024-03-14 08:52:39,924 | server.py:182 | evaluate_round 87 received 50 results and 0 failures
DEBUG flwr 2024-03-14 08:52:40,091 | server.py:218 | fit_round 88: strategy sampled 15 clients (out of 50)
DEBUG flwr 2024-03-14 08:56:25,033 | server.py:232 | fit_round 88 received 15 results and 0 failures
INFO flwr 2024-03-14 08:57:03,139 | server.py:119 | fit progress: (88, 146.46097266674042, {'accuracy': 0.597}, 28008.320248877048)
DEBUG flwr 2024-03-14 08:57:03,139 | server.py:168 | evaluate_round 88: strategy sampled 50 clients (out of 50)
DEBUG flwr 2024-03-14 08:58:05,823 | server.py:182 | evaluate_round 88 received 50 results and 0 failures
DEBUG flwr 2024-03-14 08:58:06,333 | server.py:218 | fit_round 89: strategy sampled 15 clients (out of 50)
DEBUG flwr 2024-03-14 09:01:44,490 | server.py:232 | fit_round 89 received 15 results and 0 failures
INFO flwr 2024-03-14 09:02:17,506 | server.py:119 | fit progress: (89, 148.59725618362427, {'accuracy': 0.5989}, 28322.68808406603)
DEBUG flwr 2024-03-14 09:02:17,507 | server.py:168 | evaluate_round 89: strategy sampled 50 clients (out of 50)
DEBUG flwr 2024-03-14 09:03:21,595 | server.py:182 | evaluate_round 89 received 50 results and 0 failures
DEBUG flwr 2024-03-14 09:03:21,740 | server.py:218 | fit_round 90: strategy sampled 15 clients (out of 50)
DEBUG flwr 2024-03-14 09:07:06,565 | server.py:232 | fit_round 90 received 15 results and 0 failures
INFO flwr 2024-03-14 09:07:48,102 | server.py:119 | fit progress: (90, 147.35485064983368, {'accuracy': 0.6013}, 28653.283951638965)
DEBUG flwr 2024-03-14 09:07:48,103 | server.py:168 | evaluate_round 90: strategy sampled 50 clients (out of 50)
DEBUG flwr 2024-03-14 09:08:51,589 | server.py:182 | evaluate_round 90 received 50 results and 0 failures
DEBUG flwr 2024-03-14 09:08:51,922 | server.py:218 | fit_round 91: strategy sampled 15 clients (out of 50)
DEBUG flwr 2024-03-14 09:12:21,560 | server.py:232 | fit_round 91 received 15 results and 0 failures
INFO flwr 2024-03-14 09:13:01,441 | server.py:119 | fit progress: (91, 154.38913428783417, {'accuracy': 0.591}, 28966.62295022304)
DEBUG flwr 2024-03-14 09:13:01,442 | server.py:168 | evaluate_round 91: strategy sampled 50 clients (out of 50)
DEBUG flwr 2024-03-14 09:14:06,619 | server.py:182 | evaluate_round 91 received 50 results and 0 failures
DEBUG flwr 2024-03-14 09:14:06,778 | server.py:218 | fit_round 92: strategy sampled 15 clients (out of 50)
DEBUG flwr 2024-03-14 09:17:44,731 | server.py:232 | fit_round 92 received 15 results and 0 failures
INFO flwr 2024-03-14 09:18:29,448 | server.py:119 | fit progress: (92, 148.07208919525146, {'accuracy': 0.6007}, 29294.629509574967)
DEBUG flwr 2024-03-14 09:18:29,448 | server.py:168 | evaluate_round 92: strategy sampled 50 clients (out of 50)
DEBUG flwr 2024-03-14 09:19:33,446 | server.py:182 | evaluate_round 92 received 50 results and 0 failures
DEBUG flwr 2024-03-14 09:19:33,889 | server.py:218 | fit_round 93: strategy sampled 15 clients (out of 50)
DEBUG flwr 2024-03-14 09:22:58,065 | server.py:232 | fit_round 93 received 15 results and 0 failures
INFO flwr 2024-03-14 09:23:46,090 | server.py:119 | fit progress: (93, 148.31885385513306, {'accuracy': 0.6016}, 29611.271498922026)
DEBUG flwr 2024-03-14 09:23:46,090 | server.py:168 | evaluate_round 93: strategy sampled 50 clients (out of 50)
DEBUG flwr 2024-03-14 09:24:50,867 | server.py:182 | evaluate_round 93 received 50 results and 0 failures
DEBUG flwr 2024-03-14 09:24:51,050 | server.py:218 | fit_round 94: strategy sampled 15 clients (out of 50)
DEBUG flwr 2024-03-14 09:28:26,735 | server.py:232 | fit_round 94 received 15 results and 0 failures
INFO flwr 2024-03-14 09:29:13,714 | server.py:119 | fit progress: (94, 148.2769080400467, {'accuracy': 0.5986}, 29938.89601973002)
DEBUG flwr 2024-03-14 09:29:13,715 | server.py:168 | evaluate_round 94: strategy sampled 50 clients (out of 50)
DEBUG flwr 2024-03-14 09:30:18,403 | server.py:182 | evaluate_round 94 received 50 results and 0 failures
DEBUG flwr 2024-03-14 09:30:18,576 | server.py:218 | fit_round 95: strategy sampled 15 clients (out of 50)
DEBUG flwr 2024-03-14 09:34:00,138 | server.py:232 | fit_round 95 received 15 results and 0 failures
INFO flwr 2024-03-14 09:34:41,770 | server.py:119 | fit progress: (95, 150.17058086395264, {'accuracy': 0.5961}, 30266.951335547026)
DEBUG flwr 2024-03-14 09:34:41,770 | server.py:168 | evaluate_round 95: strategy sampled 50 clients (out of 50)
DEBUG flwr 2024-03-14 09:35:45,164 | server.py:182 | evaluate_round 95 received 50 results and 0 failures
DEBUG flwr 2024-03-14 09:35:45,301 | server.py:218 | fit_round 96: strategy sampled 15 clients (out of 50)
DEBUG flwr 2024-03-14 09:39:02,096 | server.py:232 | fit_round 96 received 15 results and 0 failures
INFO flwr 2024-03-14 09:39:34,297 | server.py:119 | fit progress: (96, 147.17942011356354, {'accuracy': 0.6007}, 30559.478522042977)
DEBUG flwr 2024-03-14 09:39:34,297 | server.py:168 | evaluate_round 96: strategy sampled 50 clients (out of 50)
DEBUG flwr 2024-03-14 09:40:38,861 | server.py:182 | evaluate_round 96 received 50 results and 0 failures
DEBUG flwr 2024-03-14 09:40:39,004 | server.py:218 | fit_round 97: strategy sampled 15 clients (out of 50)
DEBUG flwr 2024-03-14 09:44:25,520 | server.py:232 | fit_round 97 received 15 results and 0 failures
INFO flwr 2024-03-14 09:45:13,009 | server.py:119 | fit progress: (97, 148.4514547586441, {'accuracy': 0.6001}, 30898.190429987968)
DEBUG flwr 2024-03-14 09:45:13,010 | server.py:168 | evaluate_round 97: strategy sampled 50 clients (out of 50)
DEBUG flwr 2024-03-14 09:46:15,869 | server.py:182 | evaluate_round 97 received 50 results and 0 failures
DEBUG flwr 2024-03-14 09:46:16,019 | server.py:218 | fit_round 98: strategy sampled 15 clients (out of 50)
DEBUG flwr 2024-03-14 09:49:28,667 | server.py:232 | fit_round 98 received 15 results and 0 failures
INFO flwr 2024-03-14 09:50:00,917 | server.py:119 | fit progress: (98, 149.69533789157867, {'accuracy': 0.5987}, 31186.098775460036)
DEBUG flwr 2024-03-14 09:50:00,917 | server.py:168 | evaluate_round 98: strategy sampled 50 clients (out of 50)
DEBUG flwr 2024-03-14 09:51:04,927 | server.py:182 | evaluate_round 98 received 50 results and 0 failures
DEBUG flwr 2024-03-14 09:51:05,090 | server.py:218 | fit_round 99: strategy sampled 15 clients (out of 50)
DEBUG flwr 2024-03-14 09:54:51,611 | server.py:232 | fit_round 99 received 15 results and 0 failures
INFO flwr 2024-03-14 09:55:38,194 | server.py:119 | fit progress: (99, 150.25653100013733, {'accuracy': 0.5936}, 31523.37556769501)
DEBUG flwr 2024-03-14 09:55:38,194 | server.py:168 | evaluate_round 99: strategy sampled 50 clients (out of 50)
DEBUG flwr 2024-03-14 09:56:40,975 | server.py:182 | evaluate_round 99 received 50 results and 0 failures
DEBUG flwr 2024-03-14 09:56:41,355 | server.py:218 | fit_round 100: strategy sampled 15 clients (out of 50)
DEBUG flwr 2024-03-14 10:00:19,075 | server.py:232 | fit_round 100 received 15 results and 0 failures
INFO flwr 2024-03-14 10:01:03,631 | server.py:119 | fit progress: (100, 151.10511755943298, {'accuracy': 0.5977}, 31848.81230444496)
DEBUG flwr 2024-03-14 10:01:03,631 | server.py:168 | evaluate_round 100: strategy sampled 50 clients (out of 50)
DEBUG flwr 2024-03-14 10:02:08,346 | server.py:182 | evaluate_round 100 received 50 results and 0 failures
INFO flwr 2024-03-14 10:02:08,486 | server.py:147 | FL finished in 31913.667314346996
INFO flwr 2024-03-14 10:02:08,488 | app.py:218 | app_fit: losses_distributed [(1, 12.314113736152649), (2, 10.699592024087906), (3, 9.186054736375809), (4, 8.869415163993835), (5, 8.16676135195626), (6, 8.277220176325905), (7, 8.005157311757406), (8, 7.8369309239917335), (9, 7.767909000317256), (10, 7.968210465378231), (11, 7.5170762903160515), (12, 7.689730412430233), (13, 7.629536641968621), (14, 7.265993744134903), (15, 7.298516849676768), (16, 7.364959928724501), (17, 7.475003335211012), (18, 7.490439660019344), (19, 7.656063795089722), (20, 9.18423691060808), (21, 9.339786897102991), (22, 8.41390656762653), (23, 7.612363937828276), (24, 8.234854572349125), (25, 7.082052194409901), (26, 7.845000988907284), (27, 7.200099632143974), (28, 7.056982745726903), (29, 7.282771488030751), (30, 7.523691359493467), (31, 7.7520215809345245), (32, 8.866980450020897), (33, 7.906282881895701), (34, 7.93496357732349), (35, 7.76857770813836), (36, 7.746289769808452), (37, 7.805438306596544), (38, 7.932513015137778), (39, 7.90941478477584), (40, 7.702818522850673), (41, 7.737576256195704), (42, 7.916902979214986), (43, 7.981842964887619), (44, 8.04869031574991), (45, 8.116352958811653), (46, 8.318303204245037), (47, 8.208940582142937), (48, 7.906194984912872), (49, 7.915993723604414), (50, 7.752499328719245), (51, 7.981390125221676), (52, 8.442558262083265), (53, 8.262983394993675), (54, 8.612367825375664), (55, 8.241957671112484), (56, 8.340511484278572), (57, 8.08664103017913), (58, 8.333238701025644), (59, 8.338670608070162), (60, 8.604357775714663), (61, 8.41686032546891), (62, 8.48991248342726), (63, 8.813457565175163), (64, 8.610993014441597), (65, 8.782720214790768), (66, 8.986252834399542), (67, 8.610639409886467), (68, 8.789645708269543), (69, 8.48734720879131), (70, 8.359860721561644), (71, 8.629232976171705), (72, 8.824581424395243), (73, 8.99734709991349), (74, 8.560363226466709), (75, 9.064935578240288), (76, 8.864694827132755), (77, 9.07910865214136), (78, 9.150348083840477), (79, 8.812987513012356), (80, 8.576137430138058), (81, 8.798213597800997), (82, 8.699316054582596), (83, 9.13595818479856), (84, 9.11355342467626), (85, 8.834994309478336), (86, 9.104031877385246), (87, 9.040053059657415), (88, 9.039725651343664), (89, 9.29350338048405), (90, 9.365048289299011), (91, 9.708044866720835), (92, 9.273645059929954), (93, 9.331875377231174), (94, 9.304918984572092), (95, 9.446754309866163), (96, 9.380665593677097), (97, 9.444939232534832), (98, 9.44644848174519), (99, 9.489749881956312), (100, 9.611924290657043)]
INFO flwr 2024-03-14 10:02:08,488 | app.py:219 | app_fit: metrics_distributed_fit {}
INFO flwr 2024-03-14 10:02:08,488 | app.py:220 | app_fit: metrics_distributed {'accuracy': [(1, 0.15), (2, 0.25625000000000003), (3, 0.36666666666666664), (4, 0.4121428571428571), (5, 0.45777777777777773), (6, 0.4672222222222222), (7, 0.49111111111111116), (8, 0.51), (9, 0.5155555555555555), (10, 0.5183333333333333), (11, 0.5327777777777778), (12, 0.5411111111111111), (13, 0.5516666666666667), (14, 0.5633333333333332), (15, 0.5633333333333332), (16, 0.566111111111111), (17, 0.5644444444444445), (18, 0.5650000000000001), (19, 0.5666666666666665), (20, 0.5122222222222222), (21, 0.5122222222222221), (22, 0.5183333333333333), (23, 0.548888888888889), (24, 0.5294444444444443), (25, 0.5744444444444444), (26, 0.5516666666666666), (27, 0.5672222222222223), (28, 0.5777777777777778), (29, 0.5811111111111111), (30, 0.5855555555555554), (31, 0.5800000000000001), (32, 0.5538888888888889), (33, 0.5716666666666668), (34, 0.5705555555555556), (35, 0.5827777777777778), (36, 0.5916666666666668), (37, 0.5833333333333334), (38, 0.5822222222222221), (39, 0.5877777777777777), (40, 0.5955555555555556), (41, 0.5966666666666666), (42, 0.5744444444444444), (43, 0.5844444444444444), (44, 0.5844444444444444), (45, 0.581111111111111), (46, 0.586111111111111), (47, 0.5872222222222222), (48, 0.5866666666666667), (49, 0.5872222222222222), (50, 0.5988888888888889), (51, 0.6000000000000002), (52, 0.5872222222222222), (53, 0.5922222222222222), (54, 0.5816666666666668), (55, 0.5833333333333331), (56, 0.591111111111111), (57, 0.6011111111111112), (58, 0.5822222222222221), (59, 0.5972222222222222), (60, 0.5866666666666667), (61, 0.5905555555555555), (62, 0.6044444444444445), (63, 0.5916666666666667), (64, 0.5955555555555556), (65, 0.605), (66, 0.5977777777777777), (67, 0.593888888888889), (68, 0.6038888888888887), (69, 0.6055555555555555), (70, 0.6083333333333333), (71, 0.6122222222222223), (72, 0.6077777777777778), (73, 0.6022222222222222), (74, 0.6027777777777777), (75, 0.5955555555555554), (76, 0.605), (77, 0.601111111111111), (78, 0.6033333333333333), (79, 0.605), (80, 0.6044444444444446), (81, 0.5983333333333334), (82, 0.6033333333333334), (83, 0.6022222222222223), (84, 0.6027777777777779), (85, 0.6033333333333334), (86, 0.6022222222222222), (87, 0.5977777777777776), (88, 0.6072222222222223), (89, 0.6011111111111112), (90, 0.5972222222222223), (91, 0.5933333333333334), (92, 0.6066666666666667), (93, 0.6105555555555554), (94, 0.6083333333333333), (95, 0.6088888888888888), (96, 0.6027777777777777), (97, 0.5966666666666666), (98, 0.601111111111111), (99, 0.601111111111111), (100, 0.6022222222222223)]}
INFO flwr 2024-03-14 10:02:08,489 | app.py:221 | app_fit: losses_centralized [(0, 182.2908000946045), (1, 194.79697632789612), (2, 167.85921788215637), (3, 147.30326509475708), (4, 140.67884361743927), (5, 131.3384974002838), (6, 129.68141055107117), (7, 127.25749486684799), (8, 125.49058675765991), (9, 125.28524088859558), (10, 127.07334595918655), (11, 121.33339214324951), (12, 123.30144065618515), (13, 121.29403132200241), (14, 121.78800439834595), (15, 118.75804126262665), (16, 120.36229920387268), (17, 117.88276022672653), (18, 122.89838445186615), (19, 122.05120098590851), (20, 142.54123294353485), (21, 149.32574439048767), (22, 142.93781888484955), (23, 124.94466519355774), (24, 134.5037881731987), (25, 115.83670276403427), (26, 130.68494760990143), (27, 115.5976385474205), (28, 114.89657580852509), (29, 118.42043173313141), (30, 119.0375103354454), (31, 123.7194436788559), (32, 138.29701507091522), (33, 123.50823509693146), (34, 124.50218951702118), (35, 120.92883276939392), (36, 120.14169239997864), (37, 122.40921866893768), (38, 125.4802280664444), (39, 123.99259126186371), (40, 121.28550505638123), (41, 121.09670305252075), (42, 124.52578699588776), (43, 125.78741300106049), (44, 126.56236708164215), (45, 125.16112279891968), (46, 128.08406341075897), (47, 129.58562409877777), (48, 123.90597558021545), (49, 124.0025886297226), (50, 122.46761751174927), (51, 126.60691022872925), (52, 130.48788785934448), (53, 130.47769010066986), (54, 133.81180262565613), (55, 128.93034029006958), (56, 129.9660965204239), (57, 128.27520394325256), (58, 131.20862436294556), (59, 129.02302527427673), (60, 133.8524774312973), (61, 131.75232768058777), (62, 134.62238144874573), (63, 140.36896789073944), (64, 137.90620231628418), (65, 139.53819596767426), (66, 141.8386310338974), (67, 138.32426714897156), (68, 140.2239044904709), (69, 134.8376533985138), (70, 136.0432755947113), (71, 136.66846776008606), (72, 142.4664660692215), (73, 149.64080440998077), (74, 138.06927621364594), (75, 140.1171303987503), (76, 141.98598778247833), (77, 142.16748452186584), (78, 145.36047172546387), (79, 145.50426864624023), (80, 137.72736632823944), (81, 141.33157968521118), (82, 140.83766841888428), (83, 144.136336684227), (84, 143.34397995471954), (85, 141.32486629486084), (86, 143.4372525215149), (87, 144.56016755104065), (88, 146.46097266674042), (89, 148.59725618362427), (90, 147.35485064983368), (91, 154.38913428783417), (92, 148.07208919525146), (93, 148.31885385513306), (94, 148.2769080400467), (95, 150.17058086395264), (96, 147.17942011356354), (97, 148.4514547586441), (98, 149.69533789157867), (99, 150.25653100013733), (100, 151.10511755943298)]
INFO flwr 2024-03-14 10:02:08,489 | app.py:222 | app_fit: metrics_centralized {'accuracy': [(0, 0.0943), (1, 0.1476), (2, 0.2713), (3, 0.3717), (4, 0.42), (5, 0.4559), (6, 0.4727), (7, 0.4911), (8, 0.5012), (9, 0.5042), (10, 0.5195), (11, 0.5277), (12, 0.5358), (13, 0.5396), (14, 0.5382), (15, 0.5428), (16, 0.545), (17, 0.5519), (18, 0.5513), (19, 0.5553), (20, 0.5069), (21, 0.4943), (22, 0.4988), (23, 0.5353), (24, 0.5181), (25, 0.5598), (26, 0.5268), (27, 0.5635), (28, 0.5715), (29, 0.5718), (30, 0.5781), (31, 0.5764), (32, 0.5549), (33, 0.5711), (34, 0.572), (35, 0.5821), (36, 0.5923), (37, 0.5906), (38, 0.5803), (39, 0.5885), (40, 0.5947), (41, 0.5938), (42, 0.5822), (43, 0.5789), (44, 0.5839), (45, 0.5862), (46, 0.5883), (47, 0.5899), (48, 0.5918), (49, 0.5948), (50, 0.5955), (51, 0.5925), (52, 0.5936), (53, 0.5925), (54, 0.5947), (55, 0.5979), (56, 0.5913), (57, 0.6001), (58, 0.5989), (59, 0.5995), (60, 0.5952), (61, 0.6017), (62, 0.5975), (63, 0.5907), (64, 0.597), (65, 0.5982), (66, 0.5929), (67, 0.6046), (68, 0.6009), (69, 0.603), (70, 0.6011), (71, 0.606), (72, 0.5937), (73, 0.5845), (74, 0.5949), (75, 0.597), (76, 0.5971), (77, 0.5935), (78, 0.5943), (79, 0.5907), (80, 0.6027), (81, 0.595), (82, 0.5995), (83, 0.597), (84, 0.5998), (85, 0.6021), (86, 0.5992), (87, 0.5982), (88, 0.597), (89, 0.5989), (90, 0.6013), (91, 0.591), (92, 0.6007), (93, 0.6016), (94, 0.5986), (95, 0.5961), (96, 0.6007), (97, 0.6001), (98, 0.5987), (99, 0.5936), (100, 0.5977)]}
