Using CUDA: True
Using MPS: False
dataset: cifar10
num_rounds: 10
num_clients: 50
batch_size: 20
num_classes: 10
num_channels: 3
target_label: 9
num_clients_per_round_fit: 35
num_clients_per_round_eval: 35
config_fit:
  poisoning_rate: 0.8
  lr: 0.01
  momentum: 0.9
  local_epochs: 5
  proximal_mu: 2.0
dataset_config:
  ratio_benign_client: 0.5
  iid: false
  balance: false
  power_law: false
  dirichlet: true
  alpha: 0.9

27 Current GPU Memory: 0
Files already downloaded and verified
Files already downloaded and verified
32 Current GPU Memory: 0
38 Current GPU Memory: 0
[2024-05-05 22:42:20,798][flwr][INFO] - Starting Flower simulation, config: ServerConfig(num_rounds=10, round_timeout=None)
[2024-05-05 22:42:28,044][flwr][INFO] - Flower VCE: Ray initialized with resources: {'node:__internal_head__': 1.0, 'node:10.131.34.73': 1.0, 'accelerator_type:A10': 1.0, 'GPU': 1.0, 'CPU': 96.0, 'memory': 362126659789.0, 'object_store_memory': 159482854195.0}
[2024-05-05 22:42:28,045][flwr][INFO] - Initializing global parameters
[2024-05-05 22:42:28,045][flwr][INFO] - Using initial parameters provided by strategy
[2024-05-05 22:42:28,045][flwr][INFO] - Evaluating initial parameters
Evaluate
[2024-05-05 22:42:33,232][flwr][INFO] - initial parameters (loss, other metrics): 182.18629908561707, {'accuracy': 0.0997}
[2024-05-05 22:42:33,232][flwr][INFO] - FL starting
Configure Fit
server round: 1
[2024-05-05 22:42:33,232][flwr][DEBUG] - fit_round 1: strategy sampled 35 clients (out of 50)
[2024-05-05 22:50:08,730][flwr][DEBUG] - fit_round 1 received 35 results and 0 failures
315 Current GPU Memory: 8519680
malicious is ['2', '2', '0', '2', '0', '0', '2', '0', '2', '0', '0', '0', '2', '2', '0', '2', '2', '2', '0', '2', '0', '0', '0', '2', '2', '0', '2', '0', '0', '2', '2', '0', '0', '0', '2']
Number of Evil Clients: 0
Number of Preset Malicious Clients is 17
Number of Preset Benign Clients is 18
Clean accuracy is 0.4603
Clean accuracy is 0.1111
Clean accuracy is 0.1192
Clean accuracy is 0.2292
Clean accuracy is 0.2346
Clean accuracy is 0.1525
Clean accuracy is 0.1589
Clean accuracy is 0.1446
Clean accuracy is 0.1446
Clean accuracy is 0.2331
Clean accuracy is 0.0588
Clean accuracy is 0.15
Clean accuracy is 0.0559
Clean accuracy is 0.1735
Clean accuracy is 0.1829
Clean accuracy is 0.2373
Clean accuracy is 0.2475
Average poisoning accuracy: 0.9673294117647058
Average Clean Data Accuracy: 0.18200000000000002
3 Dimension for PCA
KMeans
intra_cluster distance is 3.435932134535381
good > bad, ALERT!!
Target label is 9
Now, comb_C is [2 2 0 2 0 0 2 2 2 2 2 0 2 2 0 2 2 2 0 2 2 0 0 2 2 0 2 0 0 2 2 0 0 0 2]
Clustering Accuracy is 0.8857142857142857
2 Dimension for PCA
KMeans
intra_cluster distance is 3.4252979255529734
good > bad, ALERT!!
Target label is 9
Now, comb_C is [2 2 0 2 0 0 2 2 2 2 2 0 2 2 0 2 2 2 0 2 2 0 0 2 2 0 2 0 0 2 2 0 0 0 2]
Clustering Accuracy is 0.8857142857142857
1 Dimension for PCA
KMeans
intra_cluster distance is 3.420104574877602
good > bad, ALERT!!
Target label is 9
Now, comb_C is [2 2 0 2 0 0 2 2 2 2 2 0 2 2 0 2 2 2 0 2 2 0 0 2 2 0 2 0 0 2 2 0 0 0 2]
Clustering Accuracy is 0.8857142857142857
length of good results is 14 and length of bad results is 21
acc_diff is 0
[2024-05-05 22:51:07,788][flwr][WARNING] - No fit_metrics_aggregation_fn provided
Evaluate
Global Poisoning Accuracy: 0.0004
[2024-05-05 22:51:11,701][flwr][INFO] - fit progress: (1, 188.358824968338, {'accuracy': 0.1188}, 518.4690281540097)
Configure Evaluate
[2024-05-05 22:51:11,702][flwr][DEBUG] - evaluate_round 1: strategy sampled 35 clients (out of 50)
[2024-05-05 22:51:41,406][flwr][DEBUG] - evaluate_round 1 received 35 results and 0 failures
Aggregate evaluate
benign record is []
No valid result
Federated Accuracy on Clean Data: 0.12218666666666665
Federated Accuracy on Dirty Data: 0.12218666666666665
Configure Fit
server round: 2
[2024-05-05 22:51:41,482][flwr][DEBUG] - fit_round 2: strategy sampled 35 clients (out of 50)
[2024-05-05 22:59:13,296][flwr][DEBUG] - fit_round 2 received 35 results and 0 failures
315 Current GPU Memory: 8519680
malicious is ['2', '2', '2', '0', '2', '2', '2', '2', '0', '2', '2', '0', '2', '0', '0', '2', '2', '2', '0', '0', '0', '2', '2', '0', '2', '0', '2', '2', '0', '0', '0', '0', '2', '0', '0']
Number of Evil Clients: 0
Number of Preset Malicious Clients is 19
Number of Preset Benign Clients is 16
Clean accuracy is 0.226
Clean accuracy is 0.1781
Clean accuracy is 0.1695
Clean accuracy is 0.2178
Clean accuracy is 0.162
Clean accuracy is 0.1186
Clean accuracy is 0.2376
Clean accuracy is 0.2574
Clean accuracy is 0.1485
Clean accuracy is 0.1597
Clean accuracy is 0.2673
Clean accuracy is 0.2871
Clean accuracy is 0.25
Clean accuracy is 0.1707
Clean accuracy is 0.137
Clean accuracy is 0.15
Clean accuracy is 0.2195
Clean accuracy is 0.1831
Clean accuracy is 0.1881
Average poisoning accuracy: 0.9557789473684211
Average Clean Data Accuracy: 0.19621052631578947
3 Dimension for PCA
KMeans
intra_cluster distance is 3.1253156875079506
good > bad, ALERT!!
Target label is 9
Now, comb_C is [2 2 2 0 2 2 2 2 0 2 2 0 2 0 0 2 2 2 2 0 0 2 2 2 2 0 2 2 0 0 0 0 2 0 0]
Clustering Accuracy is 0.9428571428571428
2 Dimension for PCA
KMeans
intra_cluster distance is 3.11692232529063
good > bad, ALERT!!
Target label is 9
Now, comb_C is [2 2 2 0 2 2 2 2 0 2 2 0 2 0 0 2 2 2 2 0 0 2 2 2 2 0 2 2 0 0 0 0 2 0 0]
Clustering Accuracy is 0.9428571428571428
1 Dimension for PCA
KMeans
intra_cluster distance is 3.1601334361212934
good > bad, ALERT!!
Target label is 9
Now, comb_C is [2 2 2 0 2 2 2 2 0 2 2 0 2 0 0 2 2 2 2 0 0 2 2 2 2 0 2 2 0 2 0 0 2 0 0]
Clustering Accuracy is 0.9142857142857143
length of good results is 13 and length of bad results is 22
acc_diff is 0
Evaluate
Global Poisoning Accuracy: 0.0024
[2024-05-05 23:00:20,985][flwr][INFO] - fit progress: (2, 174.92679142951965, {'accuracy': 0.1966}, 1067.7523703110055)
Configure Evaluate
[2024-05-05 23:00:20,985][flwr][DEBUG] - evaluate_round 2: strategy sampled 35 clients (out of 50)
[2024-05-05 23:00:53,124][flwr][DEBUG] - evaluate_round 2 received 35 results and 0 failures
Aggregate evaluate
benign record is []
No valid result
Federated Accuracy on Clean Data: 0.20645714285714284
Federated Accuracy on Dirty Data: 0.20645714285714284
Configure Fit
server round: 3
[2024-05-05 23:00:53,197][flwr][DEBUG] - fit_round 3: strategy sampled 35 clients (out of 50)
[2024-05-05 23:07:51,712][flwr][DEBUG] - fit_round 3 received 35 results and 0 failures
315 Current GPU Memory: 8519680
malicious is ['0', '2', '0', '0', '2', '2', '2', '2', '2', '0', '0', '2', '2', '0', '0', '0', '0', '2', '0', '2', '0', '2', '2', '0', '0', '0', '0', '2', '0', '0', '2', '0', '0', '2', '0']
Number of Evil Clients: 0
Number of Preset Malicious Clients is 15
Number of Preset Benign Clients is 20
Clean accuracy is 0.297
Clean accuracy is 0.35
Clean accuracy is 0.2941
Clean accuracy is 0.1449
Clean accuracy is 0.1728
Clean accuracy is 0.1341
Clean accuracy is 0.1754
Clean accuracy is 0.1951
Clean accuracy is 0.2941
Clean accuracy is 0.2329
Clean accuracy is 0.2603
Clean accuracy is 0.1863
Clean accuracy is 0.1698
Clean accuracy is 0.188
Clean accuracy is 0.4024
Average poisoning accuracy: 0.9515266666666666
Average Clean Data Accuracy: 0.2331466666666667
3 Dimension for PCA
KMeans
intra_cluster distance is 3.4684312770056724
good > bad, ALERT!!
Target label is 9
Now, comb_C is [0 2 0 0 2 2 2 2 2 2 0 2 2 2 0 0 0 2 0 2 0 2 2 0 0 0 0 2 2 2 2 0 2 2 2]
Clustering Accuracy is 0.8285714285714286
2 Dimension for PCA
KMeans
intra_cluster distance is 3.434315205677989
good > bad, ALERT!!
Target label is 9
Now, comb_C is [0 2 0 0 2 2 2 2 2 2 0 2 2 2 0 0 0 2 0 2 0 2 2 0 0 0 0 2 2 2 2 0 2 2 2]
Clustering Accuracy is 0.8285714285714286
1 Dimension for PCA
KMeans
intra_cluster distance is 3.3808635379379
good > bad, ALERT!!
Target label is 9
Now, comb_C is [0 2 0 0 2 2 2 2 2 2 0 2 2 2 0 0 0 2 0 2 0 2 2 0 0 0 0 2 2 2 2 0 2 2 0]
Clustering Accuracy is 0.8571428571428571
length of good results is 15 and length of bad results is 20
acc_diff is 0
Evaluate
Global Poisoning Accuracy: 0.0097
[2024-05-05 23:08:46,677][flwr][INFO] - fit progress: (3, 162.4501439332962, {'accuracy': 0.2379}, 1573.445006925991)
Configure Evaluate
[2024-05-05 23:08:46,678][flwr][DEBUG] - evaluate_round 3: strategy sampled 35 clients (out of 50)
[2024-05-05 23:09:17,139][flwr][DEBUG] - evaluate_round 3 received 35 results and 0 failures
Aggregate evaluate
benign record is []
No valid result
Federated Accuracy on Clean Data: 0.22525064935064937
Federated Accuracy on Dirty Data: 0.22525064935064937
Configure Fit
server round: 4
[2024-05-05 23:09:17,223][flwr][DEBUG] - fit_round 4: strategy sampled 35 clients (out of 50)
[2024-05-05 23:16:40,959][flwr][DEBUG] - fit_round 4 received 35 results and 0 failures
315 Current GPU Memory: 8519680
malicious is ['0', '2', '2', '0', '2', '0', '2', '2', '2', '2', '0', '0', '2', '0', '0', '0', '0', '0', '0', '0', '2', '2', '2', '2', '0', '2', '2', '2', '0', '2', '0', '0', '2', '0', '2']
Number of Evil Clients: 0
Number of Preset Malicious Clients is 18
Number of Preset Benign Clients is 17
Clean accuracy is 0.2881
Clean accuracy is 0.1837
Clean accuracy is 0.1792
Clean accuracy is 0.3288
Clean accuracy is 0.2914
Clean accuracy is 0.1864
Clean accuracy is 0.1471
Clean accuracy is 0.3168
Clean accuracy is 0.283
Clean accuracy is 0.1644
Clean accuracy is 0.1
Clean accuracy is 0.2292
Clean accuracy is 0.3168
Clean accuracy is 0.1525
Clean accuracy is 0.2329
Clean accuracy is 0.1356
Clean accuracy is 0.2673
Clean accuracy is 0.3082
Average poisoning accuracy: 0.9392833333333335
Average Clean Data Accuracy: 0.22841111111111115
3 Dimension for PCA
KMeans
intra_cluster distance is 3.5158648146971347
good > bad, ALERT!!
Target label is 9
Now, comb_C is [2 2 2 0 2 0 2 2 2 2 2 0 2 0 0 0 0 2 0 0 2 2 2 2 2 2 2 2 0 2 2 2 2 0 2]
Clustering Accuracy is 0.8285714285714286
2 Dimension for PCA
KMeans
intra_cluster distance is 3.5104918346869862
good > bad, ALERT!!
Target label is 9
Now, comb_C is [2 2 2 0 2 0 2 2 2 2 2 0 2 0 0 0 0 2 0 0 2 2 2 2 2 2 2 2 0 2 2 2 2 0 2]
Clustering Accuracy is 0.8285714285714286
1 Dimension for PCA
KMeans
intra_cluster distance is 3.5104806224661247
good > bad, ALERT!!
Target label is 9
Now, comb_C is [2 2 2 0 2 0 2 2 2 2 2 0 2 0 0 0 0 2 0 0 2 2 2 2 2 2 2 2 0 2 2 2 2 0 2]
Clustering Accuracy is 0.8285714285714286
length of good results is 11 and length of bad results is 24
acc_diff is 0
Evaluate
Global Poisoning Accuracy: 0.0426
[2024-05-05 23:17:45,992][flwr][INFO] - fit progress: (4, 149.22785758972168, {'accuracy': 0.3117}, 2112.759460211004)
Configure Evaluate
[2024-05-05 23:17:45,992][flwr][DEBUG] - evaluate_round 4: strategy sampled 35 clients (out of 50)
[2024-05-05 23:18:16,406][flwr][DEBUG] - evaluate_round 4 received 35 results and 0 failures
Aggregate evaluate
benign record is []
No valid result
Federated Accuracy on Clean Data: 0.32260733333333336
Federated Accuracy on Dirty Data: 0.32260733333333336
Configure Fit
server round: 5
[2024-05-05 23:18:16,490][flwr][DEBUG] - fit_round 5: strategy sampled 35 clients (out of 50)
[2024-05-05 23:26:08,964][flwr][DEBUG] - fit_round 5 received 35 results and 0 failures
315 Current GPU Memory: 8519680
malicious is ['0', '2', '0', '2', '0', '2', '2', '0', '2', '0', '0', '0', '2', '2', '0', '2', '0', '0', '0', '2', '2', '2', '0', '0', '0', '0', '2', '2', '2', '2', '0', '2', '0', '0', '0']
Number of Evil Clients: 0
Number of Preset Malicious Clients is 16
Number of Preset Benign Clients is 19
Clean accuracy is 0.3803
Clean accuracy is 0.1781
Clean accuracy is 0.25
Clean accuracy is 0.2185
Clean accuracy is 0.2649
Clean accuracy is 0.2736
Clean accuracy is 0.2556
Clean accuracy is 0.2676
Clean accuracy is 0.0274
Clean accuracy is 0.2041
Clean accuracy is 0.1429
Clean accuracy is 0.1881
Clean accuracy is 0.1837
Clean accuracy is 0.3082
Clean accuracy is 0.1933
Clean accuracy is 0.4455
Average poisoning accuracy: 0.9472999999999999
Average Clean Data Accuracy: 0.23636249999999998
3 Dimension for PCA
KMeans
intra_cluster distance is 4.004876877902467
Now, comb_C is [0 2 0 2 0 2 2 0 2 0 0 0 2 2 0 2 0 2 0 2 2 2 0 0 0 0 2 2 2 2 0 2 0 0 0]
Clustering Accuracy is 0.9714285714285714
2 Dimension for PCA
KMeans
intra_cluster distance is 4.005111427004726
Now, comb_C is [0 2 0 2 0 2 2 0 2 0 0 0 2 2 0 2 0 2 0 2 2 2 0 0 0 0 2 2 2 2 2 2 0 0 2]
Clustering Accuracy is 0.9142857142857143
1 Dimension for PCA
KMeans
intra_cluster distance is 3.9613107984296043
Now, comb_C is [0 2 0 2 0 2 2 0 2 0 0 0 2 2 0 2 0 2 2 2 2 2 0 0 0 0 2 2 2 2 0 2 0 0 0]
Clustering Accuracy is 0.9428571428571428
length of good results is 17 and length of bad results is 18
acc_diff is 0
Evaluate
Global Poisoning Accuracy: 0.0653
[2024-05-05 23:27:05,832][flwr][INFO] - fit progress: (5, 140.55011296272278, {'accuracy': 0.3528}, 2672.5996909330133)
Configure Evaluate
[2024-05-05 23:27:05,832][flwr][DEBUG] - evaluate_round 5: strategy sampled 35 clients (out of 50)
[2024-05-05 23:27:36,820][flwr][DEBUG] - evaluate_round 5 received 35 results and 0 failures
Aggregate evaluate
benign record is ['16', '10', '22', '8', '11', '2', '5', '18', '12', '15', '14', '1', '13', '4', '24', '6', '0']
Federated Accuracy on Clean Data: 0.4054533333333334
Federated Accuracy on Dirty Data: 0.36983235294117645
Configure Fit
server round: 6
[2024-05-05 23:27:36,904][flwr][DEBUG] - fit_round 6: strategy sampled 35 clients (out of 50)
[2024-05-05 23:34:26,696][flwr][DEBUG] - fit_round 6 received 35 results and 0 failures
315 Current GPU Memory: 8519680
malicious is ['0', '0', '0', '0', '0', '0', '0', '0', '2', '0', '0', '0', '2', '0', '0', '2', '0', '0', '2', '2', '2', '0', '0']
Number of Evil Clients: 12
Number of Preset Malicious Clients is 6
Number of Preset Benign Clients is 17
Clean accuracy is 0.4762
Clean accuracy is 0.3086
Clean accuracy is 0.3564
Clean accuracy is 0.3684
Clean accuracy is 0.3625
Clean accuracy is 0.2698
Average poisoning accuracy: 0.8816944444444443
Average Clean Data Accuracy: 0.3213166666666667
3 Dimension for PCA
KMeans
intra_cluster distance is 4.239349850550757
Now, comb_C is [0 2 2 0 0 2 2 0 2 2 0 0 2 2 0 2 2 0 2 2 2 2 0]
Clustering Accuracy is 0.6521739130434783
2 Dimension for PCA
KMeans
intra_cluster distance is 4.237538018901258
Now, comb_C is [0 2 2 0 0 2 2 0 2 2 0 0 2 2 0 2 2 0 2 2 2 2 0]
Clustering Accuracy is 0.6521739130434783
1 Dimension for PCA
KMeans
intra_cluster distance is 4.230252286140979
Now, comb_C is [0 2 2 0 0 2 2 0 2 2 0 0 2 2 0 2 2 0 2 2 2 2 0]
Clustering Accuracy is 0.6521739130434783
length of good results is 9 and length of bad results is 14
acc_diff is 0
Evaluate
Global Poisoning Accuracy: 0.0876
[2024-05-05 23:35:29,378][flwr][INFO] - fit progress: (6, 140.6008301973343, {'accuracy': 0.3597}, 3176.145596071001)
Configure Evaluate
[2024-05-05 23:35:29,378][flwr][DEBUG] - evaluate_round 6: strategy sampled 35 clients (out of 50)
[2024-05-05 23:35:59,305][flwr][DEBUG] - evaluate_round 6 received 35 results and 0 failures
Aggregate evaluate
benign record is ['16', '10', '22', '8', '11', '2', '5', '13', '19', '18', '12', '15', '1', '14', '4', '24', '6', '0']
Federated Accuracy on Clean Data: 0.47235
Federated Accuracy on Dirty Data: 0.40713854166666663
Configure Fit
server round: 7
[2024-05-05 23:35:59,383][flwr][DEBUG] - fit_round 7: strategy sampled 35 clients (out of 50)
[2024-05-05 23:43:30,643][flwr][DEBUG] - fit_round 7 received 35 results and 0 failures
315 Current GPU Memory: 8519680
malicious is ['0', '0', '0', '2', '0', '0', '0', '0', '0', '0', '0', '0']
Number of Evil Clients: 23
Number of Preset Malicious Clients is 1
Number of Preset Benign Clients is 11
Clean accuracy is 0.0822
Average poisoning accuracy: 0.6752125000000001
Average Clean Data Accuracy: 0.33429166666666665
3 Dimension for PCA
KMeans
intra_cluster distance is 3.566280847685369
Now, comb_C is [0 0 0 0 0 0 0 0 0 0 0 0]
Clustering Accuracy is 0.9166666666666666
2 Dimension for PCA
KMeans
intra_cluster distance is 3.6881195251554124
Now, comb_C is [0 0 0 0 0 0 0 0 0 0 0 0]
Clustering Accuracy is 0.9166666666666666
1 Dimension for PCA
KMeans
intra_cluster distance is 3.6851034165712573
Now, comb_C is [0 0 0 0 0 0 0 0 0 0 0 0]
Clustering Accuracy is 0.9166666666666666
length of good results is 12 and length of bad results is 0
acc_diff is 0
Evaluate
Global Poisoning Accuracy: 0.1144
[2024-05-05 23:44:53,377][flwr][INFO] - fit progress: (7, 133.169269323349, {'accuracy': 0.3968}, 3740.145224304986)
Configure Evaluate
[2024-05-05 23:44:53,378][flwr][DEBUG] - evaluate_round 7: strategy sampled 35 clients (out of 50)
[2024-05-05 23:45:23,971][flwr][DEBUG] - evaluate_round 7 received 35 results and 0 failures
Aggregate evaluate
benign record is ['16', '10', '11', '12', '22', '19', '15', '1', '0', '8', '2', '5', '13', '4', '24', '26', '18', '14', '6']
Federated Accuracy on Clean Data: 0.5148242424242424
Federated Accuracy on Dirty Data: 0.44364270833333336
Configure Fit
server round: 8
[2024-05-05 23:45:24,040][flwr][DEBUG] - fit_round 8: strategy sampled 35 clients (out of 50)
[2024-05-05 23:53:27,765][flwr][DEBUG] - fit_round 8 received 35 results and 0 failures
315 Current GPU Memory: 8519680
malicious is ['0', '0', '0', '0', '0', '2', '0', '0', '0', '0', '0', '0', '0', '2']
Number of Evil Clients: 21
Number of Preset Malicious Clients is 2
Number of Preset Benign Clients is 12
Clean accuracy is 0.2754
Clean accuracy is 0.3922
Average poisoning accuracy: 0.7252434782608695
Average Clean Data Accuracy: 0.3990434782608695
3 Dimension for PCA
KMeans
intra_cluster distance is 3.828018827437632
Now, comb_C is [0 0 0 0 0 0 0 0 0 0 0 0 0 0]
Clustering Accuracy is 0.8571428571428571
2 Dimension for PCA
KMeans
intra_cluster distance is 3.804685610416253
Now, comb_C is [0 0 0 0 0 0 0 0 0 0 0 0 0 0]
Clustering Accuracy is 0.8571428571428571
1 Dimension for PCA
KMeans
intra_cluster distance is 3.78470734161453
Now, comb_C is [0 0 0 0 0 0 0 0 0 0 0 0 0 0]
Clustering Accuracy is 0.8571428571428571
length of good results is 14 and length of bad results is 0
acc_diff is 0
Evaluate
Global Poisoning Accuracy: 0.1418
[2024-05-05 23:54:48,519][flwr][INFO] - fit progress: (8, 131.43774330615997, {'accuracy': 0.4093}, 4335.286775610002)
Configure Evaluate
[2024-05-05 23:54:48,519][flwr][DEBUG] - evaluate_round 8: strategy sampled 35 clients (out of 50)
[2024-05-05 23:55:19,053][flwr][DEBUG] - evaluate_round 8 received 35 results and 0 failures
Aggregate evaluate
benign record is ['16', '10', '42', '11', '12', '22', '19', '15', '1', '0', '8', '2', '5', '13', '4', '24', '26', '18', '14', '6']
Federated Accuracy on Clean Data: 0.5821405405405407
Federated Accuracy on Dirty Data: 0.4838968085106382
Configure Fit
server round: 9
[2024-05-05 23:55:19,125][flwr][DEBUG] - fit_round 9: strategy sampled 35 clients (out of 50)
[2024-05-06 00:02:37,390][flwr][DEBUG] - fit_round 9 received 35 results and 0 failures
315 Current GPU Memory: 8519680
malicious is ['0', '0', '0', '0', '0', '0', '0', '0', '0', '2', '2', '0']
Number of Evil Clients: 23
Number of Preset Malicious Clients is 2
Number of Preset Benign Clients is 10
Clean accuracy is 0.5094
Clean accuracy is 0.4058
Average poisoning accuracy: 0.742744
Average Clean Data Accuracy: 0.43340799999999996
3 Dimension for PCA
KMeans
intra_cluster distance is 4.138869178074704
Now, comb_C is [0 0 0 0 0 0 0 2 0 2 2 0]
Clustering Accuracy is 0.9166666666666666
2 Dimension for PCA
KMeans
intra_cluster distance is 4.72113438430622
Now, comb_C is [0 0 0 0 0 0 0 0 0 2 2 0]
Clustering Accuracy is 1.0
1 Dimension for PCA
KMeans
intra_cluster distance is 3.233315497836042
Now, comb_C is [0 0 0 0 2 2 2 2 2 2 2 0]
Clustering Accuracy is 0.5833333333333334
length of good results is 5 and length of bad results is 7
acc_diff is 0
Evaluate
Global Poisoning Accuracy: 0.1342
[2024-05-06 00:04:04,792][flwr][INFO] - fit progress: (9, 139.65520238876343, {'accuracy': 0.3947}, 4891.559476871014)
Configure Evaluate
[2024-05-06 00:04:04,792][flwr][DEBUG] - evaluate_round 9: strategy sampled 35 clients (out of 50)
[2024-05-06 00:04:35,173][flwr][DEBUG] - evaluate_round 9 received 35 results and 0 failures
Aggregate evaluate
benign record is ['16', '10', '42', '11', '12', '22', '19', '15', '1', '0', '8', '2', '5', '13', '4', '24', '26', '18', '14', '6']
Federated Accuracy on Clean Data: 0.6384048387096776
Federated Accuracy on Dirty Data: 0.5116169642857142
Configure Fit
server round: 10
[2024-05-06 00:04:35,235][flwr][DEBUG] - fit_round 10: strategy sampled 35 clients (out of 50)
[2024-05-06 00:11:35,420][flwr][DEBUG] - fit_round 10 received 35 results and 0 failures
315 Current GPU Memory: 8519680
malicious is ['0', '0', '2', '0', '0', '0']
Number of Evil Clients: 29
Number of Preset Malicious Clients is 1
Number of Preset Benign Clients is 5
Clean accuracy is 0.46
Average poisoning accuracy: 0.6454333333333333
Average Clean Data Accuracy: 0.48865333333333333
3 Dimension for PCA
KMeans
intra_cluster distance is 6.404564535170801
Now, comb_C is [0 0 2 0 0 0]
Clustering Accuracy is 1.0
2 Dimension for PCA
KMeans
intra_cluster distance is 6.293106305745732
Now, comb_C is [0 0 2 0 0 0]
Clustering Accuracy is 1.0
1 Dimension for PCA
KMeans
intra_cluster distance is 6.2317174487529785
Now, comb_C is [0 0 2 0 0 0]
Clustering Accuracy is 1.0
length of good results is 5 and length of bad results is 1
acc_diff is 0
Evaluate
Global Poisoning Accuracy: 0.1098
[2024-05-06 00:13:16,454][flwr][INFO] - fit progress: (10, 149.67881572246552, {'accuracy': 0.3752}, 5443.222092220007)
Configure Evaluate
[2024-05-06 00:13:16,455][flwr][DEBUG] - evaluate_round 10: strategy sampled 35 clients (out of 50)
[2024-05-06 00:13:45,514][flwr][DEBUG] - evaluate_round 10 received 35 results and 0 failures
Aggregate evaluate
benign record is ['16', '10', '42', '11', '12', '22', '19', '15', '1', '0', '8', '2', '5', '13', '4', '24', '26', '18', '14', '6']
Federated Accuracy on Clean Data: 0.6380777777777777
Federated Accuracy on Dirty Data: 0.47988480000000006
[2024-05-06 00:13:45,576][flwr][INFO] - FL finished in 5472.34419791901
[2024-05-06 00:13:45,583][flwr][INFO] - app_fit: losses_distributed [(1, 12.791809997414097), (2, 11.270820824996285), (3, 10.411622091547235), (4, 8.990451673666636), (5, 7.739113394419352), (6, 8.101554967959721), (7, 6.96321156169429), (8, 6.252385741955525), (9, 4.801414601264462), (10, 5.2806113554371725)]
[2024-05-06 00:13:45,583][flwr][INFO] - app_fit: metrics_distributed_fit {}
[2024-05-06 00:13:45,584][flwr][INFO] - app_fit: metrics_distributed {'accuracy': [(1, 0.12218666666666665), (2, 0.20645714285714284), (3, 0.22525064935064937), (4, 0.32260733333333336), (5, 0.4054533333333334), (6, 0.47235), (7, 0.5148242424242424), (8, 0.5821405405405407), (9, 0.6384048387096776), (10, 0.6380777777777777)]}
[2024-05-06 00:13:45,584][flwr][INFO] - app_fit: losses_centralized [(0, 182.18629908561707), (1, 188.358824968338), (2, 174.92679142951965), (3, 162.4501439332962), (4, 149.22785758972168), (5, 140.55011296272278), (6, 140.6008301973343), (7, 133.169269323349), (8, 131.43774330615997), (9, 139.65520238876343), (10, 149.67881572246552)]
[2024-05-06 00:13:45,584][flwr][INFO] - app_fit: metrics_centralized {'accuracy': [(0, 0.0997), (1, 0.1188), (2, 0.1966), (3, 0.2379), (4, 0.3117), (5, 0.3528), (6, 0.3597), (7, 0.3968), (8, 0.4093), (9, 0.3947), (10, 0.3752)]}
