[2025-11-01 22:47:23,544][flwr][INFO] - Starting Flower simulation, config: ServerConfig(num_rounds=100, round_timeout=None)
[2025-11-01 22:47:25,769][flwr][INFO] - Flower VCE: Ray initialized with resources: {'memory': 37743948596.0, 'node:137.205.115.203': 1.0, 'CPU': 20.0, 'object_store_memory': 18871974297.0, 'GPU': 1.0, 'accelerator_type:G': 1.0, 'node:__internal_head__': 1.0}
[2025-11-01 22:47:25,770][flwr][INFO] - Initializing global parameters
[2025-11-01 22:47:25,770][flwr][INFO] - Using initial parameters provided by strategy
[2025-11-01 22:47:25,770][flwr][INFO] - Evaluating initial parameters
[2025-11-01 22:47:27,541][flwr][INFO] - initial parameters (loss, other metrics): 184.30686283111572, {'accuracy': 0.0999}
[2025-11-01 22:47:27,541][flwr][INFO] - FL starting
[2025-11-01 22:47:27,541][flwr][DEBUG] - fit_round 1: strategy sampled 15 clients (out of 50)
[2025-11-01 22:47:57,200][flwr][DEBUG] - fit_round 1 received 15 results and 0 failures
[2025-11-01 22:48:02,388][flwr][WARNING] - No fit_metrics_aggregation_fn provided
[2025-11-01 22:48:03,960][flwr][INFO] - fit progress: (1, 228.97909092903137, {'accuracy': 0.1208}, 36.41860590799479)
[2025-11-01 22:48:03,960][flwr][DEBUG] - evaluate_round 1: strategy sampled 15 clients (out of 50)
[2025-11-01 22:48:12,722][flwr][DEBUG] - evaluate_round 1 received 15 results and 0 failures
[2025-11-01 22:48:12,819][flwr][DEBUG] - fit_round 2: strategy sampled 15 clients (out of 50)
[2025-11-01 22:48:38,306][flwr][DEBUG] - fit_round 2 received 15 results and 0 failures
[2025-11-01 22:48:45,478][flwr][INFO] - fit progress: (2, 208.5728783607483, {'accuracy': 0.1692}, 77.93680374603719)
[2025-11-01 22:48:45,478][flwr][DEBUG] - evaluate_round 2: strategy sampled 15 clients (out of 50)
[2025-11-01 22:48:54,253][flwr][DEBUG] - evaluate_round 2 received 15 results and 0 failures
[2025-11-01 22:48:54,320][flwr][DEBUG] - fit_round 3: strategy sampled 15 clients (out of 50)
[2025-11-01 22:49:21,560][flwr][DEBUG] - fit_round 3 received 15 results and 0 failures
[2025-11-01 22:49:29,354][flwr][INFO] - fit progress: (3, 164.3500965833664, {'accuracy': 0.3136}, 121.81305259902729)
[2025-11-01 22:49:29,355][flwr][DEBUG] - evaluate_round 3: strategy sampled 15 clients (out of 50)
[2025-11-01 22:49:38,094][flwr][DEBUG] - evaluate_round 3 received 15 results and 0 failures
[2025-11-01 22:49:38,168][flwr][DEBUG] - fit_round 4: strategy sampled 15 clients (out of 50)
[2025-11-01 22:50:05,661][flwr][DEBUG] - fit_round 4 received 15 results and 0 failures
[2025-11-01 22:50:12,773][flwr][INFO] - fit progress: (4, 190.9342302083969, {'accuracy': 0.3264}, 165.23156399303116)
[2025-11-01 22:50:12,773][flwr][DEBUG] - evaluate_round 4: strategy sampled 15 clients (out of 50)
[2025-11-01 22:50:21,504][flwr][DEBUG] - evaluate_round 4 received 15 results and 0 failures
[2025-11-01 22:50:21,583][flwr][DEBUG] - fit_round 5: strategy sampled 15 clients (out of 50)
[2025-11-01 22:50:49,289][flwr][DEBUG] - fit_round 5 received 15 results and 0 failures
[2025-11-01 22:50:58,523][flwr][INFO] - fit progress: (5, 167.95512211322784, {'accuracy': 0.3934}, 210.98172026802786)
[2025-11-01 22:50:58,523][flwr][DEBUG] - evaluate_round 5: strategy sampled 15 clients (out of 50)
[2025-11-01 22:51:07,227][flwr][DEBUG] - evaluate_round 5 received 15 results and 0 failures
[2025-11-01 22:51:07,305][flwr][DEBUG] - fit_round 6: strategy sampled 15 clients (out of 50)
[2025-11-01 22:51:35,392][flwr][DEBUG] - fit_round 6 received 15 results and 0 failures
[2025-11-01 22:51:44,769][flwr][INFO] - fit progress: (6, 164.60184502601624, {'accuracy': 0.4083}, 257.22798586305)
[2025-11-01 22:51:44,769][flwr][DEBUG] - evaluate_round 6: strategy sampled 15 clients (out of 50)
[2025-11-01 22:51:53,576][flwr][DEBUG] - evaluate_round 6 received 15 results and 0 failures
[2025-11-01 22:51:53,650][flwr][DEBUG] - fit_round 7: strategy sampled 15 clients (out of 50)
[2025-11-01 22:52:21,396][flwr][DEBUG] - fit_round 7 received 15 results and 0 failures
[2025-11-01 22:52:32,901][flwr][INFO] - fit progress: (7, 257.07867550849915, {'accuracy': 0.3452}, 305.3599908010219)
[2025-11-01 22:52:32,901][flwr][DEBUG] - evaluate_round 7: strategy sampled 15 clients (out of 50)
[2025-11-01 22:52:41,813][flwr][DEBUG] - evaluate_round 7 received 15 results and 0 failures
[2025-11-01 22:52:42,002][flwr][DEBUG] - fit_round 8: strategy sampled 15 clients (out of 50)
[2025-11-01 22:53:09,451][flwr][DEBUG] - fit_round 8 received 15 results and 0 failures
[2025-11-01 22:53:19,451][flwr][INFO] - fit progress: (8, 179.2573138475418, {'accuracy': 0.4138}, 351.9095081530395)
[2025-11-01 22:53:19,451][flwr][DEBUG] - evaluate_round 8: strategy sampled 15 clients (out of 50)
[2025-11-01 22:53:28,326][flwr][DEBUG] - evaluate_round 8 received 15 results and 0 failures
[2025-11-01 22:53:28,426][flwr][DEBUG] - fit_round 9: strategy sampled 15 clients (out of 50)
[2025-11-01 22:53:53,597][flwr][DEBUG] - fit_round 9 received 15 results and 0 failures
[2025-11-01 22:54:05,103][flwr][INFO] - fit progress: (9, 285.2577452659607, {'accuracy': 0.2999}, 397.5616460040328)
[2025-11-01 22:54:05,103][flwr][DEBUG] - evaluate_round 9: strategy sampled 15 clients (out of 50)
[2025-11-01 22:54:13,982][flwr][DEBUG] - evaluate_round 9 received 15 results and 0 failures
[2025-11-01 22:54:14,172][flwr][DEBUG] - fit_round 10: strategy sampled 15 clients (out of 50)
[2025-11-01 22:54:41,401][flwr][DEBUG] - fit_round 10 received 15 results and 0 failures
[2025-11-01 22:54:52,181][flwr][INFO] - fit progress: (10, 208.7769956588745, {'accuracy': 0.3782}, 444.63964978104923)
[2025-11-01 22:54:52,181][flwr][DEBUG] - evaluate_round 10: strategy sampled 15 clients (out of 50)
[2025-11-01 22:55:01,045][flwr][DEBUG] - evaluate_round 10 received 15 results and 0 failures
[2025-11-01 22:55:01,113][flwr][DEBUG] - fit_round 11: strategy sampled 15 clients (out of 50)
[2025-11-01 22:55:27,960][flwr][DEBUG] - fit_round 11 received 15 results and 0 failures
[2025-11-01 22:55:36,442][flwr][INFO] - fit progress: (11, 180.29927909374237, {'accuracy': 0.4244}, 488.9010603800416)
[2025-11-01 22:55:36,442][flwr][DEBUG] - evaluate_round 11: strategy sampled 15 clients (out of 50)
[2025-11-01 22:55:45,306][flwr][DEBUG] - evaluate_round 11 received 15 results and 0 failures
[2025-11-01 22:55:45,496][flwr][DEBUG] - fit_round 12: strategy sampled 15 clients (out of 50)
