Using CUDA: True
Using MPS: False
dataset: cifar10
num_rounds: 100
num_clients: 50
batch_size: 20
num_classes: 10
num_channels: 3
num_clients_per_round_fit: 15
num_clients_per_round_eval: 15
config_fit:
  lr: 0.01
  momentum: 0.9
  local_epochs: 5
  proximal_mu: 2.0
dataset_config:
  ratio_benign_client: 0.6
  poisoning_rate: 0.6
  iid: false
  balance: false
  power_law: false
  dirichlet: true
  alpha: 0.5

Files already downloaded and verified
Poison 12000 over 50000 samples (poisoning rate 0.6)
Files already downloaded and verified
Poison 6000 over 10000 samples (poisoning rate 0.6)
Files already downloaded and verified
Poison 10000 over 10000 samples (poisoning rate 1.0)
[2024-02-29 22:32:54,799][flwr][INFO] - Starting Flower simulation, config: ServerConfig(num_rounds=100, round_timeout=None)
[2024-02-29 22:33:16,343][flwr][INFO] - Flower VCE: Ray initialized with resources: {'node:__internal_head__': 1.0, 'CPU': 96.0, 'memory': 358527039284.0, 'accelerator_type:A10': 1.0, 'node:10.131.34.77': 1.0, 'object_store_memory': 157940159692.0, 'GPU': 1.0}
[2024-02-29 22:33:16,344][flwr][INFO] - Initializing global parameters
[2024-02-29 22:33:16,344][flwr][INFO] - Using initial parameters provided by strategy
[2024-02-29 22:33:16,344][flwr][INFO] - Evaluating initial parameters
Evaluate
[2024-02-29 22:33:23,102][flwr][INFO] - initial parameters (loss, other metrics): 183.21456027030945, {'accuracy': 0.0698}
[2024-02-29 22:33:23,102][flwr][INFO] - FL starting
Configure Fit
server round: 1
[2024-02-29 22:33:23,103][flwr][DEBUG] - fit_round 1: strategy sampled 15 clients (out of 50)
[2024-02-29 22:36:24,053][flwr][DEBUG] - fit_round 1 received 15 results and 0 failures
individual accuracies [0.1134, 0.169, 0.1853, 0.2056, 0.114, 0.1841, 0.1326, 0.1626, 0.1217, 0.1222, 0.1657, 0.112, 0.1144, 0.1321, 0.2079]
malicious is ['2', '0', '0', '0', '2', '0', '2', '0', '2', '2', '0', '2', '2', '2', '0']
Number of Evil Clients: 0
Number of Preset Malicious Clients is 8
Number of Preset Benign Clients is 7
Average poisoning accuracy: 0.8285250000000001
accuracies is [(0.1326, -1)]
accuracies is [(0.1326, -1)]
benign class is -1
malicious class is 10
Final Clustering acc is 0.4666666666666667
Target label is None
length of good results is 15 and length of bad results is 0
acc_diff is 0
[2024-02-29 22:37:23,306][flwr][WARNING] - No fit_metrics_aggregation_fn provided
Evaluate
Global Poisoning Accuracy: 0.7467
[2024-02-29 22:37:28,382][flwr][INFO] - fit progress: (1, 182.98216438293457, {'accuracy': 0.1452}, 245.27915538300294)
Configure Evaluate
[2024-02-29 22:37:28,382][flwr][DEBUG] - evaluate_round 1: strategy sampled 15 clients (out of 50)
[2024-02-29 22:37:45,185][flwr][DEBUG] - evaluate_round 1 received 15 results and 0 failures
Aggregate evaluate
Configure Fit
server round: 2
[2024-02-29 22:37:45,186][flwr][DEBUG] - fit_round 2: strategy sampled 15 clients (out of 50)
[2024-02-29 22:41:02,126][flwr][DEBUG] - fit_round 2 received 15 results and 0 failures
individual accuracies [0.142, 0.1778, 0.1362, 0.1092, 0.1233, 0.2038, 0.1688, 0.1759, 0.1942, 0.1984, 0.2426, 0.1929, 0.197, 0.202, 0.1513]
malicious is ['2', '0', '2', '0', '2', '0', '2', '0', '0', '0', '0', '0', '0', '0', '2']
Number of Evil Clients: 0
Number of Preset Malicious Clients is 5
Number of Preset Benign Clients is 10
Average poisoning accuracy: 0.8172200000000001
accuracies is [(0.1778, -1)]
accuracies is [(0.1778, -1)]
benign class is -1
malicious class is 10
Final Clustering acc is 0.6666666666666666
Target label is None
length of good results is 15 and length of bad results is 0
acc_diff is 0
Evaluate
Global Poisoning Accuracy: 0.443
[2024-02-29 22:41:58,109][flwr][INFO] - fit progress: (2, 176.6198751926422, {'accuracy': 0.2001}, 515.0066116719972)
Configure Evaluate
[2024-02-29 22:41:58,110][flwr][DEBUG] - evaluate_round 2: strategy sampled 15 clients (out of 50)
[2024-02-29 22:42:16,252][flwr][DEBUG] - evaluate_round 2 received 15 results and 0 failures
Aggregate evaluate
Configure Fit
server round: 3
[2024-02-29 22:42:16,257][flwr][DEBUG] - fit_round 3: strategy sampled 15 clients (out of 50)
[2024-02-29 22:45:40,300][flwr][DEBUG] - fit_round 3 received 15 results and 0 failures
individual accuracies [0.2285, 0.1234, 0.19, 0.1878, 0.1628, 0.2303, 0.1934, 0.2462, 0.1779, 0.2019, 0.157, 0.2476, 0.1328, 0.2201, 0.1577]
malicious is ['0', '2', '0', '0', '2', '0', '0', '0', '2', '0', '0', '0', '2', '0', '2']
Number of Evil Clients: 0
Number of Preset Malicious Clients is 5
Number of Preset Benign Clients is 10
Average poisoning accuracy: 0.8524600000000001
accuracies is [(0.19, -1)]
accuracies is [(0.19, -1)]
benign class is -1
malicious class is 10
Final Clustering acc is 0.6666666666666666
Target label is None
length of good results is 15 and length of bad results is 0
acc_diff is 0
Evaluate
Global Poisoning Accuracy: 0.4165
[2024-02-29 22:46:43,930][flwr][INFO] - fit progress: (3, 164.1642291545868, {'accuracy': 0.2363}, 800.8272995461011)
Configure Evaluate
[2024-02-29 22:46:43,931][flwr][DEBUG] - evaluate_round 3: strategy sampled 15 clients (out of 50)
[2024-02-29 22:47:03,451][flwr][DEBUG] - evaluate_round 3 received 15 results and 0 failures
Aggregate evaluate
Configure Fit
server round: 4
[2024-02-29 22:47:03,452][flwr][DEBUG] - fit_round 4: strategy sampled 15 clients (out of 50)
[2024-02-29 22:50:51,265][flwr][DEBUG] - fit_round 4 received 15 results and 0 failures
individual accuracies [0.2162, 0.1989, 0.1333, 0.2592, 0.1761, 0.1482, 0.1202, 0.2157, 0.1878, 0.1739, 0.1464, 0.2423, 0.2263, 0.1621, 0.1257]
malicious is ['0', '0', '2', '0', '2', '2', '2', '0', '0', '2', '2', '0', '0', '2', '2']
Number of Evil Clients: 0
Number of Preset Malicious Clients is 8
Number of Preset Benign Clients is 7
Average poisoning accuracy: 0.9484
accuracies is [(0.1761, -1)]
accuracies is [(0.1761, -1)]
benign class is -1
malicious class is 10
Final Clustering acc is 0.4666666666666667
Target label is None
length of good results is 15 and length of bad results is 0
acc_diff is 0
Evaluate
Global Poisoning Accuracy: 0.8276
[2024-02-29 22:51:59,128][flwr][INFO] - fit progress: (4, 180.9832581281662, {'accuracy': 0.1885}, 1116.025079925079)
Configure Evaluate
[2024-02-29 22:51:59,129][flwr][DEBUG] - evaluate_round 4: strategy sampled 15 clients (out of 50)
[2024-02-29 22:52:20,128][flwr][DEBUG] - evaluate_round 4 received 15 results and 0 failures
Aggregate evaluate
Configure Fit
server round: 5
[2024-02-29 22:52:20,130][flwr][DEBUG] - fit_round 5: strategy sampled 15 clients (out of 50)
[2024-02-29 22:55:32,980][flwr][DEBUG] - fit_round 5 received 15 results and 0 failures
individual accuracies [0.2029, 0.2073, 0.2404, 0.1962, 0.2463, 0.2173, 0.2082, 0.1159, 0.2239, 0.2137, 0.2429, 0.1307, 0.147, 0.1676, 0.2317]
malicious is ['0', '0', '0', '0', '0', '0', '0', '2', '0', '0', '0', '2', '2', '2', '0']
Number of Evil Clients: 0
Number of Preset Malicious Clients is 4
Number of Preset Benign Clients is 11
Average poisoning accuracy: 0.812825
accuracies is [(0.2082, -1)]
accuracies is [(0.2082, -1)]
benign class is -1
malicious class is 10
Final Clustering acc is 0.7333333333333333
Target label is None
length of good results is 15 and length of bad results is 0
acc_diff is 0
Evaluate
Global Poisoning Accuracy: 0.688
[2024-02-29 22:56:34,767][flwr][INFO] - fit progress: (5, 165.38083493709564, {'accuracy': 0.2386}, 1391.6641037150985)
Configure Evaluate
[2024-02-29 22:56:34,767][flwr][DEBUG] - evaluate_round 5: strategy sampled 15 clients (out of 50)
[2024-02-29 22:56:54,957][flwr][DEBUG] - evaluate_round 5 received 15 results and 0 failures
Aggregate evaluate
Configure Fit
server round: 6
[2024-02-29 22:56:54,958][flwr][DEBUG] - fit_round 6: strategy sampled 15 clients (out of 50)
[2024-02-29 23:00:53,606][flwr][DEBUG] - fit_round 6 received 15 results and 0 failures
individual accuracies [0.2227, 0.2536, 0.1787, 0.1629, 0.2577, 0.1558, 0.2417, 0.2448, 0.2656, 0.1315, 0.2858, 0.1814, 0.1895, 0.1916, 0.1195]
malicious is ['0', '0', '2', '2', '0', '2', '0', '0', '0', '2', '0', '2', '0', '0', '2']
Number of Evil Clients: 0
Number of Preset Malicious Clients is 6
Number of Preset Benign Clients is 9
Average poisoning accuracy: 0.9243999999999999
accuracies is [(0.1916, -1)]
accuracies is [(0.1916, -1)]
benign class is -1
malicious class is 10
Final Clustering acc is 0.6
Target label is None
length of good results is 15 and length of bad results is 0
acc_diff is 0
Evaluate
Global Poisoning Accuracy: 0.8077
[2024-02-29 23:01:54,377][flwr][INFO] - fit progress: (6, 170.63620734214783, {'accuracy': 0.2371}, 1711.2745622550137)
Configure Evaluate
[2024-02-29 23:01:54,378][flwr][DEBUG] - evaluate_round 6: strategy sampled 15 clients (out of 50)
[2024-02-29 23:02:12,190][flwr][DEBUG] - evaluate_round 6 received 15 results and 0 failures
Aggregate evaluate
Configure Fit
server round: 7
[2024-02-29 23:02:12,192][flwr][DEBUG] - fit_round 7: strategy sampled 15 clients (out of 50)
[2024-02-29 23:05:43,088][flwr][DEBUG] - fit_round 7 received 15 results and 0 failures
individual accuracies [0.1418, 0.2024, 0.2432, 0.1741, 0.1717, 0.2586, 0.1766, 0.2418, 0.2367, 0.1605, 0.1514, 0.1869, 0.1382, 0.2042, 0.2012]
malicious is ['2', '0', '0', '2', '2', '0', '2', '0', '0', '2', '2', '2', '2', '0', '0']
Number of Evil Clients: 0
Number of Preset Malicious Clients is 8
Number of Preset Benign Clients is 7
Average poisoning accuracy: 0.914325
accuracies is [(0.1869, -1)]
accuracies is [(0.1869, -1)]
benign class is -1
malicious class is 10
Final Clustering acc is 0.4666666666666667
Target label is None
length of good results is 15 and length of bad results is 0
acc_diff is 0
Evaluate
Global Poisoning Accuracy: 0.9094
[2024-02-29 23:06:46,710][flwr][INFO] - fit progress: (7, 193.35941696166992, {'accuracy': 0.2238}, 2003.6078662280925)
Configure Evaluate
[2024-02-29 23:06:46,711][flwr][DEBUG] - evaluate_round 7: strategy sampled 15 clients (out of 50)
[2024-02-29 23:07:04,526][flwr][DEBUG] - evaluate_round 7 received 15 results and 0 failures
Aggregate evaluate
Configure Fit
server round: 8
[2024-02-29 23:07:04,527][flwr][DEBUG] - fit_round 8: strategy sampled 15 clients (out of 50)
[2024-02-29 23:11:08,500][flwr][DEBUG] - fit_round 8 received 15 results and 0 failures
individual accuracies [0.1698, 0.2551, 0.1831, 0.1462, 0.1522, 0.2446, 0.1631, 0.2465, 0.1723, 0.1514, 0.2084, 0.2221, 0.2175, 0.1906, 0.176]
malicious is ['2', '0', '0', '2', '2', '0', '2', '0', '2', '2', '0', '0', '0', '0', '2']
Number of Evil Clients: 0
Number of Preset Malicious Clients is 7
Number of Preset Benign Clients is 8
Average poisoning accuracy: 0.8761285714285715
accuracies is [(0.1831, -1)]
accuracies is [(0.1831, -1)]
benign class is -1
malicious class is 10
Final Clustering acc is 0.5333333333333333
Target label is None
length of good results is 15 and length of bad results is 0
acc_diff is 0
Evaluate
Global Poisoning Accuracy: 0.9458
[2024-02-29 23:12:18,070][flwr][INFO] - fit progress: (8, 218.51457118988037, {'accuracy': 0.2197}, 2334.9675491600065)
Configure Evaluate
[2024-02-29 23:12:18,071][flwr][DEBUG] - evaluate_round 8: strategy sampled 15 clients (out of 50)
[2024-02-29 23:12:37,636][flwr][DEBUG] - evaluate_round 8 received 15 results and 0 failures
Aggregate evaluate
Configure Fit
server round: 9
[2024-02-29 23:12:37,637][flwr][DEBUG] - fit_round 9: strategy sampled 15 clients (out of 50)
[2024-02-29 23:16:29,724][flwr][DEBUG] - fit_round 9 received 15 results and 0 failures
individual accuracies [0.2191, 0.2403, 0.2203, 0.1518, 0.2113, 0.1992, 0.236, 0.1482, 0.1887, 0.176, 0.2253, 0.1379, 0.2245, 0.1698, 0.2343]
malicious is ['0', '0', '0', '2', '0', '0', '0', '2', '2', '2', '0', '2', '0', '2', '0']
Number of Evil Clients: 0
Number of Preset Malicious Clients is 6
Number of Preset Benign Clients is 9
Average poisoning accuracy: 0.8996333333333334
accuracies is [(0.2113, -1)]
accuracies is [(0.2113, -1)]
benign class is -1
malicious class is 10
Final Clustering acc is 0.6
Target label is None
length of good results is 15 and length of bad results is 0
acc_diff is 0
Evaluate
Global Poisoning Accuracy: 0.9564
[2024-02-29 23:17:35,964][flwr][INFO] - fit progress: (9, 216.52872347831726, {'accuracy': 0.2188}, 2652.861011830042)
Configure Evaluate
[2024-02-29 23:17:35,964][flwr][DEBUG] - evaluate_round 9: strategy sampled 15 clients (out of 50)
[2024-02-29 23:17:57,544][flwr][DEBUG] - evaluate_round 9 received 15 results and 0 failures
Aggregate evaluate
Configure Fit
server round: 10
[2024-02-29 23:17:57,545][flwr][DEBUG] - fit_round 10: strategy sampled 15 clients (out of 50)
[2024-02-29 23:21:12,729][flwr][DEBUG] - fit_round 10 received 15 results and 0 failures
individual accuracies [0.2493, 0.2323, 0.2229, 0.2138, 0.194, 0.2172, 0.1709, 0.2486, 0.1815, 0.255, 0.2513, 0.2136, 0.1742, 0.242, 0.1768]
malicious is ['0', '0', '0', '0', '0', '0', '2', '0', '2', '0', '0', '0', '2', '0', '2']
Number of Evil Clients: 0
Number of Preset Malicious Clients is 4
Number of Preset Benign Clients is 11
Average poisoning accuracy: 0.92525
accuracies is [(0.2172, -1)]
accuracies is [(0.2172, -1)]
benign class is -1
malicious class is 10
Final Clustering acc is 0.7333333333333333
Target label is None
length of good results is 15 and length of bad results is 0
acc_diff is 0
Evaluate
Global Poisoning Accuracy: 0.8697
[2024-02-29 23:22:15,183][flwr][INFO] - fit progress: (10, 195.48108875751495, {'accuracy': 0.2571}, 2932.0805855750805)
Configure Evaluate
[2024-02-29 23:22:15,183][flwr][DEBUG] - evaluate_round 10: strategy sampled 15 clients (out of 50)
[2024-02-29 23:22:36,194][flwr][DEBUG] - evaluate_round 10 received 15 results and 0 failures
Aggregate evaluate
Configure Fit
server round: 11
[2024-02-29 23:22:36,194][flwr][DEBUG] - fit_round 11: strategy sampled 15 clients (out of 50)
[2024-02-29 23:26:11,852][flwr][DEBUG] - fit_round 11 received 15 results and 0 failures
individual accuracies [0.2235, 0.1964, 0.273, 0.1641, 0.1809, 0.2503, 0.1833, 0.1597, 0.2333, 0.2131, 0.2431, 0.2412, 0.2497, 0.1566, 0.2037]
malicious is ['2', '2', '0', '2', '2', '0', '2', '2', '0', '0', '0', '0', '0', '2', '2']
Number of Evil Clients: 0
Number of Preset Malicious Clients is 8
Number of Preset Benign Clients is 7
Average poisoning accuracy: 0.9455
accuracies is [(0.2131, -1)]
accuracies is [(0.2131, -1)]
benign class is -1
malicious class is 10
Final Clustering acc is 0.4666666666666667
Target label is None
length of good results is 15 and length of bad results is 0
acc_diff is 0
Evaluate
Global Poisoning Accuracy: 0.9387
[2024-02-29 23:27:21,399][flwr][INFO] - fit progress: (11, 217.5285028219223, {'accuracy': 0.231}, 3238.2965326460544)
Configure Evaluate
[2024-02-29 23:27:21,400][flwr][DEBUG] - evaluate_round 11: strategy sampled 15 clients (out of 50)
[2024-02-29 23:27:42,741][flwr][DEBUG] - evaluate_round 11 received 15 results and 0 failures
Aggregate evaluate
Configure Fit
server round: 12
[2024-02-29 23:27:42,742][flwr][DEBUG] - fit_round 12: strategy sampled 15 clients (out of 50)
[2024-02-29 23:31:38,863][flwr][DEBUG] - fit_round 12 received 15 results and 0 failures
individual accuracies [0.2369, 0.2312, 0.214, 0.213, 0.1718, 0.2702, 0.22, 0.1812, 0.1513, 0.2014, 0.1666, 0.2229, 0.1819, 0.2274, 0.2251]
malicious is ['0', '0', '0', '0', '0', '0', '0', '2', '2', '2', '2', '0', '2', '0', '0']
Number of Evil Clients: 0
Number of Preset Malicious Clients is 5
Number of Preset Benign Clients is 10
Average poisoning accuracy: 0.961
accuracies is [(0.214, -1)]
accuracies is [(0.214, -1)]
benign class is -1
malicious class is 10
Final Clustering acc is 0.6666666666666666
Target label is None
length of good results is 15 and length of bad results is 0
acc_diff is 0
Evaluate
Global Poisoning Accuracy: 0.9542
[2024-02-29 23:32:37,935][flwr][INFO] - fit progress: (12, 231.68962597846985, {'accuracy': 0.232}, 3554.8320258680033)
Configure Evaluate
[2024-02-29 23:32:37,935][flwr][DEBUG] - evaluate_round 12: strategy sampled 15 clients (out of 50)
[2024-02-29 23:32:59,726][flwr][DEBUG] - evaluate_round 12 received 15 results and 0 failures
Aggregate evaluate
Configure Fit
server round: 13
[2024-02-29 23:32:59,727][flwr][DEBUG] - fit_round 13: strategy sampled 15 clients (out of 50)
