Using CUDA: True
Using MPS: False
dataset: cifar10
num_rounds: 100
num_clients: 50
batch_size: 20
num_classes: 10
num_channels: 3
num_clients_per_round_fit: 15
num_clients_per_round_eval: 15
config_fit:
  lr: 0.01
  momentum: 0.9
  local_epochs: 5
  proximal_mu: 2.0
dataset_config:
  ratio_benign_client: 0.6
  poisoning_rate: 0.6
  iid: false
  balance: false
  power_law: false

Files already downloaded and verified
Poison 12000 over 50000 samples (poisoning rate 0.6)
Files already downloaded and verified
Poison 6000 over 10000 samples (poisoning rate 0.6)
Files already downloaded and verified
Poison 10000 over 10000 samples (poisoning rate 1.0)
[2024-02-28 11:52:55,782][flwr][INFO] - Starting Flower simulation, config: ServerConfig(num_rounds=100, round_timeout=None)
[2024-02-28 11:53:07,944][flwr][INFO] - Flower VCE: Ray initialized with resources: {'GPU': 1.0, 'node:__internal_head__': 1.0, 'node:10.131.34.73': 1.0, 'accelerator_type:A10': 1.0, 'memory': 361917658112.0, 'CPU': 96.0, 'object_store_memory': 159393282048.0}
[2024-02-28 11:53:07,945][flwr][INFO] - Initializing global parameters
[2024-02-28 11:53:07,945][flwr][INFO] - Using initial parameters provided by strategy
[2024-02-28 11:53:07,945][flwr][INFO] - Evaluating initial parameters
Evaluate
[2024-02-28 11:53:13,185][flwr][INFO] - initial parameters (loss, other metrics): 183.1759753227234, {'accuracy': 0.0937}
[2024-02-28 11:53:13,185][flwr][INFO] - FL starting
Configure Fit
server round: 1
[2024-02-28 11:53:13,186][flwr][DEBUG] - fit_round 1: strategy sampled 15 clients (out of 50)
[2024-02-28 11:56:00,939][flwr][DEBUG] - fit_round 1 received 15 results and 0 failures
individual accuracies [0.1435, 0.1345, 0.1414, 0.1002, 0.1406, 0.1276, 0.1571, 0.1241, 0.1243, 0.1273, 0.1307, 0.1, 0.1233, 0.1386, 0.1682]
malicious is ['2', '0', '0', '0', '0', '2', '0', '0', '0', '2', '0', '0', '2', '2', '0']
Number of Evil Clients: 0
Number of Preset Malicious Clients is 5
Number of Preset Benign Clients is 10
Average poisoning accuracy: 0.9216000000000001
accuracies is [(0.1326, -1), (0.1276, 0)]
accuracies is [(0.1326, -1), (0.1276, 0)]
benign class is -1
malicious class is 0
Final Clustering acc is 1.0
0 added to evil list
Target label is 9
length of good results is 10 and length of bad results is 5
acc_diff is 0
[2024-02-28 11:56:43,699][flwr][WARNING] - No fit_metrics_aggregation_fn provided
Evaluate
Global Poisoning Accuracy: 0.0035
[2024-02-28 11:56:48,184][flwr][INFO] - fit progress: (1, 192.66065669059753, {'accuracy': 0.1067}, 214.99864173901733)
Configure Evaluate
[2024-02-28 11:56:48,184][flwr][DEBUG] - evaluate_round 1: strategy sampled 15 clients (out of 50)
[2024-02-28 11:57:01,453][flwr][DEBUG] - evaluate_round 1 received 15 results and 0 failures
Aggregate evaluate
Configure Fit
server round: 2
[2024-02-28 11:57:01,453][flwr][DEBUG] - fit_round 2: strategy sampled 15 clients (out of 50)
[2024-02-28 11:59:41,910][flwr][DEBUG] - fit_round 2 received 15 results and 0 failures
individual accuracies [0.1, 0.1438, 0.1191, 0.1232, 0.1001, 0.1107, 0.1217, 0.1547, 0.1463, 0.1301, 0.1171, 0.1221, 0.1392, 0.1134, 0.1186]
malicious is ['0', '0', '2', '2', '0', '0', '2', '0', '0', '0', '0', '2', '0', '2', '2']
Number of Evil Clients: 0
Number of Preset Malicious Clients is 6
Number of Preset Benign Clients is 9
Average poisoning accuracy: 0.9956666666666666
accuracies is [(0.1301, -1), (0.12040000000000001, 0)]
accuracies is [(0.1301, -1), (0.12040000000000001, 0)]
benign class is -1
malicious class is 0
Final Clustering acc is 1.0
0 added to evil list
Target label is 9
length of good results is 9 and length of bad results is 6
acc_diff is 0
Evaluate
Global Poisoning Accuracy: 0.0008
[2024-02-28 12:00:31,692][flwr][INFO] - fit progress: (2, 192.91112732887268, {'accuracy': 0.1132}, 438.5060696239816)
Configure Evaluate
[2024-02-28 12:00:31,692][flwr][DEBUG] - evaluate_round 2: strategy sampled 15 clients (out of 50)
[2024-02-28 12:00:45,225][flwr][DEBUG] - evaluate_round 2 received 15 results and 0 failures
Aggregate evaluate
Configure Fit
server round: 3
[2024-02-28 12:00:45,226][flwr][DEBUG] - fit_round 3: strategy sampled 15 clients (out of 50)
[2024-02-28 12:03:26,026][flwr][DEBUG] - fit_round 3 received 15 results and 0 failures
individual accuracies [0.1, 0.1, 0.1412, 0.1258, 0.1331, 0.1619, 0.1496, 0.1217, 0.1001, 0.1645, 0.1354, 0.1406, 0.134, 0.1133, 0.1372]
malicious is ['0', '0', '0', '2', '0', '0', '0', '2', '0', '0', '2', '0', '0', '2', '2']
Number of Evil Clients: 0
Number of Preset Malicious Clients is 5
Number of Preset Benign Clients is 10
Average poisoning accuracy: 0.98296
accuracies is [(0.1373, -1), (0.1258, 0)]
accuracies is [(0.1373, -1), (0.1258, 0)]
benign class is -1
malicious class is 0
Final Clustering acc is 1.0
0 added to evil list
Target label is 9
length of good results is 10 and length of bad results is 5
acc_diff is 0
Evaluate
Global Poisoning Accuracy: 0.0428
[2024-02-28 12:04:13,503][flwr][INFO] - fit progress: (3, 184.953298330307, {'accuracy': 0.1258}, 660.3170641419711)
Configure Evaluate
[2024-02-28 12:04:13,503][flwr][DEBUG] - evaluate_round 3: strategy sampled 15 clients (out of 50)
[2024-02-28 12:04:26,898][flwr][DEBUG] - evaluate_round 3 received 15 results and 0 failures
Aggregate evaluate
Configure Fit
server round: 4
[2024-02-28 12:04:26,898][flwr][DEBUG] - fit_round 4: strategy sampled 15 clients (out of 50)
[2024-02-28 12:07:03,822][flwr][DEBUG] - fit_round 4 received 15 results and 0 failures
individual accuracies [0.152, 0.1239, 0.1225, 0.1442, 0.1346, 0.1276, 0.1335, 0.1294, 0.143, 0.151, 0.1316, 0.1642, 0.1542, 0.1703, 0.168]
malicious is ['2', '2', '2', '0', '2', '2', '2', '2', '0', '0', '0', '0', '0', '0', '0']
Number of Evil Clients: 0
Number of Preset Malicious Clients is 7
Number of Preset Benign Clients is 8
Average poisoning accuracy: 0.9724142857142858
accuracies is [(0.1526, -1), (0.1294, 0)]
accuracies is [(0.1526, -1), (0.1294, 0)]
benign class is -1
malicious class is 0
Final Clustering acc is 1.0
0 added to evil list
Target label is 9
length of good results is 8 and length of bad results is 7
acc_diff is 0
Evaluate
Global Poisoning Accuracy: 0.0002
[2024-02-28 12:07:57,014][flwr][INFO] - fit progress: (4, 185.4090919494629, {'accuracy': 0.1411}, 883.8288341750158)
Configure Evaluate
[2024-02-28 12:07:57,015][flwr][DEBUG] - evaluate_round 4: strategy sampled 15 clients (out of 50)
[2024-02-28 12:08:10,531][flwr][DEBUG] - evaluate_round 4 received 15 results and 0 failures
Aggregate evaluate
Configure Fit
server round: 5
[2024-02-28 12:08:10,531][flwr][DEBUG] - fit_round 5: strategy sampled 15 clients (out of 50)
[2024-02-28 12:10:53,341][flwr][DEBUG] - fit_round 5 received 15 results and 0 failures
individual accuracies [0.1549, 0.1, 0.125, 0.1444, 0.1401, 0.139, 0.1392, 0.1623, 0.1441, 0.1295, 0.1129, 0.1371, 0.137, 0.1591, 0.139]
malicious is ['0', '0', '2', '2', '0', '2', '2', '0', '0', '2', '0', '2', '0', '0', '2']
Number of Evil Clients: 0
Number of Preset Malicious Clients is 7
Number of Preset Benign Clients is 8
Average poisoning accuracy: 0.9746857142857142
accuracies is [(0.1401, -1), (0.139, 0)]
accuracies is [(0.1401, -1), (0.139, 0)]
benign class is -1
malicious class is 0
Final Clustering acc is 0.9333333333333333
0 added to evil list
Target label is 9
length of good results is 7 and length of bad results is 8
acc_diff is 0
Evaluate
Global Poisoning Accuracy: 0.0313
[2024-02-28 12:11:48,973][flwr][INFO] - fit progress: (5, 183.87178540229797, {'accuracy': 0.1467}, 1115.7875354470452)
Configure Evaluate
[2024-02-28 12:11:48,973][flwr][DEBUG] - evaluate_round 5: strategy sampled 15 clients (out of 50)
[2024-02-28 12:12:02,687][flwr][DEBUG] - evaluate_round 5 received 15 results and 0 failures
Aggregate evaluate
Configure Fit
server round: 6
[2024-02-28 12:12:02,688][flwr][DEBUG] - fit_round 6: strategy sampled 15 clients (out of 50)
[2024-02-28 12:14:47,736][flwr][DEBUG] - fit_round 6 received 15 results and 0 failures
individual accuracies [0.1279, 0.1287, 0.1356, 0.1689, 0.1211, 0.1, 0.134, 0.161, 0.1476, 0.1504, 0.1296, 0.136, 0.1284, 0.1276, 0.1359]
malicious is ['2', '2', '2', '0', '2', '0', '0', '0', '0', '0', '0', '2', '2', '0', '2']
Number of Evil Clients: 0
Number of Preset Malicious Clients is 7
Number of Preset Benign Clients is 8
Average poisoning accuracy: 0.9874999999999999
accuracies is [(0.1408, -1), (0.1287, 0)]
accuracies is [(0.1408, -1), (0.1287, 0)]
benign class is -1
malicious class is 0
Final Clustering acc is 1.0
0 added to evil list
Target label is 9
length of good results is 8 and length of bad results is 7
acc_diff is 0
Evaluate
Global Poisoning Accuracy: 0.0042
[2024-02-28 12:15:41,897][flwr][INFO] - fit progress: (6, 181.67149591445923, {'accuracy': 0.1656}, 1348.7119157609995)
Configure Evaluate
[2024-02-28 12:15:41,898][flwr][DEBUG] - evaluate_round 6: strategy sampled 15 clients (out of 50)
[2024-02-28 12:15:55,450][flwr][DEBUG] - evaluate_round 6 received 15 results and 0 failures
Aggregate evaluate
Configure Fit
server round: 7
[2024-02-28 12:15:55,451][flwr][DEBUG] - fit_round 7: strategy sampled 15 clients (out of 50)
[2024-02-28 12:18:40,074][flwr][DEBUG] - fit_round 7 received 15 results and 0 failures
individual accuracies [0.1294, 0.1727, 0.1, 0.1, 0.1371, 0.1722, 0.1714, 0.1004, 0.1479, 0.1263, 0.1426, 0.1442, 0.1531, 0.1, 0.1726]
malicious is ['0', '0', '0', '0', '2', '0', '0', '0', '2', '0', '2', '2', '0', '0', '0']
Number of Evil Clients: 0
Number of Preset Malicious Clients is 4
Number of Preset Benign Clients is 11
Average poisoning accuracy: 0.9889749999999999
accuracies is [(0.1426, -1)]
accuracies is [(0.1426, -1)]
benign class is -1
malicious class is 10
Final Clustering acc is 0.7333333333333333
0 added to evil list
Target label is 9
length of good results is 15 and length of bad results is 0
acc_diff is 0
Evaluate
Global Poisoning Accuracy: 0.2242
[2024-02-28 12:19:27,962][flwr][INFO] - fit progress: (7, 165.55046439170837, {'accuracy': 0.2339}, 1574.776648005005)
Configure Evaluate
[2024-02-28 12:19:27,962][flwr][DEBUG] - evaluate_round 7: strategy sampled 15 clients (out of 50)
[2024-02-28 12:19:41,572][flwr][DEBUG] - evaluate_round 7 received 15 results and 0 failures
Aggregate evaluate
Configure Fit
server round: 8
[2024-02-28 12:19:41,572][flwr][DEBUG] - fit_round 8: strategy sampled 15 clients (out of 50)
[2024-02-28 12:22:25,912][flwr][DEBUG] - fit_round 8 received 15 results and 0 failures
individual accuracies [0.1379, 0.1406, 0.1467, 0.1654, 0.1615, 0.1, 0.1355, 0.1532, 0.1721, 0.1684, 0.1443, 0.1461, 0.1573, 0.1491, 0.1]
malicious is ['2', '2', '0', '0', '2', '0', '2', '0', '0', '0', '2', '0', '2', '2', '0']
Number of Evil Clients: 0
Number of Preset Malicious Clients is 7
Number of Preset Benign Clients is 8
Average poisoning accuracy: 0.9826857142857143
accuracies is [(0.1467, -1), (0.14485, 0)]
accuracies is [(0.1467, -1), (0.14485, 0)]
benign class is -1
malicious class is 0
Final Clustering acc is 0.9333333333333333
0 added to evil list
Target label is 9
length of good results is 9 and length of bad results is 6
acc_diff is 0
Evaluate
Global Poisoning Accuracy: 0.282
[2024-02-28 12:23:20,841][flwr][INFO] - fit progress: (8, 168.5465134382248, {'accuracy': 0.2144}, 1807.6550109840464)
Configure Evaluate
[2024-02-28 12:23:20,841][flwr][DEBUG] - evaluate_round 8: strategy sampled 15 clients (out of 50)
[2024-02-28 12:23:34,363][flwr][DEBUG] - evaluate_round 8 received 15 results and 0 failures
Aggregate evaluate
Configure Fit
server round: 9
[2024-02-28 12:23:34,363][flwr][DEBUG] - fit_round 9: strategy sampled 15 clients (out of 50)
[2024-02-28 12:26:18,767][flwr][DEBUG] - fit_round 9 received 15 results and 0 failures
individual accuracies [0.1393, 0.1559, 0.1513, 0.1469, 0.1607, 0.1681, 0.1372, 0.1376, 0.1748, 0.1676, 0.1545, 0.1449, 0.1772, 0.1352, 0.135]
malicious is ['0', '2', '0', '0', '0', '0', '2', '0', '2', '0', '2', '0', '0', '0', '2']
Number of Evil Clients: 0
Number of Preset Malicious Clients is 5
Number of Preset Benign Clients is 10
Average poisoning accuracy: 0.98292
accuracies is [(0.1491, -1), (0.1545, 0)]
accuracies is [(0.1491, -1), (0.1545, 0)]
benign class is -1
malicious class is 0
Final Clustering acc is 1.0
0 added to evil list
Target label is 9
length of good results is 10 and length of bad results is 5
acc_diff is 0
Evaluate
Global Poisoning Accuracy: 0.0085
[2024-02-28 12:27:08,490][flwr][INFO] - fit progress: (9, 168.793523311615, {'accuracy': 0.2338}, 2035.3044783750083)
Configure Evaluate
[2024-02-28 12:27:08,490][flwr][DEBUG] - evaluate_round 9: strategy sampled 15 clients (out of 50)
[2024-02-28 12:27:22,303][flwr][DEBUG] - evaluate_round 9 received 15 results and 0 failures
Aggregate evaluate
Configure Fit
server round: 10
[2024-02-28 12:27:22,304][flwr][DEBUG] - fit_round 10: strategy sampled 15 clients (out of 50)
[2024-02-28 12:30:03,418][flwr][DEBUG] - fit_round 10 received 15 results and 0 failures
individual accuracies [0.1421, 0.1503, 0.1458, 0.174, 0.1642, 0.1713, 0.1559, 0.1726, 0.1085, 0.1, 0.1, 0.1, 0.1699, 0.1594, 0.145]
malicious is ['0', '0', '2', '2', '0', '0', '0', '2', '0', '0', '0', '0', '0', '0', '0']
Number of Evil Clients: 0
Number of Preset Malicious Clients is 3
Number of Preset Benign Clients is 12
Average poisoning accuracy: 0.9779666666666667
accuracies is [(0.1503, -1)]
accuracies is [(0.1503, -1)]
benign class is -1
malicious class is 10
Final Clustering acc is 0.8
0 added to evil list
Target label is 9
length of good results is 15 and length of bad results is 0
acc_diff is 0
Evaluate
Global Poisoning Accuracy: 0.4763
[2024-02-28 12:30:45,354][flwr][INFO] - fit progress: (10, 163.36024284362793, {'accuracy': 0.2293}, 2252.1686717140255)
Configure Evaluate
[2024-02-28 12:30:45,354][flwr][DEBUG] - evaluate_round 10: strategy sampled 15 clients (out of 50)
[2024-02-28 12:30:58,877][flwr][DEBUG] - evaluate_round 10 received 15 results and 0 failures
Aggregate evaluate
Configure Fit
server round: 11
[2024-02-28 12:30:58,877][flwr][DEBUG] - fit_round 11: strategy sampled 15 clients (out of 50)
[2024-02-28 12:33:34,596][flwr][DEBUG] - fit_round 11 received 15 results and 0 failures
individual accuracies [0.1439, 0.1682, 0.1797, 0.1759, 0.1552, 0.1, 0.1573, 0.1413, 0.1686, 0.1751, 0.1601, 0.1542, 0.1486, 0.1569, 0.1761]
malicious is ['2', '2', '2', '2', '2', '0', '0', '0', '0', '0', '2', '2', '2', '0', '0']
Number of Evil Clients: 0
Number of Preset Malicious Clients is 8
Number of Preset Benign Clients is 7
Average poisoning accuracy: 0.9791500000000001
accuracies is [(0.1573, -1), (0.15765, 0)]
accuracies is [(0.1573, -1), (0.15765, 0)]
benign class is -1
malicious class is 0
Final Clustering acc is 1.0
0 added to evil list
Target label is 9
length of good results is 7 and length of bad results is 8
acc_diff is 0
Evaluate
Global Poisoning Accuracy: 0.2108
[2024-02-28 12:34:27,912][flwr][INFO] - fit progress: (11, 164.08371829986572, {'accuracy': 0.2453}, 2474.7265892260475)
Configure Evaluate
[2024-02-28 12:34:27,912][flwr][DEBUG] - evaluate_round 11: strategy sampled 15 clients (out of 50)
[2024-02-28 12:34:41,375][flwr][DEBUG] - evaluate_round 11 received 15 results and 0 failures
Aggregate evaluate
Configure Fit
server round: 12
[2024-02-28 12:34:41,375][flwr][DEBUG] - fit_round 12: strategy sampled 15 clients (out of 50)
[2024-02-28 12:37:17,614][flwr][DEBUG] - fit_round 12 received 15 results and 0 failures
individual accuracies [0.1497, 0.1459, 0.1626, 0.1668, 0.1692, 0.1673, 0.1, 0.1, 0.1426, 0.1013, 0.1682, 0.1758, 0.17, 0.1643, 0.1696]
malicious is ['0', '0', '0', '2', '2', '2', '0', '0', '0', '0', '2', '2', '2', '0', '0']
Number of Evil Clients: 0
Number of Preset Malicious Clients is 6
Number of Preset Benign Clients is 9
Average poisoning accuracy: 0.9786000000000001
accuracies is [(0.1459, -1), (0.1687, 0)]
accuracies is [(0.1459, -1), (0.1687, 0)]
benign class is -1
malicious class is 0
Final Clustering acc is 1.0
0 added to evil list
Target label is 9
length of good results is 9 and length of bad results is 6
acc_diff is 0
Evaluate
Global Poisoning Accuracy: 0.0643
[2024-02-28 12:38:10,634][flwr][INFO] - fit progress: (12, 174.05996549129486, {'accuracy': 0.2461}, 2697.448881485034)
Configure Evaluate
[2024-02-28 12:38:10,635][flwr][DEBUG] - evaluate_round 12: strategy sampled 15 clients (out of 50)
[2024-02-28 12:38:24,439][flwr][DEBUG] - evaluate_round 12 received 15 results and 0 failures
Aggregate evaluate
Configure Fit
server round: 13
[2024-02-28 12:38:24,440][flwr][DEBUG] - fit_round 13: strategy sampled 15 clients (out of 50)
[2024-02-28 12:41:04,825][flwr][DEBUG] - fit_round 13 received 15 results and 0 failures
individual accuracies [0.1, 0.1, 0.1198, 0.1752, 0.1383, 0.1277, 0.1868, 0.1827, 0.1461, 0.1602, 0.1612, 0.1477, 0.1603, 0.1674, 0.1562]
malicious is ['0', '0', '0', '0', '0', '0', '2', '0', '2', '0', '2', '0', '2', '0', '2']
Number of Evil Clients: 0
Number of Preset Malicious Clients is 5
Number of Preset Benign Clients is 10
Average poisoning accuracy: 0.9875599999999999
accuracies is [(0.14300000000000002, -1), (0.1603, 0)]
accuracies is [(0.14300000000000002, -1), (0.1603, 0)]
benign class is -1
malicious class is 0
Final Clustering acc is 1.0
0 added to evil list
Target label is 9
length of good results is 10 and length of bad results is 5
acc_diff is 0
Evaluate
Global Poisoning Accuracy: 0.0729
[2024-02-28 12:41:54,022][flwr][INFO] - fit progress: (13, 157.5528118610382, {'accuracy': 0.2903}, 2920.836794193019)
Configure Evaluate
[2024-02-28 12:41:54,023][flwr][DEBUG] - evaluate_round 13: strategy sampled 15 clients (out of 50)
[2024-02-28 12:42:07,794][flwr][DEBUG] - evaluate_round 13 received 15 results and 0 failures
Aggregate evaluate
Configure Fit
server round: 14
[2024-02-28 12:42:07,794][flwr][DEBUG] - fit_round 14: strategy sampled 15 clients (out of 50)
[2024-02-28 12:44:45,597][flwr][DEBUG] - fit_round 14 received 15 results and 0 failures
individual accuracies [0.1666, 0.1713, 0.1, 0.167, 0.1344, 0.1488, 0.1569, 0.1, 0.1715, 0.1943, 0.1679, 0.1629, 0.1701, 0.1804, 0.1854]
malicious is ['2', '0', '0', '2', '0', '2', '0', '0', '2', '2', '2', '2', '0', '2', '2']
Number of Evil Clients: 0
Number of Preset Malicious Clients is 9
Number of Preset Benign Clients is 6
Average poisoning accuracy: 0.980311111111111
accuracies is [(0.14565, -1), (0.1679, 0)]
accuracies is [(0.14565, -1), (0.1679, 0)]
benign class is -1
malicious class is 0
Final Clustering acc is 1.0
0 added to evil list
Target label is 9
length of good results is 6 and length of bad results is 9
acc_diff is 0
Evaluate
Global Poisoning Accuracy: 0.0017
[2024-02-28 12:45:45,829][flwr][INFO] - fit progress: (14, 179.89309239387512, {'accuracy': 0.2458}, 3152.643719875021)
Configure Evaluate
[2024-02-28 12:45:45,829][flwr][DEBUG] - evaluate_round 14: strategy sampled 15 clients (out of 50)
[2024-02-28 12:45:59,451][flwr][DEBUG] - evaluate_round 14 received 15 results and 0 failures
Aggregate evaluate
Configure Fit
server round: 15
[2024-02-28 12:45:59,451][flwr][DEBUG] - fit_round 15: strategy sampled 15 clients (out of 50)
[2024-02-28 12:48:35,666][flwr][DEBUG] - fit_round 15 received 15 results and 0 failures
individual accuracies [0.1332, 0.1599, 0.162, 0.1721, 0.1647, 0.1474, 0.1, 0.1753, 0.1827, 0.1661, 0.1502, 0.1, 0.1744, 0.1788, 0.1474]
malicious is ['0', '2', '2', '2', '0', '0', '0', '0', '2', '2', '0', '0', '0', '0', '0']
Number of Evil Clients: 0
Number of Preset Malicious Clients is 5
Number of Preset Benign Clients is 10
Average poisoning accuracy: 0.98576
accuracies is [(0.1488, -1), (0.1661, 0)]
accuracies is [(0.1488, -1), (0.1661, 0)]
benign class is -1
malicious class is 0
Final Clustering acc is 1.0
0 added to evil list
Target label is 9
length of good results is 10 and length of bad results is 5
acc_diff is 0
Evaluate
Global Poisoning Accuracy: 0.0001
[2024-02-28 12:49:23,586][flwr][INFO] - fit progress: (15, 174.58302307128906, {'accuracy': 0.2009}, 3370.40045586403)
Configure Evaluate
[2024-02-28 12:49:23,586][flwr][DEBUG] - evaluate_round 15: strategy sampled 15 clients (out of 50)
[2024-02-28 12:49:37,210][flwr][DEBUG] - evaluate_round 15 received 15 results and 0 failures
Aggregate evaluate
Configure Fit
server round: 16
[2024-02-28 12:49:37,211][flwr][DEBUG] - fit_round 16: strategy sampled 15 clients (out of 50)
[2024-02-28 12:52:12,345][flwr][DEBUG] - fit_round 16 received 15 results and 0 failures
individual accuracies [0.1712, 0.1739, 0.1575, 0.1097, 0.1825, 0.1694, 0.1516, 0.1573, 0.1905, 0.1491, 0.1824, 0.1753, 0.1647, 0.1788, 0.1568]
malicious is ['2', '0', '0', '0', '0', '2', '0', '2', '2', '0', '2', '0', '2', '0', '0']
Number of Evil Clients: 0
Number of Preset Malicious Clients is 6
Number of Preset Benign Clients is 9
Average poisoning accuracy: 0.9775499999999999
accuracies is [(0.1575, -1), (0.1703, 0)]
accuracies is [(0.1575, -1), (0.1703, 0)]
benign class is -1
malicious class is 0
Final Clustering acc is 1.0
0 added to evil list
Target label is 9
length of good results is 9 and length of bad results is 6
acc_diff is 0
Evaluate
Global Poisoning Accuracy: 0.0
[2024-02-28 12:53:01,974][flwr][INFO] - fit progress: (16, 162.2112513780594, {'accuracy': 0.289}, 3588.7885939050466)
Configure Evaluate
[2024-02-28 12:53:01,974][flwr][DEBUG] - evaluate_round 16: strategy sampled 15 clients (out of 50)
[2024-02-28 12:53:15,598][flwr][DEBUG] - evaluate_round 16 received 15 results and 0 failures
Aggregate evaluate
Configure Fit
server round: 17
[2024-02-28 12:53:15,599][flwr][DEBUG] - fit_round 17: strategy sampled 15 clients (out of 50)
[2024-02-28 12:55:48,712][flwr][DEBUG] - fit_round 17 received 15 results and 0 failures
individual accuracies [0.1628, 0.1647, 0.115, 0.1697, 0.1506, 0.1455, 0.1918, 0.1602, 0.1795, 0.1788, 0.1708, 0.1, 0.1797, 0.1435, 0.1]
malicious is ['0', '2', '0', '2', '0', '0', '2', '2', '2', '0', '0', '0', '0', '0', '0']
Number of Evil Clients: 0
Number of Preset Malicious Clients is 5
Number of Preset Benign Clients is 10
Average poisoning accuracy: 0.9835200000000001
accuracies is [(0.115, -1), (0.1697, 0), (0.1708, 1)]
accuracies is [(0.115, -1), (0.1708, 1)]
benign class is -1
malicious class is 0
Final Clustering acc is 0.6666666666666666
0 added to evil list
Target label is 5
length of good results is 5 and length of bad results is 10
acc_diff is 0
Evaluate
Global Poisoning Accuracy: 0.0003
[2024-02-28 12:56:36,872][flwr][INFO] - fit progress: (17, 197.18789505958557, {'accuracy': 0.1424}, 3803.6869838450802)
Configure Evaluate
[2024-02-28 12:56:36,873][flwr][DEBUG] - evaluate_round 17: strategy sampled 15 clients (out of 50)
[2024-02-28 12:56:50,506][flwr][DEBUG] - evaluate_round 17 received 15 results and 0 failures
Aggregate evaluate
Configure Fit
server round: 18
[2024-02-28 12:56:50,507][flwr][DEBUG] - fit_round 18: strategy sampled 15 clients (out of 50)
[2024-02-28 12:59:26,140][flwr][DEBUG] - fit_round 18 received 15 results and 0 failures
individual accuracies [0.1224, 0.1007, 0.1455, 0.176, 0.1438, 0.1616, 0.1782, 0.1878, 0.1866, 0.1574, 0.1677, 0.1507, 0.1549, 0.1802, 0.1367]
malicious is ['0', '0', '0', '0', '0', '0', '2', '2', '2', '0', '2', '0', '0', '0', '0']
Number of Evil Clients: 0
Number of Preset Malicious Clients is 4
Number of Preset Benign Clients is 11
Average poisoning accuracy: 0.97265
accuracies is [(0.1574, -1)]
accuracies is [(0.1574, -1)]
benign class is -1
malicious class is 10
Final Clustering acc is 0.7333333333333333
0 added to evil list
Target label is 5
length of good results is 15 and length of bad results is 0
acc_diff is 0
Evaluate
Global Poisoning Accuracy: 0.4037
[2024-02-28 13:00:14,576][flwr][INFO] - fit progress: (18, 158.1628634929657, {'accuracy': 0.2424}, 4021.390527695068)
Configure Evaluate
[2024-02-28 13:00:14,576][flwr][DEBUG] - evaluate_round 18: strategy sampled 15 clients (out of 50)
[2024-02-28 13:00:28,163][flwr][DEBUG] - evaluate_round 18 received 15 results and 0 failures
Aggregate evaluate
Configure Fit
server round: 19
[2024-02-28 13:00:28,163][flwr][DEBUG] - fit_round 19: strategy sampled 15 clients (out of 50)
[2024-02-28 13:03:02,871][flwr][DEBUG] - fit_round 19 received 15 results and 0 failures
individual accuracies [0.1434, 0.2062, 0.1, 0.1836, 0.1, 0.1847, 0.2049, 0.1899, 0.1594, 0.1641, 0.1478, 0.1481, 0.1604, 0.1638, 0.1824]
malicious is ['0', '2', '0', '2', '0', '2', '2', '2', '0', '0', '0', '0', '0', '2', '2']
Number of Evil Clients: 0
Number of Preset Malicious Clients is 7
Number of Preset Benign Clients is 8
Average poisoning accuracy: 0.9701285714285713
accuracies is [(0.14795, -1), (0.1847, 0)]
accuracies is [(0.14795, -1), (0.1847, 0)]
benign class is -1
malicious class is 0
Final Clustering acc is 1.0
0 added to evil list
Target label is 9
length of good results is 8 and length of bad results is 7
acc_diff is 0
Evaluate
Global Poisoning Accuracy: 0.6458
[2024-02-28 13:03:56,369][flwr][INFO] - fit progress: (19, 162.1441913843155, {'accuracy': 0.241}, 4243.183150678058)
Configure Evaluate
[2024-02-28 13:03:56,369][flwr][DEBUG] - evaluate_round 19: strategy sampled 15 clients (out of 50)
[2024-02-28 13:04:10,060][flwr][DEBUG] - evaluate_round 19 received 15 results and 0 failures
Aggregate evaluate
Configure Fit
server round: 20
[2024-02-28 13:04:10,060][flwr][DEBUG] - fit_round 20: strategy sampled 15 clients (out of 50)
[2024-02-28 13:06:48,123][flwr][DEBUG] - fit_round 20 received 15 results and 0 failures
individual accuracies [0.1866, 0.1466, 0.1575, 0.1418, 0.1559, 0.1936, 0.1695, 0.1517, 0.1699, 0.1888, 0.189, 0.1648, 0.1646, 0.1724, 0.1709]
malicious is ['2', '0', '0', '0', '0', '2', '2', '0', '2', '2', '2', '2', '0', '0', '0']
Number of Evil Clients: 0
Number of Preset Malicious Clients is 7
Number of Preset Benign Clients is 8
Average poisoning accuracy: 0.9910857142857143
accuracies is [(0.1567, -1), (0.1866, 0)]
accuracies is [(0.1567, -1), (0.1866, 0)]
benign class is -1
malicious class is 0
Final Clustering acc is 1.0
0 added to evil list
Target label is 9
length of good results is 8 and length of bad results is 7
acc_diff is 0
Evaluate
Global Poisoning Accuracy: 0.1086
[2024-02-28 13:07:38,584][flwr][INFO] - fit progress: (20, 158.63153171539307, {'accuracy': 0.3002}, 4465.398443846032)
Configure Evaluate
[2024-02-28 13:07:38,584][flwr][DEBUG] - evaluate_round 20: strategy sampled 15 clients (out of 50)
[2024-02-28 13:07:52,010][flwr][DEBUG] - evaluate_round 20 received 15 results and 0 failures
Aggregate evaluate
Configure Fit
server round: 21
[2024-02-28 13:07:52,010][flwr][DEBUG] - fit_round 21: strategy sampled 15 clients (out of 50)
[2024-02-28 13:10:27,667][flwr][DEBUG] - fit_round 21 received 15 results and 0 failures
individual accuracies [0.1839, 0.1001, 0.1, 0.1509, 0.185, 0.1695, 0.1844, 0.1532, 0.1618, 0.1495, 0.1653, 0.1755, 0.1, 0.1517, 0.1496]
malicious is ['2', '0', '0', '2', '2', '2', '2', '0', '0', '0', '0', '2', '0', '0', '0']
Number of Evil Clients: 0
Number of Preset Malicious Clients is 6
Number of Preset Benign Clients is 9
Average poisoning accuracy: 0.9866166666666666
accuracies is [(0.14955000000000002, -1), (0.1755, 0)]
accuracies is [(0.14955000000000002, -1), (0.1755, 0)]
benign class is -1
malicious class is 0
Final Clustering acc is 0.9333333333333333
0 added to evil list
Target label is 9
length of good results is 8 and length of bad results is 7
acc_diff is 0
Evaluate
Global Poisoning Accuracy: 0.1602
[2024-02-28 13:11:19,779][flwr][INFO] - fit progress: (21, 157.034770488739, {'accuracy': 0.2891}, 4686.593756719027)
Configure Evaluate
[2024-02-28 13:11:19,780][flwr][DEBUG] - evaluate_round 21: strategy sampled 15 clients (out of 50)
[2024-02-28 13:11:33,222][flwr][DEBUG] - evaluate_round 21 received 15 results and 0 failures
Aggregate evaluate
Configure Fit
server round: 22
[2024-02-28 13:11:33,223][flwr][DEBUG] - fit_round 22: strategy sampled 15 clients (out of 50)
[2024-02-28 13:14:07,427][flwr][DEBUG] - fit_round 22 received 15 results and 0 failures
individual accuracies [0.1, 0.1722, 0.1705, 0.1849, 0.1795, 0.171, 0.1459, 0.15, 0.1002, 0.1389, 0.1922, 0.175, 0.1703, 0.169, 0.1832]
malicious is ['0', '2', '2', '2', '2', '0', '0', '0', '0', '0', '2', '2', '2', '0', '0']
Number of Evil Clients: 0
Number of Preset Malicious Clients is 7
Number of Preset Benign Clients is 8
Average poisoning accuracy: 0.9847142857142858
accuracies is [(0.14795, -1), (0.175, 0)]
accuracies is [(0.14795, -1), (0.175, 0)]
benign class is -1
malicious class is 0
Final Clustering acc is 1.0
0 added to evil list
Target label is 9
length of good results is 8 and length of bad results is 7
acc_diff is 0
Evaluate
Global Poisoning Accuracy: 0.2636
[2024-02-28 13:14:59,908][flwr][INFO] - fit progress: (22, 151.0418210029602, {'accuracy': 0.3053}, 4906.722661416978)
Configure Evaluate
[2024-02-28 13:14:59,908][flwr][DEBUG] - evaluate_round 22: strategy sampled 15 clients (out of 50)
[2024-02-28 13:15:13,502][flwr][DEBUG] - evaluate_round 22 received 15 results and 0 failures
Aggregate evaluate
Configure Fit
server round: 23
[2024-02-28 13:15:13,503][flwr][DEBUG] - fit_round 23: strategy sampled 15 clients (out of 50)
[2024-02-28 13:17:54,123][flwr][DEBUG] - fit_round 23 received 15 results and 0 failures
individual accuracies [0.1593, 0.2114, 0.1525, 0.1979, 0.1637, 0.186, 0.1725, 0.1261, 0.1804, 0.1761, 0.1, 0.1662, 0.1874, 0.1767, 0.1544]
malicious is ['0', '2', '0', '2', '0', '2', '2', '0', '2', '0', '0', '2', '2', '0', '0']
Number of Evil Clients: 0
Number of Preset Malicious Clients is 7
Number of Preset Benign Clients is 8
Average poisoning accuracy: 0.9822285714285713
accuracies is [(0.15685, -1), (0.186, 0)]
accuracies is [(0.15685, -1), (0.186, 0)]
benign class is -1
malicious class is 0
Final Clustering acc is 1.0
0 added to evil list
Target label is 9
length of good results is 8 and length of bad results is 7
acc_diff is 0
Evaluate
Global Poisoning Accuracy: 0.018
[2024-02-28 13:18:46,162][flwr][INFO] - fit progress: (23, 156.62071216106415, {'accuracy': 0.2959}, 5132.976656186045)
Configure Evaluate
[2024-02-28 13:18:46,162][flwr][DEBUG] - evaluate_round 23: strategy sampled 15 clients (out of 50)
[2024-02-28 13:18:59,463][flwr][DEBUG] - evaluate_round 23 received 15 results and 0 failures
Aggregate evaluate
Configure Fit
server round: 24
[2024-02-28 13:18:59,464][flwr][DEBUG] - fit_round 24: strategy sampled 15 clients (out of 50)
[2024-02-28 13:21:32,667][flwr][DEBUG] - fit_round 24 received 15 results and 0 failures
individual accuracies [0.1459, 0.1468, 0.1912, 0.1818, 0.1784, 0.1488, 0.1723, 0.1925, 0.1023, 0.1996, 0.1659, 0.169, 0.1063, 0.1548, 0.1735]
malicious is ['0', '0', '2', '2', '2', '0', '0', '2', '0', '2', '0', '0', '0', '0', '0']
Number of Evil Clients: 0
Number of Preset Malicious Clients is 5
Number of Preset Benign Clients is 10
Average poisoning accuracy: 0.98152
accuracies is [(0.1518, -1), (0.1912, 0)]
accuracies is [(0.1518, -1), (0.1912, 0)]
benign class is -1
malicious class is 0
Final Clustering acc is 1.0
0 added to evil list
Target label is 9
length of good results is 10 and length of bad results is 5
acc_diff is 0
Evaluate
Global Poisoning Accuracy: 0.0437
[2024-02-28 13:22:20,371][flwr][INFO] - fit progress: (24, 149.88404047489166, {'accuracy': 0.33}, 5347.18577858503)
Configure Evaluate
[2024-02-28 13:22:20,372][flwr][DEBUG] - evaluate_round 24: strategy sampled 15 clients (out of 50)
[2024-02-28 13:22:33,818][flwr][DEBUG] - evaluate_round 24 received 15 results and 0 failures
Aggregate evaluate
Configure Fit
server round: 25
[2024-02-28 13:22:33,818][flwr][DEBUG] - fit_round 25: strategy sampled 15 clients (out of 50)
[2024-02-28 13:25:09,387][flwr][DEBUG] - fit_round 25 received 15 results and 0 failures
individual accuracies [0.1613, 0.2138, 0.1751, 0.1519, 0.1812, 0.1529, 0.1275, 0.1737, 0.2078, 0.1, 0.163, 0.1507, 0.1, 0.1623, 0.2005]
malicious is ['0', '2', '2', '0', '0', '0', '0', '0', '2', '0', '0', '0', '0', '0', '2']
Number of Evil Clients: 0
Number of Preset Malicious Clients is 4
Number of Preset Benign Clients is 11
Average poisoning accuracy: 0.96835
accuracies is [(0.1524, -1), (0.2005, 0)]
accuracies is [(0.1524, -1), (0.2005, 0)]
benign class is -1
malicious class is 0
Final Clustering acc is 0.9333333333333333
0 added to evil list
Target label is 9
length of good results is 10 and length of bad results is 5
acc_diff is 0
Evaluate
Global Poisoning Accuracy: 0.0517
[2024-02-28 13:25:58,358][flwr][INFO] - fit progress: (25, 149.45222318172455, {'accuracy': 0.32}, 5565.1726135939825)
Configure Evaluate
[2024-02-28 13:25:58,358][flwr][DEBUG] - evaluate_round 25: strategy sampled 15 clients (out of 50)
[2024-02-28 13:26:11,910][flwr][DEBUG] - evaluate_round 25 received 15 results and 0 failures
Aggregate evaluate
Configure Fit
server round: 26
[2024-02-28 13:26:11,911][flwr][DEBUG] - fit_round 26: strategy sampled 15 clients (out of 50)
[2024-02-28 13:28:48,380][flwr][DEBUG] - fit_round 26 received 15 results and 0 failures
individual accuracies [0.2004, 0.1949, 0.2168, 0.1479, 0.1554, 0.1843, 0.1651, 0.1, 0.1634, 0.2043, 0.1681, 0.1294, 0.1964, 0.1892, 0.1819]
malicious is ['2', '2', '2', '0', '0', '2', '0', '0', '0', '2', '0', '0', '2', '2', '2']
Number of Evil Clients: 0
Number of Preset Malicious Clients is 8
Number of Preset Benign Clients is 7
Average poisoning accuracy: 0.9774875000000001
accuracies is [(0.1554, -1), (0.19565, 0)]
accuracies is [(0.1554, -1), (0.19565, 0)]
benign class is -1
malicious class is 0
Final Clustering acc is 1.0
0 added to evil list
Target label is 9
length of good results is 7 and length of bad results is 8
acc_diff is 0
Evaluate
Global Poisoning Accuracy: 0.0358
[2024-02-28 13:29:44,329][flwr][INFO] - fit progress: (26, 154.688889503479, {'accuracy': 0.2787}, 5791.143400360015)
Configure Evaluate
[2024-02-28 13:29:44,329][flwr][DEBUG] - evaluate_round 26: strategy sampled 15 clients (out of 50)
[2024-02-28 13:29:57,948][flwr][DEBUG] - evaluate_round 26 received 15 results and 0 failures
Aggregate evaluate
Configure Fit
server round: 27
[2024-02-28 13:29:57,948][flwr][DEBUG] - fit_round 27: strategy sampled 15 clients (out of 50)
[2024-02-28 13:32:35,813][flwr][DEBUG] - fit_round 27 received 15 results and 0 failures
individual accuracies [0.1909, 0.1725, 0.1796, 0.1335, 0.1844, 0.2037, 0.1431, 0.1492, 0.1, 0.1837, 0.1868, 0.1673, 0.1757, 0.1655, 0.2275]
malicious is ['2', '2', '2', '0', '0', '2', '0', '0', '0', '2', '2', '0', '0', '2', '2']
Number of Evil Clients: 0
Number of Preset Malicious Clients is 8
Number of Preset Benign Clients is 7
Average poisoning accuracy: 0.9766999999999999
accuracies is [(0.15825, -1), (0.1837, 0)]
accuracies is [(0.15825, -1), (0.1837, 0)]
benign class is -1
malicious class is 0
Final Clustering acc is 0.9333333333333333
0 added to evil list
Target label is 9
length of good results is 8 and length of bad results is 7
acc_diff is 0
Evaluate
Global Poisoning Accuracy: 0.2206
[2024-02-28 13:33:31,640][flwr][INFO] - fit progress: (27, 151.00267350673676, {'accuracy': 0.2872}, 6018.454774825019)
Configure Evaluate
[2024-02-28 13:33:31,641][flwr][DEBUG] - evaluate_round 27: strategy sampled 15 clients (out of 50)
[2024-02-28 13:33:45,166][flwr][DEBUG] - evaluate_round 27 received 15 results and 0 failures
Aggregate evaluate
Configure Fit
server round: 28
[2024-02-28 13:33:45,166][flwr][DEBUG] - fit_round 28: strategy sampled 15 clients (out of 50)
[2024-02-28 13:36:17,394][flwr][DEBUG] - fit_round 28 received 15 results and 0 failures
individual accuracies [0.1, 0.1938, 0.2198, 0.1, 0.1848, 0.1566, 0.1224, 0.1, 0.1788, 0.1464, 0.1545, 0.1973, 0.1651, 0.1771, 0.1943]
malicious is ['0', '2', '2', '0', '0', '0', '0', '0', '2', '0', '0', '2', '0', '0', '2']
Number of Evil Clients: 0
Number of Preset Malicious Clients is 5
Number of Preset Benign Clients is 10
Average poisoning accuracy: 0.96556
accuracies is [(0.15045, -1), (0.1943, 0)]
accuracies is [(0.15045, -1), (0.1943, 0)]
benign class is -1
malicious class is 0
Final Clustering acc is 1.0
0 added to evil list
Target label is 9
length of good results is 10 and length of bad results is 5
acc_diff is 0
Evaluate
Global Poisoning Accuracy: 0.2214
[2024-02-28 13:37:03,966][flwr][INFO] - fit progress: (28, 152.3025666475296, {'accuracy': 0.2955}, 6230.780883059022)
Configure Evaluate
[2024-02-28 13:37:03,967][flwr][DEBUG] - evaluate_round 28: strategy sampled 15 clients (out of 50)
[2024-02-28 13:37:17,952][flwr][DEBUG] - evaluate_round 28 received 15 results and 0 failures
Aggregate evaluate
Configure Fit
server round: 29
[2024-02-28 13:37:17,952][flwr][DEBUG] - fit_round 29: strategy sampled 15 clients (out of 50)
[2024-02-28 13:39:54,556][flwr][DEBUG] - fit_round 29 received 15 results and 0 failures
individual accuracies [0.2102, 0.2076, 0.1008, 0.1704, 0.1, 0.1662, 0.158, 0.1969, 0.1, 0.1813, 0.2009, 0.1948, 0.1404, 0.1794, 0.1491]
malicious is ['2', '2', '0', '2', '0', '0', '0', '2', '0', '0', '2', '2', '0', '2', '0']
Number of Evil Clients: 0
Number of Preset Malicious Clients is 7
Number of Preset Benign Clients is 8
Average poisoning accuracy: 0.9701857142857142
accuracies is [(0.14475, -1), (0.1969, 0)]
accuracies is [(0.14475, -1), (0.1969, 0)]
benign class is -1
malicious class is 0
Final Clustering acc is 1.0
0 added to evil list
Target label is 9
length of good results is 8 and length of bad results is 7
acc_diff is 0
Evaluate
Global Poisoning Accuracy: 0.3441
[2024-02-28 13:40:45,193][flwr][INFO] - fit progress: (29, 150.76300978660583, {'accuracy': 0.3062}, 6452.007981489995)
Configure Evaluate
[2024-02-28 13:40:45,194][flwr][DEBUG] - evaluate_round 29: strategy sampled 15 clients (out of 50)
[2024-02-28 13:40:59,034][flwr][DEBUG] - evaluate_round 29 received 15 results and 0 failures
Aggregate evaluate
Configure Fit
server round: 30
[2024-02-28 13:40:59,034][flwr][DEBUG] - fit_round 30: strategy sampled 15 clients (out of 50)
[2024-02-28 13:43:35,206][flwr][DEBUG] - fit_round 30 received 15 results and 0 failures
individual accuracies [0.1884, 0.1658, 0.1549, 0.1941, 0.1019, 0.1452, 0.1584, 0.1837, 0.1792, 0.1699, 0.2027, 0.1, 0.2052, 0.192, 0.1688]
malicious is ['2', '0', '0', '2', '0', '0', '0', '0', '0', '0', '2', '0', '2', '2', '0']
Number of Evil Clients: 0
Number of Preset Malicious Clients is 5
Number of Preset Benign Clients is 10
Average poisoning accuracy: 0.9777799999999999
accuracies is [(0.1452, -1), (0.19305, 0), (0.174, 1)]
accuracies is [(0.1452, -1), (0.19305, 0)]
benign class is -1
malicious class is 0
Final Clustering acc is 0.6666666666666666
0 added to evil list
Target label is 6
length of good results is 5 and length of bad results is 10
acc_diff is 0
Evaluate
Global Poisoning Accuracy: 0.352
[2024-02-28 13:44:23,400][flwr][INFO] - fit progress: (30, 169.01053655147552, {'accuracy': 0.2318}, 6670.214424579986)
Configure Evaluate
[2024-02-28 13:44:23,400][flwr][DEBUG] - evaluate_round 30: strategy sampled 15 clients (out of 50)
[2024-02-28 13:44:36,775][flwr][DEBUG] - evaluate_round 30 received 15 results and 0 failures
Aggregate evaluate
Configure Fit
server round: 31
[2024-02-28 13:44:36,776][flwr][DEBUG] - fit_round 31: strategy sampled 15 clients (out of 50)
[2024-02-28 13:47:10,707][flwr][DEBUG] - fit_round 31 received 15 results and 0 failures
individual accuracies [0.202, 0.1834, 0.1524, 0.1806, 0.1917, 0.2065, 0.2317, 0.1, 0.1419, 0.1, 0.1964, 0.1732, 0.1303, 0.1717, 0.1817]
malicious is ['2', '2', '0', '2', '2', '2', '2', '0', '0', '0', '2', '0', '0', '0', '0']
Number of Evil Clients: 0
Number of Preset Malicious Clients is 7
Number of Preset Benign Clients is 8
Average poisoning accuracy: 0.9637000000000001
accuracies is [(0.14715, -1), (0.1964, 0)]
accuracies is [(0.14715, -1), (0.1964, 0)]
benign class is -1
malicious class is 0
Final Clustering acc is 1.0
0 added to evil list
Target label is 9
length of good results is 8 and length of bad results is 7
acc_diff is 0
Evaluate
Global Poisoning Accuracy: 0.0618
[2024-02-28 13:48:03,098][flwr][INFO] - fit progress: (31, 154.38675487041473, {'accuracy': 0.3166}, 6889.912105796975)
Configure Evaluate
[2024-02-28 13:48:03,098][flwr][DEBUG] - evaluate_round 31: strategy sampled 15 clients (out of 50)
[2024-02-28 13:48:16,514][flwr][DEBUG] - evaluate_round 31 received 15 results and 0 failures
Aggregate evaluate
Configure Fit
server round: 32
[2024-02-28 13:48:16,514][flwr][DEBUG] - fit_round 32: strategy sampled 15 clients (out of 50)
[2024-02-28 13:50:52,977][flwr][DEBUG] - fit_round 32 received 15 results and 0 failures
individual accuracies [0.1, 0.135, 0.1664, 0.1945, 0.1929, 0.1, 0.1671, 0.1485, 0.1839, 0.1964, 0.1597, 0.1959, 0.2122, 0.1522, 0.1016]
malicious is ['0', '0', '0', '2', '2', '0', '0', '0', '2', '2', '0', '2', '2', '0', '0']
Number of Evil Clients: 0
Number of Preset Malicious Clients is 6
Number of Preset Benign Clients is 9
Average poisoning accuracy: 0.9764333333333334
accuracies is [(0.1485, -1), (0.19519999999999998, 0)]
accuracies is [(0.1485, -1), (0.19519999999999998, 0)]
benign class is -1
malicious class is 0
Final Clustering acc is 1.0
0 added to evil list
Target label is 9
length of good results is 9 and length of bad results is 6
acc_diff is 0
Evaluate
Global Poisoning Accuracy: 0.0038
[2024-02-28 13:51:41,229][flwr][INFO] - fit progress: (32, 167.8727341890335, {'accuracy': 0.2696}, 7108.0432312950725)
Configure Evaluate
[2024-02-28 13:51:41,229][flwr][DEBUG] - evaluate_round 32: strategy sampled 15 clients (out of 50)
[2024-02-28 13:51:54,842][flwr][DEBUG] - evaluate_round 32 received 15 results and 0 failures
Aggregate evaluate
Configure Fit
server round: 33
[2024-02-28 13:51:54,842][flwr][DEBUG] - fit_round 33: strategy sampled 15 clients (out of 50)
[2024-02-28 13:54:33,428][flwr][DEBUG] - fit_round 33 received 15 results and 0 failures
individual accuracies [0.1755, 0.1572, 0.1159, 0.1757, 0.1048, 0.1814, 0.1575, 0.132, 0.2162, 0.1778, 0.1494, 0.1, 0.1001, 0.1631, 0.1976]
malicious is ['0', '0', '0', '0', '0', '0', '0', '0', '2', '0', '0', '0', '0', '0', '2']
Number of Evil Clients: 0
Number of Preset Malicious Clients is 2
Number of Preset Benign Clients is 13
Average poisoning accuracy: 0.96975
accuracies is [(0.1575, -1)]
accuracies is [(0.1575, -1)]
benign class is -1
malicious class is 10
Final Clustering acc is 0.8666666666666667
0 added to evil list
Target label is 9
length of good results is 15 and length of bad results is 0
acc_diff is 0
Evaluate
Global Poisoning Accuracy: 0.1602
[2024-02-28 13:55:13,331][flwr][INFO] - fit progress: (33, 150.23260641098022, {'accuracy': 0.3144}, 7320.1457889269805)
Configure Evaluate
[2024-02-28 13:55:13,332][flwr][DEBUG] - evaluate_round 33: strategy sampled 15 clients (out of 50)
[2024-02-28 13:55:27,240][flwr][DEBUG] - evaluate_round 33 received 15 results and 0 failures
Aggregate evaluate
Configure Fit
server round: 34
[2024-02-28 13:55:27,241][flwr][DEBUG] - fit_round 34: strategy sampled 15 clients (out of 50)
[2024-02-28 13:58:02,804][flwr][DEBUG] - fit_round 34 received 15 results and 0 failures
individual accuracies [0.2193, 0.1713, 0.1709, 0.1055, 0.2, 0.1583, 0.1886, 0.1539, 0.1, 0.1317, 0.21, 0.183, 0.2057, 0.2052, 0.2086]
malicious is ['2', '0', '0', '0', '2', '0', '2', '0', '0', '0', '2', '0', '2', '2', '2']
Number of Evil Clients: 0
Number of Preset Malicious Clients is 7
Number of Preset Benign Clients is 8
Average poisoning accuracy: 0.9692428571428573
accuracies is [(0.15610000000000002, -1), (0.2057, 0)]
accuracies is [(0.15610000000000002, -1), (0.2057, 0)]
benign class is -1
malicious class is 0
Final Clustering acc is 1.0
0 added to evil list
Target label is 9
length of good results is 8 and length of bad results is 7
acc_diff is 0
Evaluate
Global Poisoning Accuracy: 0.1827
[2024-02-28 13:58:55,873][flwr][INFO] - fit progress: (34, 157.72066354751587, {'accuracy': 0.2685}, 7542.687588564004)
Configure Evaluate
[2024-02-28 13:58:55,873][flwr][DEBUG] - evaluate_round 34: strategy sampled 15 clients (out of 50)
[2024-02-28 13:59:09,592][flwr][DEBUG] - evaluate_round 34 received 15 results and 0 failures
Aggregate evaluate
Configure Fit
server round: 35
[2024-02-28 13:59:09,593][flwr][DEBUG] - fit_round 35: strategy sampled 15 clients (out of 50)
[2024-02-28 14:01:46,833][flwr][DEBUG] - fit_round 35 received 15 results and 0 failures
individual accuracies [0.1339, 0.1645, 0.2167, 0.2307, 0.1532, 0.1962, 0.1, 0.1733, 0.1573, 0.1462, 0.1637, 0.1556, 0.1943, 0.1974, 0.1]
malicious is ['0', '0', '2', '2', '0', '2', '0', '0', '0', '0', '0', '0', '2', '2', '0']
Number of Evil Clients: 0
Number of Preset Malicious Clients is 5
Number of Preset Benign Clients is 10
Average poisoning accuracy: 0.9663600000000001
accuracies is [(0.15439999999999998, -1), (0.1974, 0)]
accuracies is [(0.15439999999999998, -1), (0.1974, 0)]
benign class is -1
malicious class is 0
Final Clustering acc is 1.0
0 added to evil list
Target label is 9
length of good results is 10 and length of bad results is 5
acc_diff is 0
Evaluate
Global Poisoning Accuracy: 0.4036
[2024-02-28 14:02:32,980][flwr][INFO] - fit progress: (35, 155.1867891550064, {'accuracy': 0.2643}, 7759.794770430075)
Configure Evaluate
[2024-02-28 14:02:32,980][flwr][DEBUG] - evaluate_round 35: strategy sampled 15 clients (out of 50)
[2024-02-28 14:02:46,338][flwr][DEBUG] - evaluate_round 35 received 15 results and 0 failures
Aggregate evaluate
Configure Fit
server round: 36
[2024-02-28 14:02:46,339][flwr][DEBUG] - fit_round 36: strategy sampled 15 clients (out of 50)
[2024-02-28 14:05:19,966][flwr][DEBUG] - fit_round 36 received 15 results and 0 failures
individual accuracies [0.1662, 0.1622, 0.2088, 0.1781, 0.1535, 0.1554, 0.1726, 0.1791, 0.2127, 0.2066, 0.1544, 0.1991, 0.1326, 0.1, 0.1768]
malicious is ['0', '0', '2', '0', '0', '0', '0', '2', '2', '2', '0', '2', '0', '0', '0']
Number of Evil Clients: 0
Number of Preset Malicious Clients is 5
Number of Preset Benign Clients is 10
Average poisoning accuracy: 0.9759400000000001
accuracies is [(0.1588, -1), (0.2066, 0)]
accuracies is [(0.1588, -1), (0.2066, 0)]
benign class is -1
malicious class is 0
Final Clustering acc is 1.0
0 added to evil list
Target label is 9
length of good results is 10 and length of bad results is 5
acc_diff is 0
Evaluate
Global Poisoning Accuracy: 0.5853
[2024-02-28 14:06:07,815][flwr][INFO] - fit progress: (36, 161.57564210891724, {'accuracy': 0.256}, 7974.629639778053)
Configure Evaluate
[2024-02-28 14:06:07,815][flwr][DEBUG] - evaluate_round 36: strategy sampled 15 clients (out of 50)
[2024-02-28 14:06:21,304][flwr][DEBUG] - evaluate_round 36 received 15 results and 0 failures
Aggregate evaluate
Configure Fit
server round: 37
[2024-02-28 14:06:21,304][flwr][DEBUG] - fit_round 37: strategy sampled 15 clients (out of 50)
[2024-02-28 14:08:57,440][flwr][DEBUG] - fit_round 37 received 15 results and 0 failures
individual accuracies [0.22, 0.1627, 0.1954, 0.1594, 0.2105, 0.1769, 0.1728, 0.1983, 0.1913, 0.1923, 0.1806, 0.1451, 0.1752, 0.2149, 0.1621]
malicious is ['2', '0', '2', '0', '2', '0', '0', '2', '2', '2', '0', '0', '0', '2', '0']
Number of Evil Clients: 0
Number of Preset Malicious Clients is 7
Number of Preset Benign Clients is 8
Average poisoning accuracy: 0.9739571428571429
accuracies is [(0.16775, -1), (0.1983, 0)]
accuracies is [(0.16775, -1), (0.1983, 0)]
benign class is -1
malicious class is 0
Final Clustering acc is 1.0
0 added to evil list
Target label is 9
length of good results is 8 and length of bad results is 7
acc_diff is 0
Evaluate
Global Poisoning Accuracy: 0.3351
[2024-02-28 14:09:49,597][flwr][INFO] - fit progress: (37, 151.92238450050354, {'accuracy': 0.29}, 8196.41109624703)
Configure Evaluate
[2024-02-28 14:09:49,597][flwr][DEBUG] - evaluate_round 37: strategy sampled 15 clients (out of 50)
[2024-02-28 14:10:03,317][flwr][DEBUG] - evaluate_round 37 received 15 results and 0 failures
Aggregate evaluate
Configure Fit
server round: 38
[2024-02-28 14:10:03,318][flwr][DEBUG] - fit_round 38: strategy sampled 15 clients (out of 50)
[2024-02-28 14:12:39,259][flwr][DEBUG] - fit_round 38 received 15 results and 0 failures
individual accuracies [0.1752, 0.1067, 0.1808, 0.1742, 0.1903, 0.1, 0.2004, 0.1989, 0.1793, 0.2078, 0.2041, 0.1999, 0.1985, 0.2064, 0.1695]
malicious is ['0', '0', '0', '0', '2', '0', '2', '2', '2', '2', '2', '2', '2', '2', '0']
Number of Evil Clients: 0
Number of Preset Malicious Clients is 9
Number of Preset Benign Clients is 6
Average poisoning accuracy: 0.9797777777777777
accuracies is [(0.17185, -1), (0.1999, 0)]
accuracies is [(0.17185, -1), (0.1999, 0)]
benign class is -1
malicious class is 0
Final Clustering acc is 1.0
0 added to evil list
Target label is 9
length of good results is 6 and length of bad results is 9
acc_diff is 0
Evaluate
Global Poisoning Accuracy: 0.2246
[2024-02-28 14:13:34,636][flwr][INFO] - fit progress: (38, 167.0495663881302, {'accuracy': 0.2584}, 8421.450324104051)
Configure Evaluate
[2024-02-28 14:13:34,636][flwr][DEBUG] - evaluate_round 38: strategy sampled 15 clients (out of 50)
[2024-02-28 14:13:48,078][flwr][DEBUG] - evaluate_round 38 received 15 results and 0 failures
Aggregate evaluate
Configure Fit
server round: 39
[2024-02-28 14:13:48,078][flwr][DEBUG] - fit_round 39: strategy sampled 15 clients (out of 50)
[2024-02-28 14:16:25,138][flwr][DEBUG] - fit_round 39 received 15 results and 0 failures
individual accuracies [0.1533, 0.1827, 0.1799, 0.2114, 0.1342, 0.1742, 0.2029, 0.1741, 0.2001, 0.1843, 0.1456, 0.1805, 0.2357, 0.1978, 0.1001]
malicious is ['0', '2', '2', '2', '0', '0', '2', '0', '2', '0', '0', '2', '2', '2', '0']
Number of Evil Clients: 0
Number of Preset Malicious Clients is 8
Number of Preset Benign Clients is 7
Average poisoning accuracy: 0.9752375
accuracies is [(0.1533, -1), (0.19895000000000002, 0)]
accuracies is [(0.1533, -1), (0.19895000000000002, 0)]
benign class is -1
malicious class is 0
Final Clustering acc is 1.0
0 added to evil list
Target label is 9
length of good results is 7 and length of bad results is 8
acc_diff is 0
Evaluate
Global Poisoning Accuracy: 0.036
[2024-02-28 14:17:18,735][flwr][INFO] - fit progress: (39, 169.18015778064728, {'accuracy': 0.2935}, 8645.549782534014)
Configure Evaluate
[2024-02-28 14:17:18,736][flwr][DEBUG] - evaluate_round 39: strategy sampled 15 clients (out of 50)
[2024-02-28 14:17:32,604][flwr][DEBUG] - evaluate_round 39 received 15 results and 0 failures
Aggregate evaluate
Configure Fit
server round: 40
[2024-02-28 14:17:32,604][flwr][DEBUG] - fit_round 40: strategy sampled 15 clients (out of 50)
[2024-02-28 14:20:09,798][flwr][DEBUG] - fit_round 40 received 15 results and 0 failures
individual accuracies [0.1434, 0.1866, 0.2152, 0.1826, 0.2074, 0.1, 0.1119, 0.2105, 0.1872, 0.178, 0.1787, 0.196, 0.1855, 0.1, 0.1751]
malicious is ['0', '2', '2', '0', '2', '0', '0', '2', '0', '0', '0', '2', '0', '0', '0']
Number of Evil Clients: 0
Number of Preset Malicious Clients is 5
Number of Preset Benign Clients is 10
Average poisoning accuracy: 0.97428
accuracies is [(0.17835, -1), (0.2074, 0)]
accuracies is [(0.17835, -1), (0.2074, 0)]
benign class is -1
malicious class is 0
Final Clustering acc is 0.8666666666666667
0 added to evil list
Target label is 9
length of good results is 12 and length of bad results is 3
acc_diff is 0
Evaluate
Global Poisoning Accuracy: 0.121
[2024-02-28 14:20:56,594][flwr][INFO] - fit progress: (40, 162.29250144958496, {'accuracy': 0.2999}, 8863.408184941043)
Configure Evaluate
[2024-02-28 14:20:56,594][flwr][DEBUG] - evaluate_round 40: strategy sampled 15 clients (out of 50)
[2024-02-28 14:21:10,209][flwr][DEBUG] - evaluate_round 40 received 15 results and 0 failures
Aggregate evaluate
Configure Fit
server round: 41
[2024-02-28 14:21:10,210][flwr][DEBUG] - fit_round 41: strategy sampled 15 clients (out of 50)
[2024-02-28 14:23:46,473][flwr][DEBUG] - fit_round 41 received 15 results and 0 failures
individual accuracies [0.1693, 0.1798, 0.1787, 0.1681, 0.2116, 0.196, 0.2041, 0.1977, 0.1596, 0.1868, 0.2111, 0.1921, 0.1736, 0.2227, 0.183]
malicious is ['0', '0', '0', '0', '2', '2', '2', '2', '0', '0', '2', '2', '0', '2', '0']
Number of Evil Clients: 0
Number of Preset Malicious Clients is 7
Number of Preset Benign Clients is 8
Average poisoning accuracy: 0.9771142857142857
accuracies is [(0.17615, -1), (0.2041, 0)]
accuracies is [(0.17615, -1), (0.2041, 0)]
benign class is -1
malicious class is 0
Final Clustering acc is 1.0
0 added to evil list
Target label is 9
length of good results is 8 and length of bad results is 7
acc_diff is 0
Evaluate
Global Poisoning Accuracy: 0.3309
[2024-02-28 14:24:37,558][flwr][INFO] - fit progress: (41, 159.03092086315155, {'accuracy': 0.2895}, 9084.37211533403)
Configure Evaluate
[2024-02-28 14:24:37,558][flwr][DEBUG] - evaluate_round 41: strategy sampled 15 clients (out of 50)
[2024-02-28 14:24:51,181][flwr][DEBUG] - evaluate_round 41 received 15 results and 0 failures
Aggregate evaluate
Configure Fit
server round: 42
[2024-02-28 14:24:51,181][flwr][DEBUG] - fit_round 42: strategy sampled 15 clients (out of 50)
[2024-02-28 14:27:28,336][flwr][DEBUG] - fit_round 42 received 15 results and 0 failures
individual accuracies [0.2087, 0.1789, 0.2242, 0.1761, 0.1804, 0.2153, 0.1, 0.1591, 0.1957, 0.1847, 0.1005, 0.1811, 0.1357, 0.2036, 0.1919]
malicious is ['2', '0', '2', '0', '2', '2', '0', '0', '2', '0', '0', '0', '0', '2', '2']
Number of Evil Clients: 0
Number of Preset Malicious Clients is 7
Number of Preset Benign Clients is 8
Average poisoning accuracy: 0.9787285714285714
accuracies is [(0.1676, -1), (0.2036, 0)]
accuracies is [(0.1676, -1), (0.2036, 0)]
benign class is -1
malicious class is 0
Final Clustering acc is 1.0
0 added to evil list
Target label is 9
length of good results is 8 and length of bad results is 7
acc_diff is 0
Evaluate
Global Poisoning Accuracy: 0.3016
[2024-02-28 14:28:23,392][flwr][INFO] - fit progress: (42, 158.60893082618713, {'accuracy': 0.2994}, 9310.206115734065)
Configure Evaluate
[2024-02-28 14:28:23,392][flwr][DEBUG] - evaluate_round 42: strategy sampled 15 clients (out of 50)
[2024-02-28 14:28:37,277][flwr][DEBUG] - evaluate_round 42 received 15 results and 0 failures
Aggregate evaluate
Configure Fit
server round: 43
[2024-02-28 14:28:37,277][flwr][DEBUG] - fit_round 43: strategy sampled 15 clients (out of 50)
[2024-02-28 14:31:12,001][flwr][DEBUG] - fit_round 43 received 15 results and 0 failures
individual accuracies [0.1, 0.1036, 0.1845, 0.1309, 0.1, 0.1776, 0.1853, 0.1003, 0.2132, 0.1963, 0.1844, 0.206, 0.2016, 0.2097, 0.1792]
malicious is ['0', '0', '2', '0', '0', '0', '2', '0', '2', '2', '2', '2', '2', '2', '0']
Number of Evil Clients: 0
Number of Preset Malicious Clients is 8
Number of Preset Benign Clients is 7
Average poisoning accuracy: 0.9805125
accuracies is [(0.1036, -1), (0.19895000000000002, 0)]
accuracies is [(0.1036, -1), (0.19895000000000002, 0)]
benign class is -1
malicious class is 0
Final Clustering acc is 1.0
0 added to evil list
Target label is 9
length of good results is 7 and length of bad results is 8
acc_diff is 0
Evaluate
Global Poisoning Accuracy: 0.743
[2024-02-28 14:32:06,850][flwr][INFO] - fit progress: (43, 168.38208043575287, {'accuracy': 0.2408}, 9533.665001722984)
Configure Evaluate
[2024-02-28 14:32:06,851][flwr][DEBUG] - evaluate_round 43: strategy sampled 15 clients (out of 50)
[2024-02-28 14:32:20,918][flwr][DEBUG] - evaluate_round 43 received 15 results and 0 failures
Aggregate evaluate
Configure Fit
server round: 44
[2024-02-28 14:32:20,919][flwr][DEBUG] - fit_round 44: strategy sampled 15 clients (out of 50)
[2024-02-28 14:34:58,422][flwr][DEBUG] - fit_round 44 received 15 results and 0 failures
individual accuracies [0.1756, 0.1797, 0.1001, 0.1, 0.1767, 0.1008, 0.1528, 0.1495, 0.2004, 0.1554, 0.1466, 0.195, 0.1639, 0.1577, 0.2238]
malicious is ['0', '2', '0', '0', '0', '0', '0', '0', '2', '0', '0', '2', '0', '0', '2']
Number of Evil Clients: 0
Number of Preset Malicious Clients is 4
Number of Preset Benign Clients is 11
Average poisoning accuracy: 0.975025
accuracies is [(0.1528, -1), (0.1977, 0)]
accuracies is [(0.1528, -1), (0.1977, 0)]
benign class is -1
malicious class is 0
Final Clustering acc is 1.0
0 added to evil list
Target label is 9
length of good results is 11 and length of bad results is 4
acc_diff is 0
Evaluate
Global Poisoning Accuracy: 0.3959
[2024-02-28 14:35:47,129][flwr][INFO] - fit progress: (44, 156.02775752544403, {'accuracy': 0.2841}, 9753.943713744055)
Configure Evaluate
[2024-02-28 14:35:47,130][flwr][DEBUG] - evaluate_round 44: strategy sampled 15 clients (out of 50)
[2024-02-28 14:36:00,780][flwr][DEBUG] - evaluate_round 44 received 15 results and 0 failures
Aggregate evaluate
Configure Fit
server round: 45
[2024-02-28 14:36:00,780][flwr][DEBUG] - fit_round 45: strategy sampled 15 clients (out of 50)
[2024-02-28 14:38:44,140][flwr][DEBUG] - fit_round 45 received 15 results and 0 failures
individual accuracies [0.2283, 0.2168, 0.2257, 0.1, 0.1855, 0.1793, 0.186, 0.1, 0.1608, 0.1862, 0.1666, 0.1514, 0.1365, 0.2027, 0.1796]
malicious is ['2', '2', '2', '0', '2', '0', '2', '0', '0', '0', '0', '0', '0', '2', '0']
Number of Evil Clients: 0
Number of Preset Malicious Clients is 6
Number of Preset Benign Clients is 9
Average poisoning accuracy: 0.9651166666666667
accuracies is [(0.1637, -1), (0.2027, 0)]
accuracies is [(0.1637, -1), (0.2027, 0)]
benign class is -1
malicious class is 0
Final Clustering acc is 0.9333333333333333
0 added to evil list
Target label is 9
length of good results is 8 and length of bad results is 7
acc_diff is 0
Evaluate
Global Poisoning Accuracy: 0.2787
[2024-02-28 14:39:34,897][flwr][INFO] - fit progress: (45, 147.13566625118256, {'accuracy': 0.3152}, 9981.71106672706)
Configure Evaluate
[2024-02-28 14:39:34,897][flwr][DEBUG] - evaluate_round 45: strategy sampled 15 clients (out of 50)
[2024-02-28 14:39:48,570][flwr][DEBUG] - evaluate_round 45 received 15 results and 0 failures
Aggregate evaluate
Configure Fit
server round: 46
[2024-02-28 14:39:48,570][flwr][DEBUG] - fit_round 46: strategy sampled 15 clients (out of 50)
[2024-02-28 14:42:25,796][flwr][DEBUG] - fit_round 46 received 15 results and 0 failures
individual accuracies [0.2114, 0.221, 0.2012, 0.1865, 0.1, 0.1926, 0.1544, 0.1522, 0.2122, 0.1967, 0.1965, 0.1881, 0.1635, 0.1832, 0.1644]
malicious is ['2', '2', '2', '2', '0', '2', '0', '0', '2', '2', '2', '0', '0', '2', '0']
Number of Evil Clients: 0
Number of Preset Malicious Clients is 9
Number of Preset Benign Clients is 6
Average poisoning accuracy: 0.9824222222222221
accuracies is [(0.15895, -1), (0.1967, 0)]
accuracies is [(0.15895, -1), (0.1967, 0)]
benign class is -1
malicious class is 0
Final Clustering acc is 1.0
0 added to evil list
Target label is 9
length of good results is 6 and length of bad results is 9
acc_diff is 0
Evaluate
Global Poisoning Accuracy: 0.7029
[2024-02-28 14:43:21,495][flwr][INFO] - fit progress: (46, 159.1629854440689, {'accuracy': 0.2522}, 10208.309181679972)
Configure Evaluate
[2024-02-28 14:43:21,495][flwr][DEBUG] - evaluate_round 46: strategy sampled 15 clients (out of 50)
[2024-02-28 14:43:35,182][flwr][DEBUG] - evaluate_round 46 received 15 results and 0 failures
Aggregate evaluate
Configure Fit
server round: 47
[2024-02-28 14:43:35,182][flwr][DEBUG] - fit_round 47: strategy sampled 15 clients (out of 50)
[2024-02-28 14:46:11,908][flwr][DEBUG] - fit_round 47 received 15 results and 0 failures
individual accuracies [0.1823, 0.1535, 0.2151, 0.1701, 0.2071, 0.1001, 0.1679, 0.2057, 0.1511, 0.1, 0.214, 0.149, 0.1744, 0.2312, 0.2331]
malicious is ['0', '0', '2', '2', '2', '0', '0', '2', '0', '0', '2', '0', '0', '2', '2']
Number of Evil Clients: 0
Number of Preset Malicious Clients is 7
Number of Preset Benign Clients is 8
Average poisoning accuracy: 0.9658857142857143
accuracies is [(0.1523, -1), (0.214, 0)]
accuracies is [(0.1523, -1), (0.214, 0)]
benign class is -1
malicious class is 0
Final Clustering acc is 1.0
0 added to evil list
Target label is 9
length of good results is 8 and length of bad results is 7
acc_diff is 0
Evaluate
Global Poisoning Accuracy: 0.6398
[2024-02-28 14:47:04,785][flwr][INFO] - fit progress: (47, 164.93042612075806, {'accuracy': 0.2572}, 10431.599151312024)
Configure Evaluate
[2024-02-28 14:47:04,785][flwr][DEBUG] - evaluate_round 47: strategy sampled 15 clients (out of 50)
[2024-02-28 14:47:18,485][flwr][DEBUG] - evaluate_round 47 received 15 results and 0 failures
Aggregate evaluate
Configure Fit
server round: 48
[2024-02-28 14:47:18,485][flwr][DEBUG] - fit_round 48: strategy sampled 15 clients (out of 50)
[2024-02-28 14:49:56,957][flwr][DEBUG] - fit_round 48 received 15 results and 0 failures
individual accuracies [0.162, 0.1511, 0.1938, 0.1331, 0.1, 0.2086, 0.1764, 0.1, 0.1818, 0.1327, 0.1526, 0.1941, 0.2097, 0.1874, 0.1769]
malicious is ['0', '0', '2', '0', '0', '2', '0', '0', '0', '0', '0', '2', '2', '2', '0']
Number of Evil Clients: 0
Number of Preset Malicious Clients is 5
Number of Preset Benign Clients is 10
Average poisoning accuracy: 0.98604
accuracies is [(0.15185, -1), (0.1941, 0)]
accuracies is [(0.15185, -1), (0.1941, 0)]
benign class is -1
malicious class is 0
Final Clustering acc is 1.0
0 added to evil list
Target label is 9
length of good results is 10 and length of bad results is 5
acc_diff is 0
Evaluate
Global Poisoning Accuracy: 0.124
[2024-02-28 14:50:46,474][flwr][INFO] - fit progress: (48, 152.0242978334427, {'accuracy': 0.3056}, 10653.288113206043)
Configure Evaluate
[2024-02-28 14:50:46,474][flwr][DEBUG] - evaluate_round 48: strategy sampled 15 clients (out of 50)
[2024-02-28 14:51:00,005][flwr][DEBUG] - evaluate_round 48 received 15 results and 0 failures
Aggregate evaluate
Configure Fit
server round: 49
[2024-02-28 14:51:00,005][flwr][DEBUG] - fit_round 49: strategy sampled 15 clients (out of 50)
[2024-02-28 14:53:37,461][flwr][DEBUG] - fit_round 49 received 15 results and 0 failures
individual accuracies [0.1645, 0.1749, 0.1771, 0.1858, 0.2087, 0.1601, 0.1959, 0.1514, 0.1524, 0.1965, 0.2051, 0.1841, 0.1579, 0.1829, 0.1835]
malicious is ['0', '0', '0', '0', '2', '0', '2', '0', '0', '2', '2', '2', '0', '0', '0']
Number of Evil Clients: 0
Number of Preset Malicious Clients is 5
Number of Preset Benign Clients is 10
Average poisoning accuracy: 0.9813799999999999
accuracies is [(0.1623, -1), (0.176, 0), (0.1965, 1)]
accuracies is [(0.1623, -1), (0.1965, 1)]
benign class is -1
malicious class is 0
Final Clustering acc is 1.0
0 added to evil list
Target label is 9
length of good results is 10 and length of bad results is 5
acc_diff is 0
Evaluate
Global Poisoning Accuracy: 0.0708
[2024-02-28 14:54:25,717][flwr][INFO] - fit progress: (49, 150.2924826145172, {'accuracy': 0.3146}, 10872.53200327803)
Configure Evaluate
[2024-02-28 14:54:25,718][flwr][DEBUG] - evaluate_round 49: strategy sampled 15 clients (out of 50)
[2024-02-28 14:54:39,622][flwr][DEBUG] - evaluate_round 49 received 15 results and 0 failures
Aggregate evaluate
Configure Fit
server round: 50
[2024-02-28 14:54:39,622][flwr][DEBUG] - fit_round 50: strategy sampled 15 clients (out of 50)
[2024-02-28 14:57:14,900][flwr][DEBUG] - fit_round 50 received 15 results and 0 failures
individual accuracies [0.2008, 0.2025, 0.1, 0.1771, 0.1514, 0.2006, 0.2016, 0.1744, 0.1001, 0.2098, 0.202, 0.2094, 0.1, 0.1723, 0.2024]
malicious is ['2', '2', '0', '0', '0', '2', '2', '0', '0', '2', '2', '2', '0', '0', '2']
Number of Evil Clients: 0
Number of Preset Malicious Clients is 8
Number of Preset Benign Clients is 7
Average poisoning accuracy: 0.981775
accuracies is [(0.1514, -1), (0.2022, 0)]
accuracies is [(0.1514, -1), (0.2022, 0)]
benign class is -1
malicious class is 0
Final Clustering acc is 1.0
0 added to evil list
Target label is 9
length of good results is 7 and length of bad results is 8
acc_diff is 0
Evaluate
Global Poisoning Accuracy: 0.152
[2024-02-28 14:58:08,129][flwr][INFO] - fit progress: (50, 162.4545865058899, {'accuracy': 0.2576}, 11094.943885334069)
Configure Evaluate
[2024-02-28 14:58:08,130][flwr][DEBUG] - evaluate_round 50: strategy sampled 15 clients (out of 50)
[2024-02-28 14:58:21,698][flwr][DEBUG] - evaluate_round 50 received 15 results and 0 failures
Aggregate evaluate
Configure Fit
server round: 51
[2024-02-28 14:58:21,698][flwr][DEBUG] - fit_round 51: strategy sampled 15 clients (out of 50)
[2024-02-28 15:00:55,204][flwr][DEBUG] - fit_round 51 received 15 results and 0 failures
individual accuracies [0.1512, 0.1498, 0.1, 0.1814, 0.2264, 0.2083, 0.1834, 0.1574, 0.163, 0.2282, 0.1507, 0.1681, 0.2017, 0.2117, 0.1797]
malicious is ['0', '0', '0', '0', '2', '2', '0', '0', '0', '2', '0', '0', '2', '2', '0']
Number of Evil Clients: 0
Number of Preset Malicious Clients is 5
Number of Preset Benign Clients is 10
Average poisoning accuracy: 0.9525600000000001
accuracies is [(0.1574, -1), (0.21000000000000002, 0)]
accuracies is [(0.1574, -1), (0.21000000000000002, 0)]
benign class is -1
malicious class is 0
Final Clustering acc is 0.9333333333333333
0 added to evil list
Target label is 9
length of good results is 9 and length of bad results is 6
acc_diff is 0
Evaluate
Global Poisoning Accuracy: 0.1945
[2024-02-28 15:01:41,163][flwr][INFO] - fit progress: (51, 149.3848077058792, {'accuracy': 0.3188}, 11307.97800251597)
Configure Evaluate
[2024-02-28 15:01:41,164][flwr][DEBUG] - evaluate_round 51: strategy sampled 15 clients (out of 50)
[2024-02-28 15:01:55,213][flwr][DEBUG] - evaluate_round 51 received 15 results and 0 failures
Aggregate evaluate
Configure Fit
server round: 52
[2024-02-28 15:01:55,213][flwr][DEBUG] - fit_round 52: strategy sampled 15 clients (out of 50)
[2024-02-28 15:04:31,734][flwr][DEBUG] - fit_round 52 received 15 results and 0 failures
individual accuracies [0.1795, 0.2073, 0.1886, 0.2033, 0.2027, 0.2039, 0.1, 0.1981, 0.1573, 0.2272, 0.2166, 0.1001, 0.1806, 0.1475, 0.1926]
malicious is ['0', '2', '2', '2', '2', '2', '0', '2', '0', '2', '2', '0', '0', '0', '2']
Number of Evil Clients: 0
Number of Preset Malicious Clients is 9
Number of Preset Benign Clients is 6
Average poisoning accuracy: 0.9741555555555556
accuracies is [(0.15239999999999998, -1), (0.2033, 0)]
accuracies is [(0.15239999999999998, -1), (0.2033, 0)]
benign class is -1
malicious class is 0
Final Clustering acc is 1.0
0 added to evil list
Target label is 9
length of good results is 6 and length of bad results is 9
acc_diff is 0
Evaluate
Global Poisoning Accuracy: 0.0276
[2024-02-28 15:05:27,616][flwr][INFO] - fit progress: (52, 154.21316063404083, {'accuracy': 0.305}, 11534.430782175972)
Configure Evaluate
[2024-02-28 15:05:27,616][flwr][DEBUG] - evaluate_round 52: strategy sampled 15 clients (out of 50)
[2024-02-28 15:05:41,359][flwr][DEBUG] - evaluate_round 52 received 15 results and 0 failures
Aggregate evaluate
Configure Fit
server round: 53
[2024-02-28 15:05:41,360][flwr][DEBUG] - fit_round 53: strategy sampled 15 clients (out of 50)
[2024-02-28 15:08:15,771][flwr][DEBUG] - fit_round 53 received 15 results and 0 failures
individual accuracies [0.2139, 0.1, 0.1, 0.2088, 0.1824, 0.1707, 0.1741, 0.1312, 0.1489, 0.1933, 0.1667, 0.1847, 0.2171, 0.1612, 0.2244]
malicious is ['2', '0', '0', '2', '0', '0', '0', '0', '0', '2', '0', '0', '2', '0', '2']
Number of Evil Clients: 0
Number of Preset Malicious Clients is 5
Number of Preset Benign Clients is 10
Average poisoning accuracy: 0.9613799999999999
accuracies is [(0.1612, -1), (0.2139, 0), (0.1741, 1)]
accuracies is [(0.1612, -1), (0.2139, 0)]
benign class is -1
malicious class is 0
Final Clustering acc is 1.0
0 added to evil list
Target label is 9
length of good results is 10 and length of bad results is 5
acc_diff is 0
Evaluate
Global Poisoning Accuracy: 0.3909
[2024-02-28 15:09:12,796][flwr][INFO] - fit progress: (53, 147.27696871757507, {'accuracy': 0.3108}, 11759.610578448046)
Configure Evaluate
[2024-02-28 15:09:12,796][flwr][DEBUG] - evaluate_round 53: strategy sampled 15 clients (out of 50)
[2024-02-28 15:09:26,211][flwr][DEBUG] - evaluate_round 53 received 15 results and 0 failures
Aggregate evaluate
Configure Fit
server round: 54
[2024-02-28 15:09:26,211][flwr][DEBUG] - fit_round 54: strategy sampled 15 clients (out of 50)
[2024-02-28 15:12:01,874][flwr][DEBUG] - fit_round 54 received 15 results and 0 failures
individual accuracies [0.224, 0.2014, 0.1608, 0.1881, 0.1441, 0.1027, 0.1666, 0.1875, 0.1, 0.1518, 0.2079, 0.1, 0.182, 0.2209, 0.1969]
malicious is ['2', '2', '0', '0', '0', '0', '0', '0', '0', '0', '2', '0', '0', '2', '2']
Number of Evil Clients: 0
Number of Preset Malicious Clients is 5
Number of Preset Benign Clients is 10
Average poisoning accuracy: 0.9632399999999999
accuracies is [(0.1518, -1), (0.20465, 0)]
accuracies is [(0.1518, -1), (0.20465, 0)]
benign class is -1
malicious class is 0
Final Clustering acc is 0.9333333333333333
0 added to evil list
Target label is 9
length of good results is 9 and length of bad results is 6
acc_diff is 0
Evaluate
Global Poisoning Accuracy: 0.2183
[2024-02-28 15:12:48,293][flwr][INFO] - fit progress: (54, 154.5830293893814, {'accuracy': 0.2906}, 11975.10713899997)
Configure Evaluate
[2024-02-28 15:12:48,293][flwr][DEBUG] - evaluate_round 54: strategy sampled 15 clients (out of 50)
[2024-02-28 15:13:02,161][flwr][DEBUG] - evaluate_round 54 received 15 results and 0 failures
Aggregate evaluate
Configure Fit
server round: 55
[2024-02-28 15:13:02,162][flwr][DEBUG] - fit_round 55: strategy sampled 15 clients (out of 50)
[2024-02-28 15:15:36,854][flwr][DEBUG] - fit_round 55 received 15 results and 0 failures
individual accuracies [0.1858, 0.1002, 0.1969, 0.1551, 0.1757, 0.193, 0.1, 0.1759, 0.1494, 0.1538, 0.2339, 0.1682, 0.1804, 0.2076, 0.1799]
malicious is ['0', '0', '2', '0', '0', '2', '0', '2', '0', '0', '2', '0', '0', '2', '0']
Number of Evil Clients: 0
Number of Preset Malicious Clients is 5
Number of Preset Benign Clients is 10
Average poisoning accuracy: 0.9729199999999999
accuracies is [(0.1516, -1), (0.1778, 0), (0.1969, 1)]
accuracies is [(0.1516, -1), (0.1969, 1)]
benign class is -1
malicious class is 0
Final Clustering acc is 0.7333333333333333
0 added to evil list
Target label is 3
length of good results is 6 and length of bad results is 9
acc_diff is 0
Evaluate
Global Poisoning Accuracy: 0.1509
[2024-02-28 15:16:25,385][flwr][INFO] - fit progress: (55, 170.52898490428925, {'accuracy': 0.2261}, 12192.19936268602)
Configure Evaluate
[2024-02-28 15:16:25,385][flwr][DEBUG] - evaluate_round 55: strategy sampled 15 clients (out of 50)
[2024-02-28 15:16:39,432][flwr][DEBUG] - evaluate_round 55 received 15 results and 0 failures
Aggregate evaluate
Configure Fit
server round: 56
[2024-02-28 15:16:39,432][flwr][DEBUG] - fit_round 56: strategy sampled 15 clients (out of 50)
[2024-02-28 15:19:13,668][flwr][DEBUG] - fit_round 56 received 15 results and 0 failures
individual accuracies [0.2068, 0.1603, 0.1886, 0.1841, 0.1952, 0.1001, 0.1654, 0.1793, 0.1969, 0.1808, 0.2138, 0.2389, 0.1779, 0.1704, 0.2225]
malicious is ['2', '0', '2', '2', '2', '0', '0', '2', '2', '0', '2', '2', '0', '0', '2']
Number of Evil Clients: 0
Number of Preset Malicious Clients is 9
Number of Preset Benign Clients is 6
Average poisoning accuracy: 0.9721444444444445
accuracies is [(0.1654, -1), (0.19605, 0)]
accuracies is [(0.1654, -1), (0.19605, 0)]
benign class is -1
malicious class is 0
Final Clustering acc is 0.9333333333333333
0 added to evil list
Target label is 9
length of good results is 5 and length of bad results is 10
acc_diff is 0
Evaluate
Global Poisoning Accuracy: 0.4099
[2024-02-28 15:20:10,460][flwr][INFO] - fit progress: (56, 156.52449202537537, {'accuracy': 0.2885}, 12417.274414414074)
Configure Evaluate
[2024-02-28 15:20:10,460][flwr][DEBUG] - evaluate_round 56: strategy sampled 15 clients (out of 50)
[2024-02-28 15:20:24,291][flwr][DEBUG] - evaluate_round 56 received 15 results and 0 failures
Aggregate evaluate
Configure Fit
server round: 57
[2024-02-28 15:20:24,291][flwr][DEBUG] - fit_round 57: strategy sampled 15 clients (out of 50)
[2024-02-28 15:22:59,129][flwr][DEBUG] - fit_round 57 received 15 results and 0 failures
individual accuracies [0.1458, 0.1701, 0.1941, 0.1822, 0.1, 0.2331, 0.1726, 0.1607, 0.2117, 0.1892, 0.1979, 0.1915, 0.186, 0.1996, 0.1306]
malicious is ['0', '0', '2', '0', '0', '2', '2', '0', '2', '0', '2', '2', '0', '2', '0']
Number of Evil Clients: 0
Number of Preset Malicious Clients is 7
Number of Preset Benign Clients is 8
Average poisoning accuracy: 0.9678428571428571
accuracies is [(0.1607, -1), (0.196, 0)]
accuracies is [(0.1607, -1), (0.196, 0)]
benign class is -1
malicious class is 0
Final Clustering acc is 0.9333333333333333
0 added to evil list
Target label is 9
length of good results is 7 and length of bad results is 8
acc_diff is 0
Evaluate
Global Poisoning Accuracy: 0.0162
[2024-02-28 15:23:53,276][flwr][INFO] - fit progress: (57, 168.79661297798157, {'accuracy': 0.2747}, 12640.090259068063)
Configure Evaluate
[2024-02-28 15:23:53,276][flwr][DEBUG] - evaluate_round 57: strategy sampled 15 clients (out of 50)
[2024-02-28 15:24:06,807][flwr][DEBUG] - evaluate_round 57 received 15 results and 0 failures
Aggregate evaluate
Configure Fit
server round: 58
[2024-02-28 15:24:06,807][flwr][DEBUG] - fit_round 58: strategy sampled 15 clients (out of 50)
[2024-02-28 15:26:50,969][flwr][DEBUG] - fit_round 58 received 15 results and 0 failures
individual accuracies [0.1901, 0.1, 0.1958, 0.2117, 0.1812, 0.1606, 0.108, 0.2052, 0.1505, 0.2049, 0.1487, 0.1905, 0.1832, 0.1, 0.1918]
malicious is ['0', '0', '2', '2', '0', '0', '0', '2', '0', '2', '0', '2', '2', '0', '2']
Number of Evil Clients: 0
Number of Preset Malicious Clients is 7
Number of Preset Benign Clients is 8
Average poisoning accuracy: 0.9861000000000001
accuracies is [(0.12835, -1), (0.16585, 0), (0.1958, 1)]
accuracies is [(0.12835, -1), (0.1958, 1)]
benign class is -1
malicious class is 0
Final Clustering acc is 0.7333333333333333
0 added to evil list
Target label is 6
length of good results is 4 and length of bad results is 11
acc_diff is 0
Evaluate
Global Poisoning Accuracy: 0.374
[2024-02-28 15:27:46,211][flwr][INFO] - fit progress: (58, 170.32371246814728, {'accuracy': 0.2443}, 12873.025242791977)
Configure Evaluate
[2024-02-28 15:27:46,211][flwr][DEBUG] - evaluate_round 58: strategy sampled 15 clients (out of 50)
[2024-02-28 15:28:00,191][flwr][DEBUG] - evaluate_round 58 received 15 results and 0 failures
Aggregate evaluate
Configure Fit
server round: 59
[2024-02-28 15:28:00,191][flwr][DEBUG] - fit_round 59: strategy sampled 15 clients (out of 50)
[2024-02-28 15:30:32,517][flwr][DEBUG] - fit_round 59 received 15 results and 0 failures
individual accuracies [0.1525, 0.1507, 0.1, 0.1383, 0.1533, 0.2021, 0.1868, 0.2237, 0.1932, 0.1933, 0.1, 0.1829, 0.2107, 0.1643, 0.2014]
malicious is ['0', '0', '0', '0', '0', '2', '0', '2', '2', '2', '0', '0', '2', '0', '2']
Number of Evil Clients: 0
Number of Preset Malicious Clients is 6
Number of Preset Benign Clients is 9
Average poisoning accuracy: 0.9701333333333332
accuracies is [(0.1588, -1), (0.1507, 0), (0.20174999999999998, 1)]
accuracies is [(0.1507, 0), (0.20174999999999998, 1)]
benign class is -1
malicious class is 0
Final Clustering acc is 0.4
0 added to evil list
Target label is 6
length of good results is 0 and length of bad results is 15
acc_diff is 0
