INFO flwr 2024-02-25 22:19:09,235 | app.py:146 | Starting Flower simulation, config: ServerConfig(num_rounds=100, round_timeout=None)
2024-02-25 22:19:11,948	INFO worker.py:1724 -- Started a local Ray instance.
INFO flwr 2024-02-25 22:19:20,960 | app.py:180 | Flower VCE: Ray initialized with resources: {'object_store_memory': 154369513881.0, 'GPU': 1.0, 'node:__internal_head__': 1.0, 'accelerator_type:A10': 1.0, 'memory': 350195532391.0, 'node:10.131.34.75': 1.0, 'CPU': 96.0}
INFO flwr 2024-02-25 22:19:20,961 | server.py:86 | Initializing global parameters
INFO flwr 2024-02-25 22:19:20,961 | server.py:269 | Using initial parameters provided by strategy
INFO flwr 2024-02-25 22:19:20,961 | server.py:88 | Evaluating initial parameters
INFO flwr 2024-02-25 22:19:26,294 | server.py:91 | initial parameters (loss, other metrics): 183.28513836860657, {'accuracy': 0.0965}
INFO flwr 2024-02-25 22:19:26,295 | server.py:101 | FL starting
DEBUG flwr 2024-02-25 22:19:26,295 | server.py:218 | fit_round 1: strategy sampled 15 clients (out of 50)
DEBUG flwr 2024-02-25 22:21:35,945 | server.py:232 | fit_round 1 received 15 results and 0 failures
WARNING flwr 2024-02-25 22:22:16,145 | bd_strategy.py:534 | No fit_metrics_aggregation_fn provided
INFO flwr 2024-02-25 22:22:20,887 | server.py:119 | fit progress: (1, 183.4168815612793, {'accuracy': 0.1}, 174.59272937907372)
DEBUG flwr 2024-02-25 22:22:20,888 | server.py:168 | evaluate_round 1: strategy sampled 15 clients (out of 50)
DEBUG flwr 2024-02-25 22:22:33,259 | server.py:182 | evaluate_round 1 received 15 results and 0 failures
DEBUG flwr 2024-02-25 22:22:33,259 | server.py:218 | fit_round 2: strategy sampled 15 clients (out of 50)
DEBUG flwr 2024-02-25 22:24:35,172 | server.py:232 | fit_round 2 received 15 results and 0 failures
INFO flwr 2024-02-25 22:25:16,815 | server.py:119 | fit progress: (2, 179.46146321296692, {'accuracy': 0.1}, 350.5201330310665)
DEBUG flwr 2024-02-25 22:25:16,815 | server.py:168 | evaluate_round 2: strategy sampled 15 clients (out of 50)
DEBUG flwr 2024-02-25 22:25:29,048 | server.py:182 | evaluate_round 2 received 15 results and 0 failures
DEBUG flwr 2024-02-25 22:25:29,049 | server.py:218 | fit_round 3: strategy sampled 15 clients (out of 50)
DEBUG flwr 2024-02-25 22:27:29,178 | server.py:232 | fit_round 3 received 15 results and 0 failures
INFO flwr 2024-02-25 22:28:12,284 | server.py:119 | fit progress: (3, 145.0292112827301, {'accuracy': 0.3215}, 525.9893037930597)
DEBUG flwr 2024-02-25 22:28:12,284 | server.py:168 | evaluate_round 3: strategy sampled 15 clients (out of 50)
DEBUG flwr 2024-02-25 22:28:24,754 | server.py:182 | evaluate_round 3 received 15 results and 0 failures
DEBUG flwr 2024-02-25 22:28:24,754 | server.py:218 | fit_round 4: strategy sampled 15 clients (out of 50)
DEBUG flwr 2024-02-25 22:30:25,256 | server.py:232 | fit_round 4 received 15 results and 0 failures
INFO flwr 2024-02-25 22:31:09,712 | server.py:119 | fit progress: (4, 115.10688972473145, {'accuracy': 0.4686}, 703.4171828939579)
DEBUG flwr 2024-02-25 22:31:09,712 | server.py:168 | evaluate_round 4: strategy sampled 15 clients (out of 50)
DEBUG flwr 2024-02-25 22:31:21,904 | server.py:182 | evaluate_round 4 received 15 results and 0 failures
DEBUG flwr 2024-02-25 22:31:21,905 | server.py:218 | fit_round 5: strategy sampled 15 clients (out of 50)
DEBUG flwr 2024-02-25 22:33:22,815 | server.py:232 | fit_round 5 received 15 results and 0 failures
INFO flwr 2024-02-25 22:34:07,776 | server.py:119 | fit progress: (5, 110.64023685455322, {'accuracy': 0.5105}, 881.4811101830564)
DEBUG flwr 2024-02-25 22:34:07,776 | server.py:168 | evaluate_round 5: strategy sampled 15 clients (out of 50)
DEBUG flwr 2024-02-25 22:34:20,041 | server.py:182 | evaluate_round 5 received 15 results and 0 failures
DEBUG flwr 2024-02-25 22:34:20,041 | server.py:218 | fit_round 6: strategy sampled 15 clients (out of 50)
DEBUG flwr 2024-02-25 22:36:21,701 | server.py:232 | fit_round 6 received 15 results and 0 failures
INFO flwr 2024-02-25 22:37:03,110 | server.py:119 | fit progress: (6, 114.83529078960419, {'accuracy': 0.5265}, 1056.8154121340485)
DEBUG flwr 2024-02-25 22:37:03,110 | server.py:168 | evaluate_round 6: strategy sampled 15 clients (out of 50)
DEBUG flwr 2024-02-25 22:37:15,783 | server.py:182 | evaluate_round 6 received 15 results and 0 failures
DEBUG flwr 2024-02-25 22:37:15,783 | server.py:218 | fit_round 7: strategy sampled 15 clients (out of 50)
DEBUG flwr 2024-02-25 22:39:19,573 | server.py:232 | fit_round 7 received 15 results and 0 failures
INFO flwr 2024-02-25 22:39:57,601 | server.py:119 | fit progress: (7, 107.75493341684341, {'accuracy': 0.5632}, 1231.30646905303)
DEBUG flwr 2024-02-25 22:39:57,601 | server.py:168 | evaluate_round 7: strategy sampled 15 clients (out of 50)
DEBUG flwr 2024-02-25 22:40:09,772 | server.py:182 | evaluate_round 7 received 15 results and 0 failures
DEBUG flwr 2024-02-25 22:40:09,773 | server.py:218 | fit_round 8: strategy sampled 15 clients (out of 50)
DEBUG flwr 2024-02-25 22:42:12,746 | server.py:232 | fit_round 8 received 15 results and 0 failures
INFO flwr 2024-02-25 22:42:59,248 | server.py:119 | fit progress: (8, 112.8855848312378, {'accuracy': 0.5718}, 1412.9529293259839)
DEBUG flwr 2024-02-25 22:42:59,248 | server.py:168 | evaluate_round 8: strategy sampled 15 clients (out of 50)
DEBUG flwr 2024-02-25 22:43:11,743 | server.py:182 | evaluate_round 8 received 15 results and 0 failures
DEBUG flwr 2024-02-25 22:43:11,743 | server.py:218 | fit_round 9: strategy sampled 15 clients (out of 50)
DEBUG flwr 2024-02-25 22:45:13,141 | server.py:232 | fit_round 9 received 15 results and 0 failures
INFO flwr 2024-02-25 22:45:51,331 | server.py:119 | fit progress: (9, 110.37981343269348, {'accuracy': 0.5873}, 1585.0364396519726)
DEBUG flwr 2024-02-25 22:45:51,331 | server.py:168 | evaluate_round 9: strategy sampled 15 clients (out of 50)
DEBUG flwr 2024-02-25 22:46:03,545 | server.py:182 | evaluate_round 9 received 15 results and 0 failures
DEBUG flwr 2024-02-25 22:46:03,545 | server.py:218 | fit_round 10: strategy sampled 15 clients (out of 50)
DEBUG flwr 2024-02-25 22:48:06,763 | server.py:232 | fit_round 10 received 15 results and 0 failures
INFO flwr 2024-02-25 22:48:47,507 | server.py:119 | fit progress: (10, 111.11295580863953, {'accuracy': 0.6}, 1761.2121798580047)
DEBUG flwr 2024-02-25 22:48:47,507 | server.py:168 | evaluate_round 10: strategy sampled 15 clients (out of 50)
DEBUG flwr 2024-02-25 22:48:59,304 | server.py:182 | evaluate_round 10 received 15 results and 0 failures
DEBUG flwr 2024-02-25 22:48:59,304 | server.py:218 | fit_round 11: strategy sampled 15 clients (out of 50)
DEBUG flwr 2024-02-25 22:50:59,274 | server.py:232 | fit_round 11 received 15 results and 0 failures
INFO flwr 2024-02-25 22:51:38,327 | server.py:119 | fit progress: (11, 169.64256882667542, {'accuracy': 0.5045}, 1932.032148087048)
DEBUG flwr 2024-02-25 22:51:38,327 | server.py:168 | evaluate_round 11: strategy sampled 15 clients (out of 50)
DEBUG flwr 2024-02-25 22:51:50,554 | server.py:182 | evaluate_round 11 received 15 results and 0 failures
DEBUG flwr 2024-02-25 22:51:50,555 | server.py:218 | fit_round 12: strategy sampled 15 clients (out of 50)
DEBUG flwr 2024-02-25 22:53:55,504 | server.py:232 | fit_round 12 received 15 results and 0 failures
INFO flwr 2024-02-25 22:54:34,463 | server.py:119 | fit progress: (12, 111.04332900047302, {'accuracy': 0.6046}, 2108.168419354013)
DEBUG flwr 2024-02-25 22:54:34,463 | server.py:168 | evaluate_round 12: strategy sampled 15 clients (out of 50)
DEBUG flwr 2024-02-25 22:54:46,705 | server.py:182 | evaluate_round 12 received 15 results and 0 failures
DEBUG flwr 2024-02-25 22:54:46,705 | server.py:218 | fit_round 13: strategy sampled 15 clients (out of 50)
DEBUG flwr 2024-02-25 22:56:50,226 | server.py:232 | fit_round 13 received 15 results and 0 failures
INFO flwr 2024-02-25 22:57:29,974 | server.py:119 | fit progress: (13, 114.94631856679916, {'accuracy': 0.6147}, 2283.6790659470716)
DEBUG flwr 2024-02-25 22:57:29,974 | server.py:168 | evaluate_round 13: strategy sampled 15 clients (out of 50)
DEBUG flwr 2024-02-25 22:57:41,971 | server.py:182 | evaluate_round 13 received 15 results and 0 failures
DEBUG flwr 2024-02-25 22:57:41,971 | server.py:218 | fit_round 14: strategy sampled 15 clients (out of 50)
DEBUG flwr 2024-02-25 22:59:44,291 | server.py:232 | fit_round 14 received 15 results and 0 failures
INFO flwr 2024-02-25 23:00:20,767 | server.py:119 | fit progress: (14, 107.37706983089447, {'accuracy': 0.6339}, 2454.47221981897)
DEBUG flwr 2024-02-25 23:00:20,767 | server.py:168 | evaluate_round 14: strategy sampled 15 clients (out of 50)
DEBUG flwr 2024-02-25 23:00:33,265 | server.py:182 | evaluate_round 14 received 15 results and 0 failures
DEBUG flwr 2024-02-25 23:00:33,265 | server.py:218 | fit_round 15: strategy sampled 15 clients (out of 50)
DEBUG flwr 2024-02-25 23:02:37,032 | server.py:232 | fit_round 15 received 15 results and 0 failures
INFO flwr 2024-02-25 23:03:15,117 | server.py:119 | fit progress: (15, 106.19517344236374, {'accuracy': 0.641}, 2628.822362156003)
DEBUG flwr 2024-02-25 23:03:15,117 | server.py:168 | evaluate_round 15: strategy sampled 15 clients (out of 50)
DEBUG flwr 2024-02-25 23:03:27,029 | server.py:182 | evaluate_round 15 received 15 results and 0 failures
DEBUG flwr 2024-02-25 23:03:27,030 | server.py:218 | fit_round 16: strategy sampled 15 clients (out of 50)
DEBUG flwr 2024-02-25 23:05:27,472 | server.py:232 | fit_round 16 received 15 results and 0 failures
INFO flwr 2024-02-25 23:06:06,937 | server.py:119 | fit progress: (16, 104.69993913173676, {'accuracy': 0.6412}, 2800.6423735159915)
DEBUG flwr 2024-02-25 23:06:06,937 | server.py:168 | evaluate_round 16: strategy sampled 15 clients (out of 50)
DEBUG flwr 2024-02-25 23:06:19,313 | server.py:182 | evaluate_round 16 received 15 results and 0 failures
DEBUG flwr 2024-02-25 23:06:19,314 | server.py:218 | fit_round 17: strategy sampled 15 clients (out of 50)
DEBUG flwr 2024-02-25 23:08:22,267 | server.py:232 | fit_round 17 received 15 results and 0 failures
INFO flwr 2024-02-25 23:09:00,525 | server.py:119 | fit progress: (17, 104.02285706996918, {'accuracy': 0.6424}, 2974.2303418540396)
DEBUG flwr 2024-02-25 23:09:00,525 | server.py:168 | evaluate_round 17: strategy sampled 15 clients (out of 50)
DEBUG flwr 2024-02-25 23:09:13,165 | server.py:182 | evaluate_round 17 received 15 results and 0 failures
DEBUG flwr 2024-02-25 23:09:13,165 | server.py:218 | fit_round 18: strategy sampled 15 clients (out of 50)
DEBUG flwr 2024-02-25 23:11:13,353 | server.py:232 | fit_round 18 received 15 results and 0 failures
INFO flwr 2024-02-25 23:11:54,200 | server.py:119 | fit progress: (18, 105.03541272878647, {'accuracy': 0.6389}, 3147.905408043065)
DEBUG flwr 2024-02-25 23:11:54,200 | server.py:168 | evaluate_round 18: strategy sampled 15 clients (out of 50)
DEBUG flwr 2024-02-25 23:12:06,813 | server.py:182 | evaluate_round 18 received 15 results and 0 failures
DEBUG flwr 2024-02-25 23:12:06,813 | server.py:218 | fit_round 19: strategy sampled 15 clients (out of 50)
DEBUG flwr 2024-02-25 23:14:08,626 | server.py:232 | fit_round 19 received 15 results and 0 failures
INFO flwr 2024-02-25 23:14:47,399 | server.py:119 | fit progress: (19, 104.62657952308655, {'accuracy': 0.6523}, 3321.104455993045)
DEBUG flwr 2024-02-25 23:14:47,399 | server.py:168 | evaluate_round 19: strategy sampled 15 clients (out of 50)
DEBUG flwr 2024-02-25 23:15:00,201 | server.py:182 | evaluate_round 19 received 15 results and 0 failures
DEBUG flwr 2024-02-25 23:15:00,201 | server.py:218 | fit_round 20: strategy sampled 15 clients (out of 50)
DEBUG flwr 2024-02-25 23:16:58,291 | server.py:232 | fit_round 20 received 15 results and 0 failures
INFO flwr 2024-02-25 23:17:36,784 | server.py:119 | fit progress: (20, 131.80308270454407, {'accuracy': 0.5778}, 3490.4888943480328)
DEBUG flwr 2024-02-25 23:17:36,784 | server.py:168 | evaluate_round 20: strategy sampled 15 clients (out of 50)
DEBUG flwr 2024-02-25 23:17:49,709 | server.py:182 | evaluate_round 20 received 15 results and 0 failures
DEBUG flwr 2024-02-25 23:17:49,709 | server.py:218 | fit_round 21: strategy sampled 15 clients (out of 50)
DEBUG flwr 2024-02-25 23:19:53,751 | server.py:232 | fit_round 21 received 15 results and 0 failures
INFO flwr 2024-02-25 23:20:33,217 | server.py:119 | fit progress: (21, 103.10809177160263, {'accuracy': 0.6383}, 3666.9227191190002)
DEBUG flwr 2024-02-25 23:20:33,218 | server.py:168 | evaluate_round 21: strategy sampled 15 clients (out of 50)
DEBUG flwr 2024-02-25 23:20:45,869 | server.py:182 | evaluate_round 21 received 15 results and 0 failures
DEBUG flwr 2024-02-25 23:20:45,869 | server.py:218 | fit_round 22: strategy sampled 15 clients (out of 50)
DEBUG flwr 2024-02-25 23:22:50,588 | server.py:232 | fit_round 22 received 15 results and 0 failures
INFO flwr 2024-02-25 23:23:30,279 | server.py:119 | fit progress: (22, 103.67318892478943, {'accuracy': 0.6493}, 3843.984752092976)
DEBUG flwr 2024-02-25 23:23:30,280 | server.py:168 | evaluate_round 22: strategy sampled 15 clients (out of 50)
DEBUG flwr 2024-02-25 23:23:42,891 | server.py:182 | evaluate_round 22 received 15 results and 0 failures
DEBUG flwr 2024-02-25 23:23:42,892 | server.py:218 | fit_round 23: strategy sampled 15 clients (out of 50)
DEBUG flwr 2024-02-25 23:25:46,713 | server.py:232 | fit_round 23 received 15 results and 0 failures
INFO flwr 2024-02-25 23:26:24,681 | server.py:119 | fit progress: (23, 102.82482880353928, {'accuracy': 0.6559}, 4018.3863221330103)
DEBUG flwr 2024-02-25 23:26:24,681 | server.py:168 | evaluate_round 23: strategy sampled 15 clients (out of 50)
DEBUG flwr 2024-02-25 23:26:37,200 | server.py:182 | evaluate_round 23 received 15 results and 0 failures
DEBUG flwr 2024-02-25 23:26:37,201 | server.py:218 | fit_round 24: strategy sampled 15 clients (out of 50)
DEBUG flwr 2024-02-25 23:28:37,564 | server.py:232 | fit_round 24 received 15 results and 0 failures
INFO flwr 2024-02-25 23:29:14,687 | server.py:119 | fit progress: (24, 104.70144015550613, {'accuracy': 0.6578}, 4188.392258716049)
DEBUG flwr 2024-02-25 23:29:14,687 | server.py:168 | evaluate_round 24: strategy sampled 15 clients (out of 50)
DEBUG flwr 2024-02-25 23:29:27,099 | server.py:182 | evaluate_round 24 received 15 results and 0 failures
DEBUG flwr 2024-02-25 23:29:27,100 | server.py:218 | fit_round 25: strategy sampled 15 clients (out of 50)
DEBUG flwr 2024-02-25 23:31:32,206 | server.py:232 | fit_round 25 received 15 results and 0 failures
INFO flwr 2024-02-25 23:32:13,354 | server.py:119 | fit progress: (25, 99.07367491722107, {'accuracy': 0.667}, 4367.059338264051)
DEBUG flwr 2024-02-25 23:32:13,354 | server.py:168 | evaluate_round 25: strategy sampled 15 clients (out of 50)
DEBUG flwr 2024-02-25 23:32:25,669 | server.py:182 | evaluate_round 25 received 15 results and 0 failures
DEBUG flwr 2024-02-25 23:32:25,670 | server.py:218 | fit_round 26: strategy sampled 15 clients (out of 50)
DEBUG flwr 2024-02-25 23:34:30,134 | server.py:232 | fit_round 26 received 15 results and 0 failures
INFO flwr 2024-02-25 23:35:08,833 | server.py:119 | fit progress: (26, 97.59168511629105, {'accuracy': 0.6727}, 4542.538039088016)
DEBUG flwr 2024-02-25 23:35:08,833 | server.py:168 | evaluate_round 26: strategy sampled 15 clients (out of 50)
DEBUG flwr 2024-02-25 23:35:21,229 | server.py:182 | evaluate_round 26 received 15 results and 0 failures
DEBUG flwr 2024-02-25 23:35:21,230 | server.py:218 | fit_round 27: strategy sampled 15 clients (out of 50)
DEBUG flwr 2024-02-25 23:37:23,819 | server.py:232 | fit_round 27 received 15 results and 0 failures
INFO flwr 2024-02-25 23:38:01,915 | server.py:119 | fit progress: (27, 98.44000083208084, {'accuracy': 0.6695}, 4715.620255438029)
DEBUG flwr 2024-02-25 23:38:01,915 | server.py:168 | evaluate_round 27: strategy sampled 15 clients (out of 50)
DEBUG flwr 2024-02-25 23:38:14,110 | server.py:182 | evaluate_round 27 received 15 results and 0 failures
DEBUG flwr 2024-02-25 23:38:14,110 | server.py:218 | fit_round 28: strategy sampled 15 clients (out of 50)
DEBUG flwr 2024-02-25 23:40:20,037 | server.py:232 | fit_round 28 received 15 results and 0 failures
INFO flwr 2024-02-25 23:40:56,488 | server.py:119 | fit progress: (28, 97.55809116363525, {'accuracy': 0.6736}, 4890.193164346041)
DEBUG flwr 2024-02-25 23:40:56,488 | server.py:168 | evaluate_round 28: strategy sampled 15 clients (out of 50)
DEBUG flwr 2024-02-25 23:41:08,814 | server.py:182 | evaluate_round 28 received 15 results and 0 failures
DEBUG flwr 2024-02-25 23:41:08,814 | server.py:218 | fit_round 29: strategy sampled 15 clients (out of 50)
DEBUG flwr 2024-02-25 23:43:12,227 | server.py:232 | fit_round 29 received 15 results and 0 failures
INFO flwr 2024-02-25 23:43:50,830 | server.py:119 | fit progress: (29, 98.03285700082779, {'accuracy': 0.6774}, 5064.535557250027)
DEBUG flwr 2024-02-25 23:43:50,830 | server.py:168 | evaluate_round 29: strategy sampled 15 clients (out of 50)
DEBUG flwr 2024-02-25 23:44:02,999 | server.py:182 | evaluate_round 29 received 15 results and 0 failures
DEBUG flwr 2024-02-25 23:44:03,000 | server.py:218 | fit_round 30: strategy sampled 15 clients (out of 50)
DEBUG flwr 2024-02-25 23:46:04,260 | server.py:232 | fit_round 30 received 15 results and 0 failures
INFO flwr 2024-02-25 23:46:41,622 | server.py:119 | fit progress: (30, 98.78346359729767, {'accuracy': 0.6752}, 5235.32783561002)
DEBUG flwr 2024-02-25 23:46:41,623 | server.py:168 | evaluate_round 30: strategy sampled 15 clients (out of 50)
DEBUG flwr 2024-02-25 23:46:54,153 | server.py:182 | evaluate_round 30 received 15 results and 0 failures
DEBUG flwr 2024-02-25 23:46:54,153 | server.py:218 | fit_round 31: strategy sampled 15 clients (out of 50)
DEBUG flwr 2024-02-25 23:48:56,468 | server.py:232 | fit_round 31 received 15 results and 0 failures
INFO flwr 2024-02-25 23:49:36,116 | server.py:119 | fit progress: (31, 97.09780162572861, {'accuracy': 0.6763}, 5409.821388866985)
DEBUG flwr 2024-02-25 23:49:36,116 | server.py:168 | evaluate_round 31: strategy sampled 15 clients (out of 50)
DEBUG flwr 2024-02-25 23:49:48,185 | server.py:182 | evaluate_round 31 received 15 results and 0 failures
DEBUG flwr 2024-02-25 23:49:48,185 | server.py:218 | fit_round 32: strategy sampled 15 clients (out of 50)
DEBUG flwr 2024-02-25 23:51:49,650 | server.py:232 | fit_round 32 received 15 results and 0 failures
INFO flwr 2024-02-25 23:52:27,361 | server.py:119 | fit progress: (32, 130.5539773106575, {'accuracy': 0.6011}, 5581.066271443036)
DEBUG flwr 2024-02-25 23:52:27,361 | server.py:168 | evaluate_round 32: strategy sampled 15 clients (out of 50)
DEBUG flwr 2024-02-25 23:52:39,923 | server.py:182 | evaluate_round 32 received 15 results and 0 failures
DEBUG flwr 2024-02-25 23:52:39,924 | server.py:218 | fit_round 33: strategy sampled 15 clients (out of 50)
DEBUG flwr 2024-02-25 23:54:42,504 | server.py:232 | fit_round 33 received 15 results and 0 failures
INFO flwr 2024-02-25 23:55:19,148 | server.py:119 | fit progress: (33, 97.90605556964874, {'accuracy': 0.6675}, 5752.853225533967)
DEBUG flwr 2024-02-25 23:55:19,148 | server.py:168 | evaluate_round 33: strategy sampled 15 clients (out of 50)
DEBUG flwr 2024-02-25 23:55:31,637 | server.py:182 | evaluate_round 33 received 15 results and 0 failures
DEBUG flwr 2024-02-25 23:55:31,638 | server.py:218 | fit_round 34: strategy sampled 15 clients (out of 50)
DEBUG flwr 2024-02-25 23:57:37,152 | server.py:232 | fit_round 34 received 15 results and 0 failures
INFO flwr 2024-02-25 23:58:15,920 | server.py:119 | fit progress: (34, 99.51749855279922, {'accuracy': 0.6743}, 5929.625444406061)
DEBUG flwr 2024-02-25 23:58:15,920 | server.py:168 | evaluate_round 34: strategy sampled 15 clients (out of 50)
DEBUG flwr 2024-02-25 23:58:28,473 | server.py:182 | evaluate_round 34 received 15 results and 0 failures
DEBUG flwr 2024-02-25 23:58:28,473 | server.py:218 | fit_round 35: strategy sampled 15 clients (out of 50)
DEBUG flwr 2024-02-26 00:00:30,520 | server.py:232 | fit_round 35 received 15 results and 0 failures
INFO flwr 2024-02-26 00:01:08,444 | server.py:119 | fit progress: (35, 98.23765110969543, {'accuracy': 0.6811}, 6102.149611170986)
DEBUG flwr 2024-02-26 00:01:08,444 | server.py:168 | evaluate_round 35: strategy sampled 15 clients (out of 50)
DEBUG flwr 2024-02-26 00:01:20,936 | server.py:182 | evaluate_round 35 received 15 results and 0 failures
DEBUG flwr 2024-02-26 00:01:20,937 | server.py:218 | fit_round 36: strategy sampled 15 clients (out of 50)
DEBUG flwr 2024-02-26 00:03:21,623 | server.py:232 | fit_round 36 received 15 results and 0 failures
INFO flwr 2024-02-26 00:03:59,333 | server.py:119 | fit progress: (36, 99.05468934774399, {'accuracy': 0.679}, 6273.0383095400175)
DEBUG flwr 2024-02-26 00:03:59,333 | server.py:168 | evaluate_round 36: strategy sampled 15 clients (out of 50)
DEBUG flwr 2024-02-26 00:04:11,941 | server.py:182 | evaluate_round 36 received 15 results and 0 failures
DEBUG flwr 2024-02-26 00:04:11,941 | server.py:218 | fit_round 37: strategy sampled 15 clients (out of 50)
DEBUG flwr 2024-02-26 00:06:11,924 | server.py:232 | fit_round 37 received 15 results and 0 failures
INFO flwr 2024-02-26 00:06:48,760 | server.py:119 | fit progress: (37, 98.57463896274567, {'accuracy': 0.6821}, 6442.46529621107)
DEBUG flwr 2024-02-26 00:06:48,760 | server.py:168 | evaluate_round 37: strategy sampled 15 clients (out of 50)
DEBUG flwr 2024-02-26 00:07:01,004 | server.py:182 | evaluate_round 37 received 15 results and 0 failures
DEBUG flwr 2024-02-26 00:07:01,004 | server.py:218 | fit_round 38: strategy sampled 15 clients (out of 50)
DEBUG flwr 2024-02-26 00:09:02,711 | server.py:232 | fit_round 38 received 15 results and 0 failures
INFO flwr 2024-02-26 00:09:41,281 | server.py:119 | fit progress: (38, 96.16228792071342, {'accuracy': 0.6885}, 6614.986210217001)
DEBUG flwr 2024-02-26 00:09:41,281 | server.py:168 | evaluate_round 38: strategy sampled 15 clients (out of 50)
DEBUG flwr 2024-02-26 00:09:53,616 | server.py:182 | evaluate_round 38 received 15 results and 0 failures
DEBUG flwr 2024-02-26 00:09:53,617 | server.py:218 | fit_round 39: strategy sampled 15 clients (out of 50)
DEBUG flwr 2024-02-26 00:11:56,377 | server.py:232 | fit_round 39 received 15 results and 0 failures
INFO flwr 2024-02-26 00:12:36,324 | server.py:119 | fit progress: (39, 95.67159330844879, {'accuracy': 0.6836}, 6790.029236313072)
DEBUG flwr 2024-02-26 00:12:36,324 | server.py:168 | evaluate_round 39: strategy sampled 15 clients (out of 50)
DEBUG flwr 2024-02-26 00:12:48,741 | server.py:182 | evaluate_round 39 received 15 results and 0 failures
DEBUG flwr 2024-02-26 00:12:48,741 | server.py:218 | fit_round 40: strategy sampled 15 clients (out of 50)
DEBUG flwr 2024-02-26 00:14:53,884 | server.py:232 | fit_round 40 received 15 results and 0 failures
INFO flwr 2024-02-26 00:15:32,833 | server.py:119 | fit progress: (40, 102.25890749692917, {'accuracy': 0.6849}, 6966.538719646051)
DEBUG flwr 2024-02-26 00:15:32,834 | server.py:168 | evaluate_round 40: strategy sampled 15 clients (out of 50)
DEBUG flwr 2024-02-26 00:15:45,342 | server.py:182 | evaluate_round 40 received 15 results and 0 failures
DEBUG flwr 2024-02-26 00:15:45,342 | server.py:218 | fit_round 41: strategy sampled 15 clients (out of 50)
DEBUG flwr 2024-02-26 00:17:45,392 | server.py:232 | fit_round 41 received 15 results and 0 failures
INFO flwr 2024-02-26 00:18:23,514 | server.py:119 | fit progress: (41, 105.9503852725029, {'accuracy': 0.6848}, 7137.219084648066)
DEBUG flwr 2024-02-26 00:18:23,514 | server.py:168 | evaluate_round 41: strategy sampled 15 clients (out of 50)
DEBUG flwr 2024-02-26 00:18:35,491 | server.py:182 | evaluate_round 41 received 15 results and 0 failures
DEBUG flwr 2024-02-26 00:18:35,492 | server.py:218 | fit_round 42: strategy sampled 15 clients (out of 50)
DEBUG flwr 2024-02-26 00:20:38,821 | server.py:232 | fit_round 42 received 15 results and 0 failures
INFO flwr 2024-02-26 00:21:16,092 | server.py:119 | fit progress: (42, 98.74721491336823, {'accuracy': 0.6879}, 7309.796936442028)
DEBUG flwr 2024-02-26 00:21:16,092 | server.py:168 | evaluate_round 42: strategy sampled 15 clients (out of 50)
DEBUG flwr 2024-02-26 00:21:28,631 | server.py:182 | evaluate_round 42 received 15 results and 0 failures
DEBUG flwr 2024-02-26 00:21:28,632 | server.py:218 | fit_round 43: strategy sampled 15 clients (out of 50)
DEBUG flwr 2024-02-26 00:23:28,205 | server.py:232 | fit_round 43 received 15 results and 0 failures
INFO flwr 2024-02-26 00:24:05,873 | server.py:119 | fit progress: (43, 106.08003297448158, {'accuracy': 0.6864}, 7479.57811386406)
DEBUG flwr 2024-02-26 00:24:05,873 | server.py:168 | evaluate_round 43: strategy sampled 15 clients (out of 50)
DEBUG flwr 2024-02-26 00:24:18,127 | server.py:182 | evaluate_round 43 received 15 results and 0 failures
DEBUG flwr 2024-02-26 00:24:18,128 | server.py:218 | fit_round 44: strategy sampled 15 clients (out of 50)
DEBUG flwr 2024-02-26 00:26:23,999 | server.py:232 | fit_round 44 received 15 results and 0 failures
INFO flwr 2024-02-26 00:26:59,677 | server.py:119 | fit progress: (44, 104.11962866783142, {'accuracy': 0.686}, 7653.382673803018)
DEBUG flwr 2024-02-26 00:26:59,678 | server.py:168 | evaluate_round 44: strategy sampled 15 clients (out of 50)
DEBUG flwr 2024-02-26 00:27:11,906 | server.py:182 | evaluate_round 44 received 15 results and 0 failures
DEBUG flwr 2024-02-26 00:27:11,906 | server.py:218 | fit_round 45: strategy sampled 15 clients (out of 50)
DEBUG flwr 2024-02-26 00:29:13,872 | server.py:232 | fit_round 45 received 15 results and 0 failures
INFO flwr 2024-02-26 00:29:52,279 | server.py:119 | fit progress: (45, 150.9459663629532, {'accuracy': 0.619}, 7825.983886257978)
DEBUG flwr 2024-02-26 00:29:52,279 | server.py:168 | evaluate_round 45: strategy sampled 15 clients (out of 50)
DEBUG flwr 2024-02-26 00:30:04,685 | server.py:182 | evaluate_round 45 received 15 results and 0 failures
DEBUG flwr 2024-02-26 00:30:04,686 | server.py:218 | fit_round 46: strategy sampled 15 clients (out of 50)
DEBUG flwr 2024-02-26 00:32:07,666 | server.py:232 | fit_round 46 received 15 results and 0 failures
INFO flwr 2024-02-26 00:32:46,293 | server.py:119 | fit progress: (46, 95.88849750161171, {'accuracy': 0.682}, 7999.998562938068)
DEBUG flwr 2024-02-26 00:32:46,293 | server.py:168 | evaluate_round 46: strategy sampled 15 clients (out of 50)
DEBUG flwr 2024-02-26 00:32:58,678 | server.py:182 | evaluate_round 46 received 15 results and 0 failures
DEBUG flwr 2024-02-26 00:32:58,679 | server.py:218 | fit_round 47: strategy sampled 15 clients (out of 50)
DEBUG flwr 2024-02-26 00:35:00,708 | server.py:232 | fit_round 47 received 15 results and 0 failures
INFO flwr 2024-02-26 00:35:38,725 | server.py:119 | fit progress: (47, 106.5690787434578, {'accuracy': 0.6841}, 8172.4299233959755)
DEBUG flwr 2024-02-26 00:35:38,725 | server.py:168 | evaluate_round 47: strategy sampled 15 clients (out of 50)
DEBUG flwr 2024-02-26 00:35:51,023 | server.py:182 | evaluate_round 47 received 15 results and 0 failures
DEBUG flwr 2024-02-26 00:35:51,024 | server.py:218 | fit_round 48: strategy sampled 15 clients (out of 50)
DEBUG flwr 2024-02-26 00:37:51,541 | server.py:232 | fit_round 48 received 15 results and 0 failures
INFO flwr 2024-02-26 00:38:29,280 | server.py:119 | fit progress: (48, 105.94873231649399, {'accuracy': 0.6851}, 8342.984894366004)
DEBUG flwr 2024-02-26 00:38:29,280 | server.py:168 | evaluate_round 48: strategy sampled 15 clients (out of 50)
DEBUG flwr 2024-02-26 00:38:41,440 | server.py:182 | evaluate_round 48 received 15 results and 0 failures
DEBUG flwr 2024-02-26 00:38:41,440 | server.py:218 | fit_round 49: strategy sampled 15 clients (out of 50)
DEBUG flwr 2024-02-26 00:40:43,882 | server.py:232 | fit_round 49 received 15 results and 0 failures
INFO flwr 2024-02-26 00:41:22,015 | server.py:119 | fit progress: (49, 110.64943417906761, {'accuracy': 0.6819}, 8515.720608241973)
DEBUG flwr 2024-02-26 00:41:22,016 | server.py:168 | evaluate_round 49: strategy sampled 15 clients (out of 50)
DEBUG flwr 2024-02-26 00:41:34,264 | server.py:182 | evaluate_round 49 received 15 results and 0 failures
DEBUG flwr 2024-02-26 00:41:34,264 | server.py:218 | fit_round 50: strategy sampled 15 clients (out of 50)
DEBUG flwr 2024-02-26 00:43:36,948 | server.py:232 | fit_round 50 received 15 results and 0 failures
INFO flwr 2024-02-26 00:44:14,381 | server.py:119 | fit progress: (50, 105.45281466841698, {'accuracy': 0.6822}, 8688.086739709019)
DEBUG flwr 2024-02-26 00:44:14,382 | server.py:168 | evaluate_round 50: strategy sampled 15 clients (out of 50)
DEBUG flwr 2024-02-26 00:44:26,858 | server.py:182 | evaluate_round 50 received 15 results and 0 failures
DEBUG flwr 2024-02-26 00:44:26,858 | server.py:218 | fit_round 51: strategy sampled 15 clients (out of 50)
DEBUG flwr 2024-02-26 00:46:29,674 | server.py:232 | fit_round 51 received 15 results and 0 failures
INFO flwr 2024-02-26 00:47:06,250 | server.py:119 | fit progress: (51, 109.65758293867111, {'accuracy': 0.683}, 8859.95544441801)
DEBUG flwr 2024-02-26 00:47:06,250 | server.py:168 | evaluate_round 51: strategy sampled 15 clients (out of 50)
DEBUG flwr 2024-02-26 00:47:18,679 | server.py:182 | evaluate_round 51 received 15 results and 0 failures
DEBUG flwr 2024-02-26 00:47:18,680 | server.py:218 | fit_round 52: strategy sampled 15 clients (out of 50)
DEBUG flwr 2024-02-26 00:49:23,991 | server.py:232 | fit_round 52 received 15 results and 0 failures
INFO flwr 2024-02-26 00:50:01,268 | server.py:119 | fit progress: (52, 104.98397493362427, {'accuracy': 0.6859}, 9034.973458484048)
DEBUG flwr 2024-02-26 00:50:01,268 | server.py:168 | evaluate_round 52: strategy sampled 15 clients (out of 50)
DEBUG flwr 2024-02-26 00:50:13,778 | server.py:182 | evaluate_round 52 received 15 results and 0 failures
DEBUG flwr 2024-02-26 00:50:13,778 | server.py:218 | fit_round 53: strategy sampled 15 clients (out of 50)
DEBUG flwr 2024-02-26 00:52:14,365 | server.py:232 | fit_round 53 received 15 results and 0 failures
INFO flwr 2024-02-26 00:52:52,034 | server.py:119 | fit progress: (53, 109.23509758710861, {'accuracy': 0.6857}, 9205.739823543001)
DEBUG flwr 2024-02-26 00:52:52,035 | server.py:168 | evaluate_round 53: strategy sampled 15 clients (out of 50)
DEBUG flwr 2024-02-26 00:53:04,265 | server.py:182 | evaluate_round 53 received 15 results and 0 failures
DEBUG flwr 2024-02-26 00:53:04,266 | server.py:218 | fit_round 54: strategy sampled 15 clients (out of 50)
DEBUG flwr 2024-02-26 00:55:10,242 | server.py:232 | fit_round 54 received 15 results and 0 failures
INFO flwr 2024-02-26 00:55:48,508 | server.py:119 | fit progress: (54, 109.22750812768936, {'accuracy': 0.6862}, 9382.212992144981)
DEBUG flwr 2024-02-26 00:55:48,508 | server.py:168 | evaluate_round 54: strategy sampled 15 clients (out of 50)
DEBUG flwr 2024-02-26 00:56:00,506 | server.py:182 | evaluate_round 54 received 15 results and 0 failures
DEBUG flwr 2024-02-26 00:56:00,507 | server.py:218 | fit_round 55: strategy sampled 15 clients (out of 50)
DEBUG flwr 2024-02-26 00:58:03,510 | server.py:232 | fit_round 55 received 15 results and 0 failures
INFO flwr 2024-02-26 00:58:39,668 | server.py:119 | fit progress: (55, 111.42760628461838, {'accuracy': 0.692}, 9553.373823689995)
DEBUG flwr 2024-02-26 00:58:39,669 | server.py:168 | evaluate_round 55: strategy sampled 15 clients (out of 50)
DEBUG flwr 2024-02-26 00:58:51,523 | server.py:182 | evaluate_round 55 received 15 results and 0 failures
DEBUG flwr 2024-02-26 00:58:51,524 | server.py:218 | fit_round 56: strategy sampled 15 clients (out of 50)
DEBUG flwr 2024-02-26 01:00:50,728 | server.py:232 | fit_round 56 received 15 results and 0 failures
INFO flwr 2024-02-26 01:01:28,433 | server.py:119 | fit progress: (56, 114.0439423918724, {'accuracy': 0.6861}, 9722.138398436015)
DEBUG flwr 2024-02-26 01:01:28,433 | server.py:168 | evaluate_round 56: strategy sampled 15 clients (out of 50)
DEBUG flwr 2024-02-26 01:01:40,742 | server.py:182 | evaluate_round 56 received 15 results and 0 failures
DEBUG flwr 2024-02-26 01:01:40,743 | server.py:218 | fit_round 57: strategy sampled 15 clients (out of 50)
DEBUG flwr 2024-02-26 01:03:44,379 | server.py:232 | fit_round 57 received 15 results and 0 failures
INFO flwr 2024-02-26 01:04:21,690 | server.py:119 | fit progress: (57, 111.77642261981964, {'accuracy': 0.6844}, 9895.395445598057)
DEBUG flwr 2024-02-26 01:04:21,690 | server.py:168 | evaluate_round 57: strategy sampled 15 clients (out of 50)
DEBUG flwr 2024-02-26 01:04:33,519 | server.py:182 | evaluate_round 57 received 15 results and 0 failures
DEBUG flwr 2024-02-26 01:04:33,520 | server.py:218 | fit_round 58: strategy sampled 15 clients (out of 50)
DEBUG flwr 2024-02-26 01:06:33,926 | server.py:232 | fit_round 58 received 15 results and 0 failures
INFO flwr 2024-02-26 01:07:11,618 | server.py:119 | fit progress: (58, 113.35328084230423, {'accuracy': 0.6923}, 10065.323519646074)
DEBUG flwr 2024-02-26 01:07:11,618 | server.py:168 | evaluate_round 58: strategy sampled 15 clients (out of 50)
DEBUG flwr 2024-02-26 01:07:23,763 | server.py:182 | evaluate_round 58 received 15 results and 0 failures
DEBUG flwr 2024-02-26 01:07:23,764 | server.py:218 | fit_round 59: strategy sampled 15 clients (out of 50)
DEBUG flwr 2024-02-26 01:09:25,175 | server.py:232 | fit_round 59 received 15 results and 0 failures
INFO flwr 2024-02-26 01:10:05,120 | server.py:119 | fit progress: (59, 119.06421673297882, {'accuracy': 0.6927}, 10238.825230633025)
DEBUG flwr 2024-02-26 01:10:05,120 | server.py:168 | evaluate_round 59: strategy sampled 15 clients (out of 50)
DEBUG flwr 2024-02-26 01:10:17,316 | server.py:182 | evaluate_round 59 received 15 results and 0 failures
DEBUG flwr 2024-02-26 01:10:17,316 | server.py:218 | fit_round 60: strategy sampled 15 clients (out of 50)
DEBUG flwr 2024-02-26 01:12:22,004 | server.py:232 | fit_round 60 received 15 results and 0 failures
INFO flwr 2024-02-26 01:12:58,263 | server.py:119 | fit progress: (60, 117.12886017560959, {'accuracy': 0.6894}, 10411.967873743968)
DEBUG flwr 2024-02-26 01:12:58,263 | server.py:168 | evaluate_round 60: strategy sampled 15 clients (out of 50)
DEBUG flwr 2024-02-26 01:13:10,759 | server.py:182 | evaluate_round 60 received 15 results and 0 failures
DEBUG flwr 2024-02-26 01:13:10,759 | server.py:218 | fit_round 61: strategy sampled 15 clients (out of 50)
DEBUG flwr 2024-02-26 01:15:12,592 | server.py:232 | fit_round 61 received 15 results and 0 failures
INFO flwr 2024-02-26 01:15:48,676 | server.py:119 | fit progress: (61, 109.13641107082367, {'accuracy': 0.6911}, 10582.381826151977)
DEBUG flwr 2024-02-26 01:15:48,677 | server.py:168 | evaluate_round 61: strategy sampled 15 clients (out of 50)
DEBUG flwr 2024-02-26 01:16:00,988 | server.py:182 | evaluate_round 61 received 15 results and 0 failures
DEBUG flwr 2024-02-26 01:16:00,988 | server.py:218 | fit_round 62: strategy sampled 15 clients (out of 50)
DEBUG flwr 2024-02-26 01:18:03,376 | server.py:232 | fit_round 62 received 15 results and 0 failures
INFO flwr 2024-02-26 01:18:43,178 | server.py:119 | fit progress: (62, 120.59364515542984, {'accuracy': 0.6826}, 10756.883516823058)
DEBUG flwr 2024-02-26 01:18:43,178 | server.py:168 | evaluate_round 62: strategy sampled 15 clients (out of 50)
DEBUG flwr 2024-02-26 01:18:55,332 | server.py:182 | evaluate_round 62 received 15 results and 0 failures
DEBUG flwr 2024-02-26 01:18:55,332 | server.py:218 | fit_round 63: strategy sampled 15 clients (out of 50)
DEBUG flwr 2024-02-26 01:20:57,560 | server.py:232 | fit_round 63 received 15 results and 0 failures
INFO flwr 2024-02-26 01:21:37,332 | server.py:119 | fit progress: (63, 119.4862864613533, {'accuracy': 0.689}, 10931.037197569967)
DEBUG flwr 2024-02-26 01:21:37,332 | server.py:168 | evaluate_round 63: strategy sampled 15 clients (out of 50)
DEBUG flwr 2024-02-26 01:21:49,655 | server.py:182 | evaluate_round 63 received 15 results and 0 failures
DEBUG flwr 2024-02-26 01:21:49,656 | server.py:218 | fit_round 64: strategy sampled 15 clients (out of 50)
DEBUG flwr 2024-02-26 01:23:50,924 | server.py:232 | fit_round 64 received 15 results and 0 failures
INFO flwr 2024-02-26 01:24:28,795 | server.py:119 | fit progress: (64, 116.81403875350952, {'accuracy': 0.6915}, 11102.500750030973)
DEBUG flwr 2024-02-26 01:24:28,796 | server.py:168 | evaluate_round 64: strategy sampled 15 clients (out of 50)
DEBUG flwr 2024-02-26 01:24:40,948 | server.py:182 | evaluate_round 64 received 15 results and 0 failures
DEBUG flwr 2024-02-26 01:24:40,948 | server.py:218 | fit_round 65: strategy sampled 15 clients (out of 50)
DEBUG flwr 2024-02-26 01:26:41,529 | server.py:232 | fit_round 65 received 15 results and 0 failures
INFO flwr 2024-02-26 01:27:20,874 | server.py:119 | fit progress: (65, 123.24532425403595, {'accuracy': 0.6871}, 11274.579185622046)
DEBUG flwr 2024-02-26 01:27:20,874 | server.py:168 | evaluate_round 65: strategy sampled 15 clients (out of 50)
DEBUG flwr 2024-02-26 01:27:33,510 | server.py:182 | evaluate_round 65 received 15 results and 0 failures
DEBUG flwr 2024-02-26 01:27:33,511 | server.py:218 | fit_round 66: strategy sampled 15 clients (out of 50)
DEBUG flwr 2024-02-26 01:29:37,423 | server.py:232 | fit_round 66 received 15 results and 0 failures
INFO flwr 2024-02-26 01:30:13,928 | server.py:119 | fit progress: (66, 124.68962073326111, {'accuracy': 0.6884}, 11447.633623208036)
DEBUG flwr 2024-02-26 01:30:13,929 | server.py:168 | evaluate_round 66: strategy sampled 15 clients (out of 50)
DEBUG flwr 2024-02-26 01:30:26,486 | server.py:182 | evaluate_round 66 received 15 results and 0 failures
DEBUG flwr 2024-02-26 01:30:26,487 | server.py:218 | fit_round 67: strategy sampled 15 clients (out of 50)
DEBUG flwr 2024-02-26 01:32:26,415 | server.py:232 | fit_round 67 received 15 results and 0 failures
INFO flwr 2024-02-26 01:33:02,438 | server.py:119 | fit progress: (67, 127.89793354272842, {'accuracy': 0.6875}, 11616.143393964972)
DEBUG flwr 2024-02-26 01:33:02,438 | server.py:168 | evaluate_round 67: strategy sampled 15 clients (out of 50)
DEBUG flwr 2024-02-26 01:33:14,620 | server.py:182 | evaluate_round 67 received 15 results and 0 failures
DEBUG flwr 2024-02-26 01:33:14,620 | server.py:218 | fit_round 68: strategy sampled 15 clients (out of 50)
DEBUG flwr 2024-02-26 01:35:14,608 | server.py:232 | fit_round 68 received 15 results and 0 failures
INFO flwr 2024-02-26 01:35:54,642 | server.py:119 | fit progress: (68, 124.98651820421219, {'accuracy': 0.6862}, 11788.347422705963)
DEBUG flwr 2024-02-26 01:35:54,642 | server.py:168 | evaluate_round 68: strategy sampled 15 clients (out of 50)
DEBUG flwr 2024-02-26 01:36:06,990 | server.py:182 | evaluate_round 68 received 15 results and 0 failures
DEBUG flwr 2024-02-26 01:36:06,990 | server.py:218 | fit_round 69: strategy sampled 15 clients (out of 50)
DEBUG flwr 2024-02-26 01:38:09,118 | server.py:232 | fit_round 69 received 15 results and 0 failures
INFO flwr 2024-02-26 01:38:48,752 | server.py:119 | fit progress: (69, 131.31786739826202, {'accuracy': 0.686}, 11962.457562778029)
DEBUG flwr 2024-02-26 01:38:48,752 | server.py:168 | evaluate_round 69: strategy sampled 15 clients (out of 50)
DEBUG flwr 2024-02-26 01:39:01,349 | server.py:182 | evaluate_round 69 received 15 results and 0 failures
DEBUG flwr 2024-02-26 01:39:01,349 | server.py:218 | fit_round 70: strategy sampled 15 clients (out of 50)
DEBUG flwr 2024-02-26 01:41:05,397 | server.py:232 | fit_round 70 received 15 results and 0 failures
INFO flwr 2024-02-26 01:41:43,912 | server.py:119 | fit progress: (70, 126.764215528965, {'accuracy': 0.6901}, 12137.617663174053)
DEBUG flwr 2024-02-26 01:41:43,913 | server.py:168 | evaluate_round 70: strategy sampled 15 clients (out of 50)
DEBUG flwr 2024-02-26 01:41:56,418 | server.py:182 | evaluate_round 70 received 15 results and 0 failures
DEBUG flwr 2024-02-26 01:41:56,418 | server.py:218 | fit_round 71: strategy sampled 15 clients (out of 50)
DEBUG flwr 2024-02-26 01:43:58,141 | server.py:232 | fit_round 71 received 15 results and 0 failures
INFO flwr 2024-02-26 01:44:36,865 | server.py:119 | fit progress: (71, 129.66697651147842, {'accuracy': 0.6875}, 12310.570627007051)
DEBUG flwr 2024-02-26 01:44:36,866 | server.py:168 | evaluate_round 71: strategy sampled 15 clients (out of 50)
DEBUG flwr 2024-02-26 01:44:48,930 | server.py:182 | evaluate_round 71 received 15 results and 0 failures
DEBUG flwr 2024-02-26 01:44:48,931 | server.py:218 | fit_round 72: strategy sampled 15 clients (out of 50)
DEBUG flwr 2024-02-26 01:46:50,711 | server.py:232 | fit_round 72 received 15 results and 0 failures
INFO flwr 2024-02-26 01:47:28,261 | server.py:119 | fit progress: (72, 128.42684936523438, {'accuracy': 0.6859}, 12481.966399188037)
DEBUG flwr 2024-02-26 01:47:28,261 | server.py:168 | evaluate_round 72: strategy sampled 15 clients (out of 50)
DEBUG flwr 2024-02-26 01:47:40,421 | server.py:182 | evaluate_round 72 received 15 results and 0 failures
DEBUG flwr 2024-02-26 01:47:40,421 | server.py:218 | fit_round 73: strategy sampled 15 clients (out of 50)
DEBUG flwr 2024-02-26 01:49:42,599 | server.py:232 | fit_round 73 received 15 results and 0 failures
INFO flwr 2024-02-26 01:50:19,796 | server.py:119 | fit progress: (73, 131.21659690141678, {'accuracy': 0.6852}, 12653.501771269017)
DEBUG flwr 2024-02-26 01:50:19,797 | server.py:168 | evaluate_round 73: strategy sampled 15 clients (out of 50)
DEBUG flwr 2024-02-26 01:50:32,548 | server.py:182 | evaluate_round 73 received 15 results and 0 failures
DEBUG flwr 2024-02-26 01:50:32,548 | server.py:218 | fit_round 74: strategy sampled 15 clients (out of 50)
DEBUG flwr 2024-02-26 01:52:35,938 | server.py:232 | fit_round 74 received 15 results and 0 failures
INFO flwr 2024-02-26 01:53:11,838 | server.py:119 | fit progress: (74, 138.4394657611847, {'accuracy': 0.681}, 12825.543342128978)
DEBUG flwr 2024-02-26 01:53:11,838 | server.py:168 | evaluate_round 74: strategy sampled 15 clients (out of 50)
DEBUG flwr 2024-02-26 01:53:24,464 | server.py:182 | evaluate_round 74 received 15 results and 0 failures
DEBUG flwr 2024-02-26 01:53:24,465 | server.py:218 | fit_round 75: strategy sampled 15 clients (out of 50)
DEBUG flwr 2024-02-26 01:55:27,621 | server.py:232 | fit_round 75 received 15 results and 0 failures
INFO flwr 2024-02-26 01:56:06,882 | server.py:119 | fit progress: (75, 136.01031321287155, {'accuracy': 0.6854}, 13000.587449971004)
DEBUG flwr 2024-02-26 01:56:06,882 | server.py:168 | evaluate_round 75: strategy sampled 15 clients (out of 50)
DEBUG flwr 2024-02-26 01:56:18,937 | server.py:182 | evaluate_round 75 received 15 results and 0 failures
DEBUG flwr 2024-02-26 01:56:18,938 | server.py:218 | fit_round 76: strategy sampled 15 clients (out of 50)
DEBUG flwr 2024-02-26 01:58:19,883 | server.py:232 | fit_round 76 received 15 results and 0 failures
INFO flwr 2024-02-26 01:58:58,928 | server.py:119 | fit progress: (76, 136.2580373287201, {'accuracy': 0.6918}, 13172.632876169984)
DEBUG flwr 2024-02-26 01:58:58,928 | server.py:168 | evaluate_round 76: strategy sampled 15 clients (out of 50)
DEBUG flwr 2024-02-26 01:59:10,742 | server.py:182 | evaluate_round 76 received 15 results and 0 failures
DEBUG flwr 2024-02-26 01:59:10,742 | server.py:218 | fit_round 77: strategy sampled 15 clients (out of 50)
DEBUG flwr 2024-02-26 02:01:12,966 | server.py:232 | fit_round 77 received 15 results and 0 failures
INFO flwr 2024-02-26 02:01:53,116 | server.py:119 | fit progress: (77, 139.4618866443634, {'accuracy': 0.6873}, 13346.821477386053)
DEBUG flwr 2024-02-26 02:01:53,116 | server.py:168 | evaluate_round 77: strategy sampled 15 clients (out of 50)
DEBUG flwr 2024-02-26 02:02:05,160 | server.py:182 | evaluate_round 77 received 15 results and 0 failures
DEBUG flwr 2024-02-26 02:02:05,160 | server.py:218 | fit_round 78: strategy sampled 15 clients (out of 50)
DEBUG flwr 2024-02-26 02:04:06,924 | server.py:232 | fit_round 78 received 15 results and 0 failures
INFO flwr 2024-02-26 02:04:44,864 | server.py:119 | fit progress: (78, 139.55869579315186, {'accuracy': 0.6863}, 13518.569538344978)
DEBUG flwr 2024-02-26 02:04:44,865 | server.py:168 | evaluate_round 78: strategy sampled 15 clients (out of 50)
DEBUG flwr 2024-02-26 02:04:57,303 | server.py:182 | evaluate_round 78 received 15 results and 0 failures
DEBUG flwr 2024-02-26 02:04:57,303 | server.py:218 | fit_round 79: strategy sampled 15 clients (out of 50)
DEBUG flwr 2024-02-26 02:06:59,003 | server.py:232 | fit_round 79 received 15 results and 0 failures
INFO flwr 2024-02-26 02:07:38,269 | server.py:119 | fit progress: (79, 144.04921174049377, {'accuracy': 0.6842}, 13691.974750324967)
DEBUG flwr 2024-02-26 02:07:38,270 | server.py:168 | evaluate_round 79: strategy sampled 15 clients (out of 50)
DEBUG flwr 2024-02-26 02:07:50,942 | server.py:182 | evaluate_round 79 received 15 results and 0 failures
DEBUG flwr 2024-02-26 02:07:50,943 | server.py:218 | fit_round 80: strategy sampled 15 clients (out of 50)
DEBUG flwr 2024-02-26 02:09:53,171 | server.py:232 | fit_round 80 received 15 results and 0 failures
INFO flwr 2024-02-26 02:10:33,609 | server.py:119 | fit progress: (80, 143.13738077878952, {'accuracy': 0.6752}, 13867.314742462011)
DEBUG flwr 2024-02-26 02:10:33,610 | server.py:168 | evaluate_round 80: strategy sampled 15 clients (out of 50)
DEBUG flwr 2024-02-26 02:10:46,035 | server.py:182 | evaluate_round 80 received 15 results and 0 failures
DEBUG flwr 2024-02-26 02:10:46,035 | server.py:218 | fit_round 81: strategy sampled 15 clients (out of 50)
DEBUG flwr 2024-02-26 02:12:46,391 | server.py:232 | fit_round 81 received 15 results and 0 failures
INFO flwr 2024-02-26 02:13:27,430 | server.py:119 | fit progress: (81, 149.47103315591812, {'accuracy': 0.6672}, 14041.135700265062)
DEBUG flwr 2024-02-26 02:13:27,431 | server.py:168 | evaluate_round 81: strategy sampled 15 clients (out of 50)
DEBUG flwr 2024-02-26 02:13:39,880 | server.py:182 | evaluate_round 81 received 15 results and 0 failures
DEBUG flwr 2024-02-26 02:13:39,880 | server.py:218 | fit_round 82: strategy sampled 15 clients (out of 50)
DEBUG flwr 2024-02-26 02:15:40,404 | server.py:232 | fit_round 82 received 15 results and 0 failures
INFO flwr 2024-02-26 02:16:22,118 | server.py:119 | fit progress: (82, 139.58872640132904, {'accuracy': 0.673}, 14215.823506516055)
DEBUG flwr 2024-02-26 02:16:22,118 | server.py:168 | evaluate_round 82: strategy sampled 15 clients (out of 50)
DEBUG flwr 2024-02-26 02:16:34,273 | server.py:182 | evaluate_round 82 received 15 results and 0 failures
DEBUG flwr 2024-02-26 02:16:34,274 | server.py:218 | fit_round 83: strategy sampled 15 clients (out of 50)
DEBUG flwr 2024-02-26 02:18:37,894 | server.py:232 | fit_round 83 received 15 results and 0 failures
INFO flwr 2024-02-26 02:19:18,296 | server.py:119 | fit progress: (83, 127.1296696960926, {'accuracy': 0.6817}, 14392.001826983993)
DEBUG flwr 2024-02-26 02:19:18,297 | server.py:168 | evaluate_round 83: strategy sampled 15 clients (out of 50)
DEBUG flwr 2024-02-26 02:19:31,173 | server.py:182 | evaluate_round 83 received 15 results and 0 failures
DEBUG flwr 2024-02-26 02:19:31,173 | server.py:218 | fit_round 84: strategy sampled 15 clients (out of 50)
DEBUG flwr 2024-02-26 02:21:31,411 | server.py:232 | fit_round 84 received 15 results and 0 failures
INFO flwr 2024-02-26 02:22:12,130 | server.py:119 | fit progress: (84, 135.282177567482, {'accuracy': 0.6758}, 14565.835824026959)
DEBUG flwr 2024-02-26 02:22:12,131 | server.py:168 | evaluate_round 84: strategy sampled 15 clients (out of 50)
DEBUG flwr 2024-02-26 02:22:24,711 | server.py:182 | evaluate_round 84 received 15 results and 0 failures
DEBUG flwr 2024-02-26 02:22:24,712 | server.py:218 | fit_round 85: strategy sampled 15 clients (out of 50)
DEBUG flwr 2024-02-26 02:24:26,389 | server.py:232 | fit_round 85 received 15 results and 0 failures
INFO flwr 2024-02-26 02:25:08,209 | server.py:119 | fit progress: (85, 135.5277295410633, {'accuracy': 0.679}, 14741.914420919959)
DEBUG flwr 2024-02-26 02:25:08,209 | server.py:168 | evaluate_round 85: strategy sampled 15 clients (out of 50)
DEBUG flwr 2024-02-26 02:25:20,246 | server.py:182 | evaluate_round 85 received 15 results and 0 failures
DEBUG flwr 2024-02-26 02:25:20,247 | server.py:218 | fit_round 86: strategy sampled 15 clients (out of 50)
DEBUG flwr 2024-02-26 02:27:24,165 | server.py:232 | fit_round 86 received 15 results and 0 failures
INFO flwr 2024-02-26 02:28:04,861 | server.py:119 | fit progress: (86, 134.50272178649902, {'accuracy': 0.675}, 14918.566284168046)
DEBUG flwr 2024-02-26 02:28:04,861 | server.py:168 | evaluate_round 86: strategy sampled 15 clients (out of 50)
DEBUG flwr 2024-02-26 02:28:17,650 | server.py:182 | evaluate_round 86 received 15 results and 0 failures
DEBUG flwr 2024-02-26 02:28:17,650 | server.py:218 | fit_round 87: strategy sampled 15 clients (out of 50)
DEBUG flwr 2024-02-26 02:30:22,462 | server.py:232 | fit_round 87 received 15 results and 0 failures
INFO flwr 2024-02-26 02:31:01,829 | server.py:119 | fit progress: (87, 130.13597947359085, {'accuracy': 0.681}, 15095.534348185058)
DEBUG flwr 2024-02-26 02:31:01,829 | server.py:168 | evaluate_round 87: strategy sampled 15 clients (out of 50)
DEBUG flwr 2024-02-26 02:31:13,847 | server.py:182 | evaluate_round 87 received 15 results and 0 failures
DEBUG flwr 2024-02-26 02:31:13,848 | server.py:218 | fit_round 88: strategy sampled 15 clients (out of 50)
DEBUG flwr 2024-02-26 02:33:16,473 | server.py:232 | fit_round 88 received 15 results and 0 failures
INFO flwr 2024-02-26 02:33:56,083 | server.py:119 | fit progress: (88, 136.9059692621231, {'accuracy': 0.6749}, 15269.788198946044)
DEBUG flwr 2024-02-26 02:33:56,083 | server.py:168 | evaluate_round 88: strategy sampled 15 clients (out of 50)
DEBUG flwr 2024-02-26 02:34:08,521 | server.py:182 | evaluate_round 88 received 15 results and 0 failures
DEBUG flwr 2024-02-26 02:34:08,522 | server.py:218 | fit_round 89: strategy sampled 15 clients (out of 50)
DEBUG flwr 2024-02-26 02:36:09,042 | server.py:232 | fit_round 89 received 15 results and 0 failures
INFO flwr 2024-02-26 02:36:48,249 | server.py:119 | fit progress: (89, 138.55427539348602, {'accuracy': 0.6751}, 15441.95410366205)
DEBUG flwr 2024-02-26 02:36:48,249 | server.py:168 | evaluate_round 89: strategy sampled 15 clients (out of 50)
DEBUG flwr 2024-02-26 02:37:00,628 | server.py:182 | evaluate_round 89 received 15 results and 0 failures
DEBUG flwr 2024-02-26 02:37:00,628 | server.py:218 | fit_round 90: strategy sampled 15 clients (out of 50)
DEBUG flwr 2024-02-26 02:39:04,428 | server.py:232 | fit_round 90 received 15 results and 0 failures
INFO flwr 2024-02-26 02:39:44,597 | server.py:119 | fit progress: (90, 144.37235927581787, {'accuracy': 0.6774}, 15618.302704356029)
DEBUG flwr 2024-02-26 02:39:44,598 | server.py:168 | evaluate_round 90: strategy sampled 15 clients (out of 50)
DEBUG flwr 2024-02-26 02:39:57,202 | server.py:182 | evaluate_round 90 received 15 results and 0 failures
DEBUG flwr 2024-02-26 02:39:57,202 | server.py:218 | fit_round 91: strategy sampled 15 clients (out of 50)
DEBUG flwr 2024-02-26 02:42:01,102 | server.py:232 | fit_round 91 received 15 results and 0 failures
INFO flwr 2024-02-26 02:42:39,529 | server.py:119 | fit progress: (91, 143.2192980647087, {'accuracy': 0.6723}, 15793.234632126987)
DEBUG flwr 2024-02-26 02:42:39,530 | server.py:168 | evaluate_round 91: strategy sampled 15 clients (out of 50)
DEBUG flwr 2024-02-26 02:42:51,945 | server.py:182 | evaluate_round 91 received 15 results and 0 failures
DEBUG flwr 2024-02-26 02:42:51,945 | server.py:218 | fit_round 92: strategy sampled 15 clients (out of 50)
DEBUG flwr 2024-02-26 02:44:52,023 | server.py:232 | fit_round 92 received 15 results and 0 failures
INFO flwr 2024-02-26 02:45:30,463 | server.py:119 | fit progress: (92, 146.89868080615997, {'accuracy': 0.6746}, 15964.168163613067)
DEBUG flwr 2024-02-26 02:45:30,463 | server.py:168 | evaluate_round 92: strategy sampled 15 clients (out of 50)
DEBUG flwr 2024-02-26 02:45:43,043 | server.py:182 | evaluate_round 92 received 15 results and 0 failures
DEBUG flwr 2024-02-26 02:45:43,044 | server.py:218 | fit_round 93: strategy sampled 15 clients (out of 50)
DEBUG flwr 2024-02-26 02:47:43,593 | server.py:232 | fit_round 93 received 15 results and 0 failures
INFO flwr 2024-02-26 02:48:23,157 | server.py:119 | fit progress: (93, 148.6105521917343, {'accuracy': 0.6752}, 16136.862358250073)
DEBUG flwr 2024-02-26 02:48:23,157 | server.py:168 | evaluate_round 93: strategy sampled 15 clients (out of 50)
DEBUG flwr 2024-02-26 02:48:36,105 | server.py:182 | evaluate_round 93 received 15 results and 0 failures
DEBUG flwr 2024-02-26 02:48:36,105 | server.py:218 | fit_round 94: strategy sampled 15 clients (out of 50)
DEBUG flwr 2024-02-26 02:50:40,180 | server.py:232 | fit_round 94 received 15 results and 0 failures
INFO flwr 2024-02-26 02:51:20,494 | server.py:119 | fit progress: (94, 129.49992418289185, {'accuracy': 0.6767}, 16314.199220917071)
DEBUG flwr 2024-02-26 02:51:20,494 | server.py:168 | evaluate_round 94: strategy sampled 15 clients (out of 50)
DEBUG flwr 2024-02-26 02:51:33,015 | server.py:182 | evaluate_round 94 received 15 results and 0 failures
DEBUG flwr 2024-02-26 02:51:33,016 | server.py:218 | fit_round 95: strategy sampled 15 clients (out of 50)
DEBUG flwr 2024-02-26 02:53:34,409 | server.py:232 | fit_round 95 received 15 results and 0 failures
Error executing job with overrides: []
Traceback (most recent call last):
  File "/dcs/pg23/u1912321/Documents/PhD/Finalised_Algorithm_ResNet/main.py", line 47, in main
    nnet = fl.simulation.start_simulation(
           ^^^^^^^^^^^^^^^^^^^^^^^^^^^^^^^
  File "/dcs/pg23/u1912321/.local/lib/python3.11/site-packages/flwr/simulation/app.py", line 197, in start_simulation
    hist = _fl(
           ^^^^
  File "/dcs/pg23/u1912321/.local/lib/python3.11/site-packages/flwr/server/app.py", line 217, in _fl
    hist = server.fit(num_rounds=config.num_rounds, timeout=config.round_timeout)
           ^^^^^^^^^^^^^^^^^^^^^^^^^^^^^^^^^^^^^^^^^^^^^^^^^^^^^^^^^^^^^^^^^^^^^^
  File "/dcs/pg23/u1912321/.local/lib/python3.11/site-packages/flwr/server/server.py", line 106, in fit
    res_fit = self.fit_round(server_round=current_round, timeout=timeout)
              ^^^^^^^^^^^^^^^^^^^^^^^^^^^^^^^^^^^^^^^^^^^^^^^^^^^^^^^^^^^
  File "/dcs/pg23/u1912321/.local/lib/python3.11/site-packages/flwr/server/server.py", line 244, in fit_round
    ] = self.strategy.aggregate_fit(server_round, results, failures)
        ^^^^^^^^^^^^^^^^^^^^^^^^^^^^^^^^^^^^^^^^^^^^^^^^^^^^^^^^^^^^
  File "/dcs/pg23/u1912321/Documents/PhD/Finalised_Algorithm_ResNet/bd_strategy.py", line 424, in aggregate_fit
    comb_C, record, acc_diff, highest_accuracy, lowest_accuracy, e = full_clustering(parameter, client_id, malicious, fcw, "fcw", server_round, individual_acc, e, highest_accuracy, lowest_accuracy)
                                                                     ^^^^^^^^^^^^^^^^^^^^^^^^^^^^^^^^^^^^^^^^^^^^^^^^^^^^^^^^^^^^^^^^^^^^^^^^^^^^^^^^^^^^^^^^^^^^^^^^^^^^^^^^^^^^^^^^^^^^^^^^^^^^^^^^
  File "/dcs/pg23/u1912321/Documents/PhD/Finalised_Algorithm_ResNet/bd_strategy.py", line 1088, in full_clustering
    if accuracies[0][0] >= highest_accuracy:
       ~~~~~~~~~~~~~^^^
TypeError: 'int' object is not subscriptable

Set the environment variable HYDRA_FULL_ERROR=1 for a complete stack trace.
srun: error: gecko-03: task 0: Exited with exit code 1
