[2024-02-26 16:15:30,487][flwr][INFO] - Starting Flower simulation, config: ServerConfig(num_rounds=100, round_timeout=None)
[2024-02-26 16:15:42,057][flwr][INFO] - Flower VCE: Ray initialized with resources: {'accelerator_type:A10': 1.0, 'object_store_memory': 149810058854.0, 'node:__internal_head__': 1.0, 'GPU': 1.0, 'CPU': 96.0, 'memory': 339556803994.0, 'node:10.131.34.75': 1.0}
[2024-02-26 16:15:42,058][flwr][INFO] - Initializing global parameters
[2024-02-26 16:15:42,058][flwr][INFO] - Using initial parameters provided by strategy
[2024-02-26 16:15:42,058][flwr][INFO] - Evaluating initial parameters
[2024-02-26 16:15:47,842][flwr][INFO] - initial parameters (loss, other metrics): 183.22195506095886, {'accuracy': 0.0897}
[2024-02-26 16:15:47,842][flwr][INFO] - FL starting
[2024-02-26 16:15:47,843][flwr][DEBUG] - fit_round 1: strategy sampled 10 clients (out of 20)
[2024-02-26 16:18:33,279][flwr][DEBUG] - fit_round 1 received 10 results and 0 failures
[2024-02-26 16:19:02,176][flwr][WARNING] - No fit_metrics_aggregation_fn provided
[2024-02-26 16:19:07,073][flwr][INFO] - fit progress: (1, 185.14505171775818, {'accuracy': 0.1}, 199.23053462209646)
[2024-02-26 16:19:07,073][flwr][DEBUG] - evaluate_round 1: strategy sampled 10 clients (out of 20)
[2024-02-26 16:19:16,182][flwr][DEBUG] - evaluate_round 1 received 10 results and 0 failures
[2024-02-26 16:19:16,183][flwr][DEBUG] - fit_round 2: strategy sampled 10 clients (out of 20)
[2024-02-26 16:21:58,091][flwr][DEBUG] - fit_round 2 received 10 results and 0 failures
[2024-02-26 16:22:35,816][flwr][INFO] - fit progress: (2, 175.97680640220642, {'accuracy': 0.1304}, 407.97326513403095)
[2024-02-26 16:22:35,816][flwr][DEBUG] - evaluate_round 2: strategy sampled 10 clients (out of 20)
[2024-02-26 16:22:45,019][flwr][DEBUG] - evaluate_round 2 received 10 results and 0 failures
[2024-02-26 16:22:45,020][flwr][DEBUG] - fit_round 3: strategy sampled 10 clients (out of 20)
[2024-02-26 16:25:26,126][flwr][DEBUG] - fit_round 3 received 10 results and 0 failures
[2024-02-26 16:25:56,432][flwr][INFO] - fit progress: (3, 116.62253379821777, {'accuracy': 0.4613}, 608.5892501730705)
[2024-02-26 16:25:56,432][flwr][DEBUG] - evaluate_round 3: strategy sampled 10 clients (out of 20)
[2024-02-26 16:26:05,192][flwr][DEBUG] - evaluate_round 3 received 10 results and 0 failures
[2024-02-26 16:26:05,192][flwr][DEBUG] - fit_round 4: strategy sampled 10 clients (out of 20)
[2024-02-26 16:28:48,629][flwr][DEBUG] - fit_round 4 received 10 results and 0 failures
[2024-02-26 16:29:16,448][flwr][INFO] - fit progress: (4, 100.66917771100998, {'accuracy': 0.5506}, 808.6053461810807)
[2024-02-26 16:29:16,448][flwr][DEBUG] - evaluate_round 4: strategy sampled 10 clients (out of 20)
[2024-02-26 16:29:25,463][flwr][DEBUG] - evaluate_round 4 received 10 results and 0 failures
[2024-02-26 16:29:25,464][flwr][DEBUG] - fit_round 5: strategy sampled 10 clients (out of 20)
[2024-02-26 16:32:06,353][flwr][DEBUG] - fit_round 5 received 10 results and 0 failures
[2024-02-26 16:32:35,113][flwr][INFO] - fit progress: (5, 102.36462831497192, {'accuracy': 0.5898}, 1007.2707310550613)
[2024-02-26 16:32:35,114][flwr][DEBUG] - evaluate_round 5: strategy sampled 10 clients (out of 20)
[2024-02-26 16:32:44,021][flwr][DEBUG] - evaluate_round 5 received 10 results and 0 failures
[2024-02-26 16:32:44,021][flwr][DEBUG] - fit_round 6: strategy sampled 10 clients (out of 20)
[2024-02-26 16:35:22,856][flwr][DEBUG] - fit_round 6 received 10 results and 0 failures
[2024-02-26 16:35:51,908][flwr][INFO] - fit progress: (6, 104.72612220048904, {'accuracy': 0.6075}, 1204.0657377600437)
[2024-02-26 16:35:51,908][flwr][DEBUG] - evaluate_round 6: strategy sampled 10 clients (out of 20)
[2024-02-26 16:36:01,036][flwr][DEBUG] - evaluate_round 6 received 10 results and 0 failures
[2024-02-26 16:36:01,037][flwr][DEBUG] - fit_round 7: strategy sampled 10 clients (out of 20)
[2024-02-26 16:38:42,603][flwr][DEBUG] - fit_round 7 received 10 results and 0 failures
[2024-02-26 16:39:11,259][flwr][INFO] - fit progress: (7, 102.65127843618393, {'accuracy': 0.6286}, 1403.41628356406)
[2024-02-26 16:39:11,259][flwr][DEBUG] - evaluate_round 7: strategy sampled 10 clients (out of 20)
[2024-02-26 16:39:19,981][flwr][DEBUG] - evaluate_round 7 received 10 results and 0 failures
[2024-02-26 16:39:19,981][flwr][DEBUG] - fit_round 8: strategy sampled 10 clients (out of 20)
[2024-02-26 16:42:02,451][flwr][DEBUG] - fit_round 8 received 10 results and 0 failures
[2024-02-26 16:42:31,026][flwr][INFO] - fit progress: (8, 106.34884667396545, {'accuracy': 0.6415}, 1603.183666260098)
[2024-02-26 16:42:31,026][flwr][DEBUG] - evaluate_round 8: strategy sampled 10 clients (out of 20)
[2024-02-26 16:42:39,738][flwr][DEBUG] - evaluate_round 8 received 10 results and 0 failures
[2024-02-26 16:42:39,738][flwr][DEBUG] - fit_round 9: strategy sampled 10 clients (out of 20)
[2024-02-26 16:45:20,527][flwr][DEBUG] - fit_round 9 received 10 results and 0 failures
[2024-02-26 16:45:49,231][flwr][INFO] - fit progress: (9, 101.85709381103516, {'accuracy': 0.6559}, 1801.3887347890995)
[2024-02-26 16:45:49,231][flwr][DEBUG] - evaluate_round 9: strategy sampled 10 clients (out of 20)
[2024-02-26 16:45:58,279][flwr][DEBUG] - evaluate_round 9 received 10 results and 0 failures
[2024-02-26 16:45:58,279][flwr][DEBUG] - fit_round 10: strategy sampled 10 clients (out of 20)
[2024-02-26 16:48:39,681][flwr][DEBUG] - fit_round 10 received 10 results and 0 failures
[2024-02-26 16:49:09,144][flwr][INFO] - fit progress: (10, 108.57046562433243, {'accuracy': 0.6563}, 2001.3019493260654)
[2024-02-26 16:49:09,145][flwr][DEBUG] - evaluate_round 10: strategy sampled 10 clients (out of 20)
[2024-02-26 16:49:18,081][flwr][DEBUG] - evaluate_round 10 received 10 results and 0 failures
[2024-02-26 16:49:18,082][flwr][DEBUG] - fit_round 11: strategy sampled 10 clients (out of 20)
[2024-02-26 16:51:59,581][flwr][DEBUG] - fit_round 11 received 10 results and 0 failures
[2024-02-26 16:52:29,050][flwr][INFO] - fit progress: (11, 103.02996808290482, {'accuracy': 0.6643}, 2201.207063065027)
[2024-02-26 16:52:29,050][flwr][DEBUG] - evaluate_round 11: strategy sampled 10 clients (out of 20)
[2024-02-26 16:52:37,602][flwr][DEBUG] - evaluate_round 11 received 10 results and 0 failures
[2024-02-26 16:52:37,602][flwr][DEBUG] - fit_round 12: strategy sampled 10 clients (out of 20)
[2024-02-26 16:55:19,009][flwr][DEBUG] - fit_round 12 received 10 results and 0 failures
[2024-02-26 16:55:48,711][flwr][INFO] - fit progress: (12, 103.3764877319336, {'accuracy': 0.6798}, 2400.868510356988)
[2024-02-26 16:55:48,711][flwr][DEBUG] - evaluate_round 12: strategy sampled 10 clients (out of 20)
[2024-02-26 16:55:57,647][flwr][DEBUG] - evaluate_round 12 received 10 results and 0 failures
[2024-02-26 16:55:57,648][flwr][DEBUG] - fit_round 13: strategy sampled 10 clients (out of 20)
[2024-02-26 16:58:38,291][flwr][DEBUG] - fit_round 13 received 10 results and 0 failures
[2024-02-26 16:59:07,696][flwr][INFO] - fit progress: (13, 112.07567942142487, {'accuracy': 0.667}, 2599.8534359690966)
[2024-02-26 16:59:07,696][flwr][DEBUG] - evaluate_round 13: strategy sampled 10 clients (out of 20)
[2024-02-26 16:59:16,497][flwr][DEBUG] - evaluate_round 13 received 10 results and 0 failures
[2024-02-26 16:59:16,497][flwr][DEBUG] - fit_round 14: strategy sampled 10 clients (out of 20)
[2024-02-26 17:01:57,102][flwr][DEBUG] - fit_round 14 received 10 results and 0 failures
[2024-02-26 17:02:24,961][flwr][INFO] - fit progress: (14, 107.44922482967377, {'accuracy': 0.6779}, 2797.11839019903)
[2024-02-26 17:02:24,961][flwr][DEBUG] - evaluate_round 14: strategy sampled 10 clients (out of 20)
[2024-02-26 17:02:34,175][flwr][DEBUG] - evaluate_round 14 received 10 results and 0 failures
[2024-02-26 17:02:34,176][flwr][DEBUG] - fit_round 15: strategy sampled 10 clients (out of 20)
[2024-02-26 17:05:16,022][flwr][DEBUG] - fit_round 15 received 10 results and 0 failures
[2024-02-26 17:05:45,994][flwr][INFO] - fit progress: (15, 108.97149354219437, {'accuracy': 0.6803}, 2998.1511165020056)
[2024-02-26 17:05:45,994][flwr][DEBUG] - evaluate_round 15: strategy sampled 10 clients (out of 20)
[2024-02-26 17:05:54,919][flwr][DEBUG] - evaluate_round 15 received 10 results and 0 failures
[2024-02-26 17:05:54,920][flwr][DEBUG] - fit_round 16: strategy sampled 10 clients (out of 20)
[2024-02-26 17:08:35,883][flwr][DEBUG] - fit_round 16 received 10 results and 0 failures
[2024-02-26 17:09:04,196][flwr][INFO] - fit progress: (16, 114.20634233951569, {'accuracy': 0.6803}, 3196.353004509001)
[2024-02-26 17:09:04,196][flwr][DEBUG] - evaluate_round 16: strategy sampled 10 clients (out of 20)
[2024-02-26 17:09:13,404][flwr][DEBUG] - evaluate_round 16 received 10 results and 0 failures
[2024-02-26 17:09:13,404][flwr][DEBUG] - fit_round 17: strategy sampled 10 clients (out of 20)
[2024-02-26 17:11:54,616][flwr][DEBUG] - fit_round 17 received 10 results and 0 failures
[2024-02-26 17:12:22,957][flwr][INFO] - fit progress: (17, 109.57494938373566, {'accuracy': 0.6827}, 3395.1146905700443)
[2024-02-26 17:12:22,957][flwr][DEBUG] - evaluate_round 17: strategy sampled 10 clients (out of 20)
[2024-02-26 17:12:31,887][flwr][DEBUG] - evaluate_round 17 received 10 results and 0 failures
[2024-02-26 17:12:31,887][flwr][DEBUG] - fit_round 18: strategy sampled 10 clients (out of 20)
[2024-02-26 17:15:12,922][flwr][DEBUG] - fit_round 18 received 10 results and 0 failures
[2024-02-26 17:15:41,967][flwr][INFO] - fit progress: (18, 108.55598986148834, {'accuracy': 0.692}, 3594.124990634038)
[2024-02-26 17:15:41,968][flwr][DEBUG] - evaluate_round 18: strategy sampled 10 clients (out of 20)
[2024-02-26 17:15:50,854][flwr][DEBUG] - evaluate_round 18 received 10 results and 0 failures
[2024-02-26 17:15:50,855][flwr][DEBUG] - fit_round 19: strategy sampled 10 clients (out of 20)
[2024-02-26 17:18:32,018][flwr][DEBUG] - fit_round 19 received 10 results and 0 failures
[2024-02-26 17:19:00,046][flwr][INFO] - fit progress: (19, 147.33443784713745, {'accuracy': 0.6227}, 3792.2039183910238)
[2024-02-26 17:19:00,047][flwr][DEBUG] - evaluate_round 19: strategy sampled 10 clients (out of 20)
[2024-02-26 17:19:08,888][flwr][DEBUG] - evaluate_round 19 received 10 results and 0 failures
[2024-02-26 17:19:08,888][flwr][DEBUG] - fit_round 20: strategy sampled 10 clients (out of 20)
[2024-02-26 17:21:51,716][flwr][DEBUG] - fit_round 20 received 10 results and 0 failures
[2024-02-26 17:22:21,192][flwr][INFO] - fit progress: (20, 108.67890477180481, {'accuracy': 0.6872}, 3993.3494636130054)
[2024-02-26 17:22:21,192][flwr][DEBUG] - evaluate_round 20: strategy sampled 10 clients (out of 20)
[2024-02-26 17:22:29,998][flwr][DEBUG] - evaluate_round 20 received 10 results and 0 failures
[2024-02-26 17:22:29,998][flwr][DEBUG] - fit_round 21: strategy sampled 10 clients (out of 20)
[2024-02-26 17:25:10,095][flwr][DEBUG] - fit_round 21 received 10 results and 0 failures
[2024-02-26 17:25:40,625][flwr][INFO] - fit progress: (21, 109.36337924003601, {'accuracy': 0.6936}, 4192.78245542408)
[2024-02-26 17:25:40,625][flwr][DEBUG] - evaluate_round 21: strategy sampled 10 clients (out of 20)
[2024-02-26 17:25:49,575][flwr][DEBUG] - evaluate_round 21 received 10 results and 0 failures
[2024-02-26 17:25:49,576][flwr][DEBUG] - fit_round 22: strategy sampled 10 clients (out of 20)
[2024-02-26 17:28:30,595][flwr][DEBUG] - fit_round 22 received 10 results and 0 failures
[2024-02-26 17:28:59,358][flwr][INFO] - fit progress: (22, 109.81040418148041, {'accuracy': 0.6984}, 4391.51503983303)
[2024-02-26 17:28:59,358][flwr][DEBUG] - evaluate_round 22: strategy sampled 10 clients (out of 20)
[2024-02-26 17:29:08,504][flwr][DEBUG] - evaluate_round 22 received 10 results and 0 failures
[2024-02-26 17:29:08,505][flwr][DEBUG] - fit_round 23: strategy sampled 10 clients (out of 20)
[2024-02-26 17:31:48,086][flwr][DEBUG] - fit_round 23 received 10 results and 0 failures
[2024-02-26 17:32:17,101][flwr][INFO] - fit progress: (23, 112.92853474617004, {'accuracy': 0.6882}, 4589.2584737259895)
[2024-02-26 17:32:17,101][flwr][DEBUG] - evaluate_round 23: strategy sampled 10 clients (out of 20)
[2024-02-26 17:32:26,240][flwr][DEBUG] - evaluate_round 23 received 10 results and 0 failures
[2024-02-26 17:32:26,241][flwr][DEBUG] - fit_round 24: strategy sampled 10 clients (out of 20)
[2024-02-26 17:35:05,849][flwr][DEBUG] - fit_round 24 received 10 results and 0 failures
[2024-02-26 17:35:35,939][flwr][INFO] - fit progress: (24, 113.05823230743408, {'accuracy': 0.6942}, 4788.096513853059)
[2024-02-26 17:35:35,939][flwr][DEBUG] - evaluate_round 24: strategy sampled 10 clients (out of 20)
[2024-02-26 17:35:44,960][flwr][DEBUG] - evaluate_round 24 received 10 results and 0 failures
[2024-02-26 17:35:44,961][flwr][DEBUG] - fit_round 25: strategy sampled 10 clients (out of 20)
[2024-02-26 17:38:24,173][flwr][DEBUG] - fit_round 25 received 10 results and 0 failures
[2024-02-26 17:38:52,747][flwr][INFO] - fit progress: (25, 114.50202071666718, {'accuracy': 0.6951}, 4984.9046579709975)
[2024-02-26 17:38:52,747][flwr][DEBUG] - evaluate_round 25: strategy sampled 10 clients (out of 20)
[2024-02-26 17:39:01,638][flwr][DEBUG] - evaluate_round 25 received 10 results and 0 failures
[2024-02-26 17:39:01,639][flwr][DEBUG] - fit_round 26: strategy sampled 10 clients (out of 20)
[2024-02-26 17:41:42,611][flwr][DEBUG] - fit_round 26 received 10 results and 0 failures
[2024-02-26 17:42:10,278][flwr][INFO] - fit progress: (26, 112.38739705085754, {'accuracy': 0.7028}, 5182.435583528015)
[2024-02-26 17:42:10,278][flwr][DEBUG] - evaluate_round 26: strategy sampled 10 clients (out of 20)
[2024-02-26 17:42:18,960][flwr][DEBUG] - evaluate_round 26 received 10 results and 0 failures
[2024-02-26 17:42:18,960][flwr][DEBUG] - fit_round 27: strategy sampled 10 clients (out of 20)
[2024-02-26 17:44:58,611][flwr][DEBUG] - fit_round 27 received 10 results and 0 failures
[2024-02-26 17:45:27,288][flwr][INFO] - fit progress: (27, 115.33197194337845, {'accuracy': 0.7007}, 5379.445481706061)
[2024-02-26 17:45:27,288][flwr][DEBUG] - evaluate_round 27: strategy sampled 10 clients (out of 20)
[2024-02-26 17:45:35,981][flwr][DEBUG] - evaluate_round 27 received 10 results and 0 failures
[2024-02-26 17:45:35,982][flwr][DEBUG] - fit_round 28: strategy sampled 10 clients (out of 20)
[2024-02-26 17:48:16,523][flwr][DEBUG] - fit_round 28 received 10 results and 0 failures
[2024-02-26 17:48:46,069][flwr][INFO] - fit progress: (28, 117.54274374246597, {'accuracy': 0.7003}, 5578.226798720076)
[2024-02-26 17:48:46,070][flwr][DEBUG] - evaluate_round 28: strategy sampled 10 clients (out of 20)
[2024-02-26 17:48:54,919][flwr][DEBUG] - evaluate_round 28 received 10 results and 0 failures
[2024-02-26 17:48:54,919][flwr][DEBUG] - fit_round 29: strategy sampled 10 clients (out of 20)
[2024-02-26 17:51:36,352][flwr][DEBUG] - fit_round 29 received 10 results and 0 failures
[2024-02-26 17:52:06,080][flwr][INFO] - fit progress: (29, 119.04638570547104, {'accuracy': 0.7006}, 5778.237611828023)
[2024-02-26 17:52:06,081][flwr][DEBUG] - evaluate_round 29: strategy sampled 10 clients (out of 20)
[2024-02-26 17:52:15,001][flwr][DEBUG] - evaluate_round 29 received 10 results and 0 failures
[2024-02-26 17:52:15,001][flwr][DEBUG] - fit_round 30: strategy sampled 10 clients (out of 20)
[2024-02-26 17:54:57,479][flwr][DEBUG] - fit_round 30 received 10 results and 0 failures
[2024-02-26 17:55:24,749][flwr][INFO] - fit progress: (30, 116.17217236757278, {'accuracy': 0.6976}, 5976.906507156091)
[2024-02-26 17:55:24,749][flwr][DEBUG] - evaluate_round 30: strategy sampled 10 clients (out of 20)
[2024-02-26 17:55:33,742][flwr][DEBUG] - evaluate_round 30 received 10 results and 0 failures
[2024-02-26 17:55:33,742][flwr][DEBUG] - fit_round 31: strategy sampled 10 clients (out of 20)
[2024-02-26 17:58:12,820][flwr][DEBUG] - fit_round 31 received 10 results and 0 failures
[2024-02-26 17:58:40,044][flwr][INFO] - fit progress: (31, 117.27312982082367, {'accuracy': 0.6997}, 6172.2018610910745)
[2024-02-26 17:58:40,045][flwr][DEBUG] - evaluate_round 31: strategy sampled 10 clients (out of 20)
[2024-02-26 17:58:48,880][flwr][DEBUG] - evaluate_round 31 received 10 results and 0 failures
[2024-02-26 17:58:48,880][flwr][DEBUG] - fit_round 32: strategy sampled 10 clients (out of 20)
[2024-02-26 18:01:30,128][flwr][DEBUG] - fit_round 32 received 10 results and 0 failures
[2024-02-26 18:01:58,976][flwr][INFO] - fit progress: (32, 131.38441860675812, {'accuracy': 0.6892}, 6371.133601300069)
[2024-02-26 18:01:58,976][flwr][DEBUG] - evaluate_round 32: strategy sampled 10 clients (out of 20)
[2024-02-26 18:02:07,718][flwr][DEBUG] - evaluate_round 32 received 10 results and 0 failures
[2024-02-26 18:02:07,719][flwr][DEBUG] - fit_round 33: strategy sampled 10 clients (out of 20)
[2024-02-26 18:04:47,755][flwr][DEBUG] - fit_round 33 received 10 results and 0 failures
[2024-02-26 18:05:17,410][flwr][INFO] - fit progress: (33, 122.45983177423477, {'accuracy': 0.6995}, 6569.567516401992)
[2024-02-26 18:05:17,410][flwr][DEBUG] - evaluate_round 33: strategy sampled 10 clients (out of 20)
[2024-02-26 18:05:26,004][flwr][DEBUG] - evaluate_round 33 received 10 results and 0 failures
[2024-02-26 18:05:26,004][flwr][DEBUG] - fit_round 34: strategy sampled 10 clients (out of 20)
[2024-02-26 18:08:07,914][flwr][DEBUG] - fit_round 34 received 10 results and 0 failures
[2024-02-26 18:08:37,152][flwr][INFO] - fit progress: (34, 120.30371344089508, {'accuracy': 0.6995}, 6769.3099272950785)
[2024-02-26 18:08:37,153][flwr][DEBUG] - evaluate_round 34: strategy sampled 10 clients (out of 20)
[2024-02-26 18:08:45,815][flwr][DEBUG] - evaluate_round 34 received 10 results and 0 failures
[2024-02-26 18:08:45,815][flwr][DEBUG] - fit_round 35: strategy sampled 10 clients (out of 20)
[2024-02-26 18:11:28,802][flwr][DEBUG] - fit_round 35 received 10 results and 0 failures
[2024-02-26 18:11:58,859][flwr][INFO] - fit progress: (35, 125.36138808727264, {'accuracy': 0.6946}, 6971.016327498015)
[2024-02-26 18:11:58,859][flwr][DEBUG] - evaluate_round 35: strategy sampled 10 clients (out of 20)
[2024-02-26 18:12:07,450][flwr][DEBUG] - evaluate_round 35 received 10 results and 0 failures
[2024-02-26 18:12:07,450][flwr][DEBUG] - fit_round 36: strategy sampled 10 clients (out of 20)
[2024-02-26 18:14:48,920][flwr][DEBUG] - fit_round 36 received 10 results and 0 failures
[2024-02-26 18:15:18,557][flwr][INFO] - fit progress: (36, 126.05097818374634, {'accuracy': 0.6838}, 7170.7145229540765)
[2024-02-26 18:15:18,557][flwr][DEBUG] - evaluate_round 36: strategy sampled 10 clients (out of 20)
[2024-02-26 18:15:27,137][flwr][DEBUG] - evaluate_round 36 received 10 results and 0 failures
[2024-02-26 18:15:27,138][flwr][DEBUG] - fit_round 37: strategy sampled 10 clients (out of 20)
[2024-02-26 18:18:09,157][flwr][DEBUG] - fit_round 37 received 10 results and 0 failures
[2024-02-26 18:18:35,858][flwr][INFO] - fit progress: (37, 117.47147196531296, {'accuracy': 0.6996}, 7368.01557775808)
[2024-02-26 18:18:35,858][flwr][DEBUG] - evaluate_round 37: strategy sampled 10 clients (out of 20)
[2024-02-26 18:18:44,849][flwr][DEBUG] - evaluate_round 37 received 10 results and 0 failures
[2024-02-26 18:18:44,850][flwr][DEBUG] - fit_round 38: strategy sampled 10 clients (out of 20)
[2024-02-26 18:21:26,456][flwr][DEBUG] - fit_round 38 received 10 results and 0 failures
[2024-02-26 18:21:53,965][flwr][INFO] - fit progress: (38, 127.1670104265213, {'accuracy': 0.6993}, 7566.122784188017)
[2024-02-26 18:21:53,966][flwr][DEBUG] - evaluate_round 38: strategy sampled 10 clients (out of 20)
[2024-02-26 18:22:03,025][flwr][DEBUG] - evaluate_round 38 received 10 results and 0 failures
[2024-02-26 18:22:03,025][flwr][DEBUG] - fit_round 39: strategy sampled 10 clients (out of 20)
[2024-02-26 18:24:43,376][flwr][DEBUG] - fit_round 39 received 10 results and 0 failures
